******************************************************************************
              TMS320C55x Linker PC v4.4.1                      
******************************************************************************
>> Linked Sun Oct 27 15:01:53 2024

OUTPUT FILE NAME:   <Teste05.out>
ENTRY POINT SYMBOL: "_c_int00"  address: 00006e42


MEMORY CONFIGURATION

         name            origin    length      used     unused   attr    fill
                        (bytes)   (bytes)    (bytes)   (bytes)
----------------------  --------  ---------  --------  --------  ----  --------
  MMR                   00000000   000000c0  00000000  000000c0  RWIX
  DARAM0                000000c0   00001f40  00000d44  000011fc  RWIX
  DARAM1                00002000   00002000  00001ffe  00000002  RWIX
  DARAM2                00004000   00002000  00001ff8  00000008  RWIX
  DARAM3                00006000   00002000  00000f80  00001080  RWIX
  DARAM4                00008000   00002000  00000400  00001c00  RWIX
  DARAM5                0000a000   00002000  000004d8  00001b28  RWIX
  DARAM6                0000c000   00002000  00000000  00002000  RWIX
  DARAM7                0000e000   00002000  00000000  00002000  RWIX
  CE0                   00010000   003f0000  00000000  003f0000  RWIX
  CE1                   00400000   00400000  00000000  00400000  RWIX
  CE2                   00800000   00400000  00000000  00400000  RWIX
  CE3                   00c00000   003f8000  00000000  003f8000  RWIX
  ROM                   00ff8000   00007f00  00000000  00007f00  RWIX
  VECS                  00ffff00   00000100  00000100  00000000  RWIX


SECTION ALLOCATION MAP
(Addresses surrounded by []'s are displayed for convenience only!)

output                                                          attributes/
section   page  orgn(bytes) orgn(words) len(bytes) len(words)   input sections
--------  ----  ----------- ----------- ---------- ----------   --------------
.const       0   [ 000000c0 ]  00000060          *   000001f4   
                 [ 000000c0 ]  00000060          *   00000101   rts55x.lib : ctype.obj (.const:__ctypes_)
                 [ 000002c2 ]  00000161          *   00000001   --HOLE-- [fill = 0]
                 [ 000002c4 ]  00000162          *   0000005c   principal.obj (.const:.string)
                 [ 0000037c ]  000001be          *   00000033   testeAIC3204.obj (.const:.string)
                 [ 000003e2 ]  000001f1          *   00000001   --HOLE-- [fill = 0]
                 [ 000003e4 ]  000001f2          *   00000024   rts55x.lib : _printfi.obj (.const:.string)
                 [ 0000042c ]  00000216          *   0000001b   ezdsp5502bsl.lib : ezdsp5502_mcbsp.obj (.const:_$P$T0$1)
                 [ 00000462 ]  00000231          *   00000001   --HOLE-- [fill = 0]
                 [ 00000464 ]  00000232          *   0000000c   rts55x.lib : _printfi.obj (.const)
                 [ 0000047c ]  0000023e          *   0000000a   ezdsp5502bsl.lib : ezdsp5502_i2c.obj (.const:_$P$T0$1)
                 [ 00000490 ]  00000248          *   00000008   rts55x.lib : divd.obj (.const:_initial_approx$1)
                 [ 000004a0 ]  00000250          *   00000002              : fputs.obj (.const:.string)
                 [ 000004a4 ]  00000252          *   00000002              : fltlid.obj (.const)

.cio         0   [ 000004a8 ]  00000254          *   00000120   UNINITIALIZED
                 [ 000004a8 ]  00000254          *   00000120   rts55x.lib : trgmsg.obj (.cio)

.cinit       0   [ 000006e8 ]  00000374          *   00000106   
                 [ 000006e8 ]  00000374          *   00000069   csl5502x.lib : csl_mcbspdat.obj (.cinit)
                 [ 000007ba ]  000003dd          *   0000002d   rts55x.lib : lowlev.obj (.cinit)
                 [ 00000814 ]  0000040a          *   0000002a              : defs.obj (.cinit)
                 [ 00000868 ]  00000434          *   00000025   csl5502x.lib : csl_csldat.obj (.cinit)
                 [ 000008b2 ]  00000459          *   0000000a   rts55x.lib : _lock.obj (.cinit)
                 [ 000008c6 ]  00000463          *   0000000a              : exit.obj (.cinit)
                 [ 000008da ]  0000046d          *   00000004   principal.obj (.cinit)
                 [ 000008e2 ]  00000471          *   00000004   rts55x.lib : fopen.obj (.cinit)
                 [ 000008ea ]  00000475          *   00000004              : memory.obj (.cinit)
                 [ 000008f2 ]  00000479          *   00000001   --HOLE-- [fill = 0]

.stack       0   [ 000008f4 ]  0000047a          *   00000100   UNINITIALIZED
                 [ 000008f4 ]  0000047a          *   00000100   --HOLE--

.sysstack 
*            0   [ 00000af4 ]  0000057a          *   00000100   UNINITIALIZED
                 [ 00000af4 ]  0000057a          *   00000100   --HOLE--

.csldata     0   [ 00000cf4 ]  0000067a          *   00000088   UNINITIALIZED
                 [ 00000cf4 ]  0000067a          *   00000066   csl5502x.lib : csl_mcbspdat.obj (.csldata:MCBSP_data)
                 [ 00000dc0 ]  000006e0          *   00000022                : csl_csldat.obj (.csldata:SYS_data)

.text.1      0     00002000  [ 00001000 ] 00001ffe          *   
                   00002000  [ 00001000 ] 000015a4          *   rts55x.lib : _printfi.obj (.text)
                   000035a4  [ 00001ad2 ] 00000543          *              : lowlev.obj (.text)
                   00003ae7  [ 00001d73+] 000004b5          *              : memory.obj (.text)
                   00003f9c  [ 00001fce ] 0000005c          *              : atoi.obj (.text)
                   00003ff8  [ 00001ffc ] 00000002          *   csl5502x.lib : csl.obj (.text)
                   00003ffa  [ 00001ffd ] 00000002          *   rts55x.lib : vectors.obj (.text)
                   00003ffc  [ 00001ffe ] 00000002          *   --HOLE-- [fill = 20]

.text.2      0     00004000  [ 00002000 ] 000019b6          *   
                   00004000  [ 00002000 ] 00000528          *   rts55x.lib : trgdrv.obj (.text)
                   00004528  [ 00002294 ] 000003cc          *              : divd.obj (.text)
                   000048f4  [ 0000247a ] 0000027f          *              : fopen.obj (.text)
                   00004b73  [ 000025b9 ] 00000001          *   --HOLE-- [fill = 20]
                   00004b74  [ 000025ba ] 00000261          *   csl5502x.lib : mcbsp_rst.obj (.text:MCBSP_reset)
                   00004dd5  [ 000026ea+] 0000025e          *   rts55x.lib : llmpy.obj (.text)
                   00005033  [ 00002819+] 0000025a          *              : addd.obj (.text)
                   0000528d  [ 00002946+] 0000024d          *   loopLineInAIC3204.obj (.text)
                   000054da  [ 00002a6d ] 000001ea          *   rts55x.lib : cmpd.obj (.text)
                   000056c4  [ 00002b62 ] 0000018e          *   csl5502x.lib : i2c_write.obj (.text:I2C_write)
                   00005852  [ 00002c29 ] 00000163          *   rts55x.lib : fputs.obj (.text)
                   000059b5  [ 00002cda ] 00000001          *   --HOLE-- [fill = 20]

.text.3      0     000059b8  [ 00002cdc ] 00000642          *   
                   000059b8  [ 00002cdc ] 0000015d          *   csl5502x.lib : i2c_read.obj (.text:I2C_read)
                   00005b15  [ 00002d8a+] 0000014e          *   ezdsp5502bsl.lib : ezdsp5502_i2cgpio.obj (.text)
                   00005c63  [ 00002e31+] 0000014c          *   rts55x.lib : mpyd.obj (.text)
                   00005daf  [ 00002ed7 ] 00000001          *   --HOLE-- [fill = 20]
                   00005db0  [ 00002ed8 ] 00000130          *   csl5502x.lib : mcbsp_cfg.obj (.text:MCBSP_config)
                   00005ee0  [ 00002f70 ] 000000ee          *                : mcbsp_open.obj (.text:MCBSP_open)
                   00005fce  [ 00002fe7 ] 0000002a          *   rts55x.lib : fixdi.obj (.text)
                   00005ff8  [ 00002ffc ] 00000002          *   --HOLE-- [fill = 20]

.text.4      0     00006000  [ 00003000 ] 000005f8          *   
                   00006000  [ 00003000 ] 000000e6          *   rts55x.lib : setvbuf.obj (.text)
                   000060e6  [ 00003073 ] 000000dd          *              : _io_perm.obj (.text)
                   000061c3  [ 000030e1+] 000000c2          *              : fflush.obj (.text)
                   00006285  [ 00003142+] 000000ba          *              : trgmsg.obj (.text:CIO_breakpoint)
                   0000633f  [ 0000319f+] 000000ba          *   ezdsp5502bsl.lib : ezdsp5502_mcbsp.obj (.text)
                   000063f9  [ 000031fc+] 000000b6          *   testeAIC3204.obj (.text)
                   000064af  [ 00003257+] 000000a6          *   rts55x.lib : fputc.obj (.text)
                   00006555  [ 000032aa+] 000000a1          *              : divul.obj (.text)
                   000065f6  [ 000032fb ] 00000002          *   --HOLE-- [fill = 20]

.text.5      0     000065f8  [ 000032fc ] 00000814          *   
                   000065f8  [ 000032fc ] 00000082          *   csl5502x.lib : mcbsp_start.obj (.text:MCBSP_start)
                   0000667a  [ 0000333d ] 0000007d          *   rts55x.lib : ltoa.obj (.text)
                   000066f7  [ 0000337b+] 0000007b          *              : fclose.obj (.text)
                   00006772  [ 000033b9 ] 00000076          *              : frcmpyd.obj (.text)
                   000067e8  [ 000033f4 ] 00000073          *              : frcmpyd_div.obj (.text)
                   0000685b  [ 0000342d ] 00000001          *   --HOLE-- [fill = 20]
                   0000685c  [ 0000342e ] 00000072          *   csl5502x.lib : i2c_cfg.obj (.text:I2C_config)
                   000068ce  [ 00003467 ] 00000072          *   rts55x.lib : remul.obj (.text)
                   00006940  [ 000034a0 ] 0000006f          *   ezdsp5502bsl.lib : ezdsp5502.obj (.text)
                   000069af  [ 000034d7+] 0000006f          *   rts55x.lib : fixdli.obj (.text)
                   00006a1e  [ 0000350f ] 0000006d          *   ezdsp5502bsl.lib : ezdsp5502_i2c.obj (.text)
                   00006a8b  [ 00003545+] 0000006d          *   rts55x.lib : trgmsg.obj (.text)
                   00006af8  [ 0000357c ] 0000006b          *              : fseek.obj (.text)
                   00006b63  [ 000035b1+] 00000067          *              : fltlid.obj (.text)
                   00006bca  [ 000035e5 ] 00000050          *              : printf.obj (.text)
                   00006c1a  [ 0000360d ] 0000004d          *              : autoinit.obj (.text)
                   00006c67  [ 00003633+] 0000004b          *              : args_main.obj (.text)
                   00006cb2  [ 00003659 ] 0000004b          *              : remli.obj (.text)
                   00006cfd  [ 0000367e+] 00000048          *   principal.obj (.text)
                   00006d45  [ 000036a2+] 00000048          *   rts55x.lib : divli.obj (.text)
                   00006d8d  [ 000036c6+] 0000003f          *              : memcpy.obj (.text)
                   00006dcc  [ 000036e6 ] 0000003e          *              : exit.obj (.text)
                   00006e0a  [ 00003705 ] 00000002          *   --HOLE-- [fill = 20]

.text.6      0     00006e0c  [ 00003706 ] 0000011c          *   
                   00006e0c  [ 00003706 ] 00000036          *   csl5502x.lib : mcbsp_cls.obj (.text:MCBSP_close)
                   00006e42  [ 00003721 ] 00000034          *   rts55x.lib : boot.obj (.text)
                   00006e76  [ 0000373b ] 0000002a          *              : udiv.obj (.text)
                   00006ea0  [ 00003750 ] 00000023          *              : memccpy.obj (.text)
                   00006ec3  [ 00003761+] 0000001a          *              : isinf.obj (.text)
                   00006edd  [ 0000376e+] 00000014          *              : subd.obj (.text)
                   00006ef1  [ 00003778+] 00000013          *              : lmpy.obj (.text)
                   00006f04  [ 00003782 ] 00000012          *              : _lock.obj (.text)
                   00006f16  [ 0000378b ] 00000010          *              : negd.obj (.text)
                   00006f26  [ 00003793 ] 00000002          *   --HOLE-- [fill = 20]

.text.7      0     00006f28  [ 00003794 ] 0000001e          *   
                   00006f28  [ 00003794 ] 0000000f          *   csl5502x.lib : irq_gdisab.obj (.text:IRQ_globalDisable)
                   00006f37  [ 0000379b ] 00000001          *   --HOLE-- [fill = 20]
                   00006f38  [ 0000379c ] 0000000d          *                : _csl_init.obj (.text:_CSL_init)
                   00006f45  [ 000037a2 ] 00000001          *   --HOLE-- [fill = 20]

.text.8      0     00006f48  [ 000037a4 ] 0000002a          *   
                   00006f48  [ 000037a4 ] 0000000c          *   csl5502x.lib : csl.obj (.text:CSL_init)
                   00006f54  [ 000037aa ] 0000000c          *                : irq_grest.obj (.text:IRQ_globalRestore)
                   00006f60  [ 000037b0 ] 0000000a          *   rts55x.lib : remove.obj (.text)
                   00006f6a  [ 000037b5 ] 00000007          *              : exit.obj (.text:CIO_breakpoint)
                   00006f71  [ 000037b8 ] 00000001          *   --HOLE-- [fill = 20]

.text.9      0     00006f74  [ 000037ba ] 00000010          *   
                   00006f74  [ 000037ba ] 00000007          *   csl5502x.lib : mcbsp_r16.obj (.text:MCBSP_read16)
                   00006f7b  [ 000037bd ] 00000001          *   --HOLE-- [fill = 20]
                   00006f7c  [ 000037be ] 00000007          *                : mcbsp_w16.obj (.text:MCBSP_write16)
                   00006f83  [ 000037c1 ] 00000001          *   --HOLE-- [fill = 20]

.sysmem      0   [ 00008000 ]  00004000          *   00000200   UNINITIALIZED
                 [ 00008000 ]  00004000          *   00000200   --HOLE--

.data        0   [ 00008000 ]  00004000          *   00000000   UNINITIALIZED

.bss         0   [ 0000a000 ]  00005000          *   0000026c   UNINITIALIZED
                 [ 0000a000 ]  00005000          *   00000119   rts55x.lib : defs.obj (.bss)
                 [ 0000a232 ]  00005119          *   000000d0              : trgdrv.obj (.bss)
                 [ 0000a3d2 ]  000051e9          *   00000001   principal.obj (.bss)
                 [ 0000a3d4 ]  000051ea          *   00000071   rts55x.lib : lowlev.obj (.bss)
                 [ 0000a4b6 ]  0000525b          *   00000001              : fopen.obj (.bss)
                 [ 0000a4b8 ]  0000525c          *   00000006              : memory.obj (.bss)
                 [ 0000a4c4 ]  00005262          *   00000004              : _lock.obj (.bss)
                 [ 0000a4cc ]  00005266          *   00000004              : exit.obj (.bss)
                 [ 0000a4d4 ]  0000526a          *   00000002   ezdsp5502bsl.lib : ezdsp5502_mcbsp.obj (.bss)

vectors      0     00ffff00  [ 007fff80 ] 00000100          *   NOLOAD SECTION
                   00ffff00  [ 007fff80 ] 00000100          *   rts55x.lib : vectors.obj (vectors)


GLOBAL SYMBOLS: SORTED ALPHABETICALLY BY Name 

abs. value/
byte addr   word addr   name
---------   ---------   ----
00000002                $TI_capability$C5500$CallingConvention
00000002                $TI_capability$C5500$MemoryModel
00000001                $TI_capability_requires_rev2
            00005000    .bss
            00004000    .data
ffffffff                .text
00006f6b                C$$EXIT
0000633a                C$$IO$$
00006ef1                I$$LMPY
00006e76                I$$UDIV
00006e8b                I$$UMOD
000063f9                _AIC3204_rget
00006446                _AIC3204_rset
00003ff8                _CSL5502_LIB_
            0000067a    _CSL_McbspData
            000006e0    _CSL_SysData
00006f48                _CSL_init
00005b15                _EZDSP5502_I2CGPIO_configLine
00005bec                _EZDSP5502_I2CGPIO_read
00005b68                _EZDSP5502_I2CGPIO_readLine
00005c39                _EZDSP5502_I2CGPIO_write
00005b99                _EZDSP5502_I2CGPIO_writeLine
00006a1e                _EZDSP5502_I2C_init
00006a67                _EZDSP5502_I2C_read
00006a3b                _EZDSP5502_I2C_reset
00006a45                _EZDSP5502_I2C_write
00006383                _EZDSP5502_MCBSP_close
0000633f                _EZDSP5502_MCBSP_init
000063c5                _EZDSP5502_MCBSP_read
00006395                _EZDSP5502_MCBSP_write
00006996                _EZDSP5502_init
00006950                _EZDSP5502_wait
00006984                _EZDSP5502_waitusec
000044ca                _HOSTclock
0000445f                _HOSTclose
000043aa                _HOSTlseek
0000430b                _HOSTopen
0000427e                _HOSTread
000041d0                _HOSTrename
00004172                _HOSTtime
00004108                _HOSTunlink
0000407b                _HOSTwrite
0000685c                _I2C_config
000059b8                _I2C_read
000056c4                _I2C_write
00006f28                _IRQ_globalDisable
00006f54                _IRQ_globalRestore
00006e0c                _MCBSP_close
00005db0                _MCBSP_config
00005ee0                _MCBSP_open
00006f74                _MCBSP_read16
00004b74                _MCBSP_reset
000065f8                _MCBSP_start
00006f7c                _MCBSP_write16
00ffff00                _Reset
            00000254    __CIOBUF_
00006f38                __CSL_init
            0000057a    __STACK_END
00000200                __STACK_SIZE
00000400                __SYSMEM_SIZE
00000200                __SYSSTACK_SIZE
00000001                __TI_args_main
ffffffff                ___binit__
            00005000    ___bss__
ffffffff                ___c_args__
            00000374    ___cinit__
            00004000    ___data__
            00004000    ___edata__
            0000526c    ___end__
ffffffff                ___etext__
00006ec3                ___isinf
ffffffff                ___pinit__
ffffffff                ___text__
00005033                __addd
00006c67                __args_main
00004a15                __cleanup
            00005266    __cleanup_ptr
0000566c                __cmpd
            00000060    __ctypes_
00004528                __divd
00006d45                __divli
00004ffe                __divlli
00006e76                __divu
00006555                __divul
00004f0a                __divull
000061c3                __doflush
            00005268    __dtors_ptr
00005638                __eqld
00005fce                __fixdi
000069af                __fixdli
00006b63                __fltlid
00006772                __frcmpyd
000067e8                __frcmpyd_div
            00005118    __ft_end
            00005000    __ftable
000055ee                __geqd
000055a3                __gtrd
00005556                __leqd
            00005262    __lock
0000550e                __lssd
00005c63                __mpyd
00006ef1                __mpyli
00004e52                __mpylli
00006f16                __negd
000054da                __neqd
00006f14                __nop
00003362                __printfi
00006166                __rd_ok
00006f0c                __register_lock
00006f04                __register_unlock
00006cb2                __remli
00004e23                __remlli
00006e8b                __remu
000068ce                __remul
00004dd5                __remull
            0000047a    __stack
00006edd                __subd
            00004000    __sys_memory
            0000057a    __sysstack
            00005078    __tmpnams
            00005264    __unlock
000060e6                __wrt_ok
00006f6a                _abort
000039f7                _add_device
0000528d                _aic3204_loop_linein
00006470                _aic3204_test
            0000526a    _aicMcbsp
00003f9c                _atoi
00006c1a                _auto_init
00006e42                _c_int00
00003f76                _calloc
00003f6e                _chkheap
00003984                _close
00006dcc                _exit
000066f7                _fclose
0000622c                _fflush
0000397b                _find_registered_device
00004b38                _fopen
000064af                _fputc
00005852                _fputs
00003ae7                _free
00003f18                _free_memory
00004a6f                _freopen
00006af8                _fseek
00004000                _getenv
00003915                _lseek
0000667a                _ltoa
00006cff                _main
00003c18                _malloc
00003ebe                _max_free
00006ea0                _memccpy
00006d8d                _memcpy
00003bb3                _minit
00003856                _open
00006cfd                _pararTeste
00006bca                _printf
000064af                _putc
00006546                _putchar
00005987                _puts
000037a8                _read
00006a8b                _readmsg
00003d0d                _realloc
00006f60                _remove
00003772                _remove_device
00003719                _rename
00006000                _setvbuf
            000051e9    _testeFalhou
000036e6                _unlink
000035a4                _write
00006285                _writemsg
ffffffff                binit
            00000374    cinit
            00004000    edata
            0000526c    end
ffffffff                etext
ffffffff                pinit


GLOBAL SYMBOLS: SORTED BY Symbol Address 

abs. value/
byte addr   word addr   name
---------   ---------   ----
00000001                $TI_capability_requires_rev2
00000001                __TI_args_main
00000002                $TI_capability$C5500$CallingConvention
00000002                $TI_capability$C5500$MemoryModel
            00000060    __ctypes_
00000200                __STACK_SIZE
00000200                __SYSSTACK_SIZE
00000400                __SYSMEM_SIZE
            00000254    __CIOBUF_
            00000374    ___cinit__
            00000374    cinit
            0000047a    __stack
            0000057a    __STACK_END
            0000057a    __sysstack
            0000067a    _CSL_McbspData
            000006e0    _CSL_SysData
00003362                __printfi
000035a4                _write
000036e6                _unlink
00003719                _rename
00003772                _remove_device
000037a8                _read
00003856                _open
00003915                _lseek
0000397b                _find_registered_device
00003984                _close
000039f7                _add_device
00003ae7                _free
00003bb3                _minit
00003c18                _malloc
00003d0d                _realloc
00003ebe                _max_free
00003f18                _free_memory
00003f6e                _chkheap
00003f76                _calloc
00003f9c                _atoi
00003ff8                _CSL5502_LIB_
00004000                _getenv
0000407b                _HOSTwrite
00004108                _HOSTunlink
00004172                _HOSTtime
000041d0                _HOSTrename
0000427e                _HOSTread
0000430b                _HOSTopen
000043aa                _HOSTlseek
0000445f                _HOSTclose
000044ca                _HOSTclock
00004528                __divd
00004a15                __cleanup
00004a6f                _freopen
00004b38                _fopen
00004b74                _MCBSP_reset
00004dd5                __remull
00004e23                __remlli
00004e52                __mpylli
00004f0a                __divull
00004ffe                __divlli
00005033                __addd
0000528d                _aic3204_loop_linein
000054da                __neqd
0000550e                __lssd
00005556                __leqd
000055a3                __gtrd
000055ee                __geqd
00005638                __eqld
0000566c                __cmpd
000056c4                _I2C_write
00005852                _fputs
00005987                _puts
000059b8                _I2C_read
00005b15                _EZDSP5502_I2CGPIO_configLine
00005b68                _EZDSP5502_I2CGPIO_readLine
00005b99                _EZDSP5502_I2CGPIO_writeLine
00005bec                _EZDSP5502_I2CGPIO_read
00005c39                _EZDSP5502_I2CGPIO_write
00005c63                __mpyd
00005db0                _MCBSP_config
00005ee0                _MCBSP_open
00005fce                __fixdi
00006000                _setvbuf
000060e6                __wrt_ok
00006166                __rd_ok
000061c3                __doflush
0000622c                _fflush
00006285                _writemsg
0000633a                C$$IO$$
0000633f                _EZDSP5502_MCBSP_init
00006383                _EZDSP5502_MCBSP_close
00006395                _EZDSP5502_MCBSP_write
000063c5                _EZDSP5502_MCBSP_read
000063f9                _AIC3204_rget
00006446                _AIC3204_rset
00006470                _aic3204_test
000064af                _fputc
000064af                _putc
00006546                _putchar
00006555                __divul
000065f8                _MCBSP_start
0000667a                _ltoa
000066f7                _fclose
00006772                __frcmpyd
000067e8                __frcmpyd_div
0000685c                _I2C_config
000068ce                __remul
00006950                _EZDSP5502_wait
00006984                _EZDSP5502_waitusec
00006996                _EZDSP5502_init
000069af                __fixdli
00006a1e                _EZDSP5502_I2C_init
00006a3b                _EZDSP5502_I2C_reset
00006a45                _EZDSP5502_I2C_write
00006a67                _EZDSP5502_I2C_read
00006a8b                _readmsg
00006af8                _fseek
00006b63                __fltlid
00006bca                _printf
00006c1a                _auto_init
00006c67                __args_main
00006cb2                __remli
00006cfd                _pararTeste
00006cff                _main
00006d45                __divli
00006d8d                _memcpy
00006dcc                _exit
00006e0c                _MCBSP_close
00006e42                _c_int00
00006e76                I$$UDIV
00006e76                __divu
00006e8b                I$$UMOD
00006e8b                __remu
00006ea0                _memccpy
00006ec3                ___isinf
00006edd                __subd
00006ef1                I$$LMPY
00006ef1                __mpyli
00006f04                __register_unlock
00006f0c                __register_lock
00006f14                __nop
00006f16                __negd
00006f28                _IRQ_globalDisable
00006f38                __CSL_init
00006f48                _CSL_init
00006f54                _IRQ_globalRestore
00006f60                _remove
00006f6a                _abort
00006f6b                C$$EXIT
00006f74                _MCBSP_read16
00006f7c                _MCBSP_write16
            00004000    .data
            00004000    ___data__
            00004000    ___edata__
            00004000    __sys_memory
            00004000    edata
            00005000    .bss
            00005000    ___bss__
            00005000    __ftable
            00005078    __tmpnams
            00005118    __ft_end
            000051e9    _testeFalhou
            00005262    __lock
            00005264    __unlock
            00005266    __cleanup_ptr
            00005268    __dtors_ptr
            0000526a    _aicMcbsp
            0000526c    ___end__
            0000526c    end
00ffff00                _Reset
ffffffff                .text
ffffffff                ___binit__
ffffffff                ___c_args__
ffffffff                ___etext__
ffffffff                ___pinit__
ffffffff                ___text__
ffffffff                binit
ffffffff                etext
ffffffff                pinit

[176 symbols]
