******************************************************************************
              TMS320C55x Linker PC v4.4.1                      
******************************************************************************
>> Linked Thu Dec 12 23:19:59 2024

OUTPUT FILE NAME:   <Teste14.out>
ENTRY POINT SYMBOL: "_c_int00"  address: 000039ba


MEMORY CONFIGURATION

         name            origin    length      used     unused   attr    fill
                        (bytes)   (bytes)    (bytes)   (bytes)
----------------------  --------  ---------  --------  --------  ----  --------
PAGE 0:
  MMR                   00000000   000000c0  00000000  000000c0  RWIX
  BTRSVD                000000c0   00000240  00000100  00000140  RWIX
  DARAM                 00000300   0000fb00  000054fa  0000a606  RWIX
  VECS                  0000fe00   00000200  00000100  00000100  RWIX
  CE0                   00010000   003f0000  00000000  003f0000  RWIX
  CE1                   00400000   00400000  00000000  00400000  RWIX
  CE2                   00800000   00400000  00000000  00400000  RWIX
  CE3                   00c00000   003f8000  00000000  003f8000  RWIX
  PDROM                 00ff8000   00008000  00000000  00008000  R IX

PAGE 2:
  IOPORT                00000000   00020000  00000000  00020000  RWI 


SECTION ALLOCATION MAP
(Addresses surrounded by []'s are displayed for convenience only!)

output                                                          attributes/
section   page  orgn(bytes) orgn(words) len(bytes) len(words)   input sections
--------  ----  ----------- ----------- ---------- ----------   --------------
vectors      0     000000c0  [ 00000060 ] 00000100          *   
                   000000c0  [ 00000060 ] 00000100          *   rts55x.lib : vectors.obj (vectors)

.stack       0   [ 00000300 ]  00000180          *   00001000   
                 [ 00000300 ]  00000180          *   00001000   --HOLE-- [fill = 00]

.data        0   [ 00000300 ]  00000180          *   00000000   

.pinit       0   [ 00000300 ]  00000180          *   00000000   

.text        0     00002300  [ 00001180 ] 00001784          *   
                   00002300  [ 00001180 ] 00000261          *   csl5502x.lib : mcbsp_rst.obj (.text:MCBSP_reset)
                   00002561  [ 000012b0+] 000001ed          *   dma.obj (.text)
                   0000274e  [ 000013a7 ] 00000002          *   rts55x.lib : vectors.obj (.text)
                   00002750  [ 000013a8 ] 000001ca          *   csl5502x.lib : dma_reset.obj (.text:DMA_reset)
                   0000291a  [ 0000148d ] 000001b8          *   aic3204.obj (.text)
                   00002ad2  [ 00001569 ] 00000002          *   vector.obj (.text)
                   00002ad4  [ 0000156a ] 0000018e          *   csl5502x.lib : i2c_write.obj (.text:I2C_write)
                   00002c62  [ 00001631 ] 00000002          *   --HOLE-- [fill = 20]
                   00002c64  [ 00001632 ] 0000015d          *                : i2c_read.obj (.text:I2C_read)
                   00002dc1  [ 000016e0+] 0000014e          *   ezdsp5502bsl.lib : ezdsp5502_i2cgpio.obj (.text)
                   00002f0f  [ 00001787+] 00000141          *   dma.obj (.text:retain)
                   00003050  [ 00001828 ] 00000130          *   csl5502x.lib : mcbsp_cfg.obj (.text:MCBSP_config)
                   00003180  [ 000018c0 ] 0000010e          *                : dma_cfg.obj (.text:DMA_config)
                   0000328e  [ 00001947 ] 00000002          *   --HOLE-- [fill = 20]
                   00003290  [ 00001948 ] 000000ee          *                : mcbsp_open.obj (.text:MCBSP_open)
                   0000337e  [ 000019bf ] 00000002          *   --HOLE-- [fill = 20]
                   00003380  [ 000019c0 ] 000000cb          *                : dma_open.obj (.text:DMA_open)
                   0000344b  [ 00001a25+] 000000ba          *   ezdsp5502bsl.lib : ezdsp5502_mcbsp.obj (.text)
                   00003505  [ 00001a82+] 00000089          *   csl5502x.lib : irq_pluga.obj (.text)
                   0000358e  [ 00001ac7 ] 00000002          *   --HOLE-- [fill = 20]
                   00003590  [ 00001ac8 ] 00000082          *                : mcbsp_start.obj (.text:MCBSP_start)
                   00003612  [ 00001b09 ] 00000002          *   --HOLE-- [fill = 20]
                   00003614  [ 00001b0a ] 00000072          *                : i2c_cfg.obj (.text:I2C_config)
                   00003686  [ 00001b43 ] 00000002          *   --HOLE-- [fill = 20]
                   00003688  [ 00001b44 ] 0000006f          *                : irq_disa.obj (.text:IRQ_disable)
                   000036f7  [ 00001b7b+] 0000006f          *   ezdsp5502bsl.lib : ezdsp5502.obj (.text)
                   00003766  [ 00001bb3 ] 0000006d          *                    : ezdsp5502_i2c.obj (.text)
                   000037d3  [ 00001be9 ] 00000001          *   --HOLE-- [fill = 20]
                   000037d4  [ 00001bea ] 00000068          *   csl5502x.lib : irq_enab.obj (.text:IRQ_enable)
                   0000383c  [ 00001c1e ] 0000004d          *   rts55x.lib : autoinit.obj (.text)
                   00003889  [ 00001c44+] 0000004b          *              : args_main.obj (.text)
                   000038d4  [ 00001c6a ] 0000003e          *              : exit.obj (.text)
                   00003912  [ 00001c89 ] 00000002          *   --HOLE-- [fill = 20]
                   00003914  [ 00001c8a ] 00000037          *   csl5502x.lib : irq_clear.obj (.text:IRQ_clear)
                   0000394b  [ 00001ca5 ] 00000001          *   --HOLE-- [fill = 20]
                   0000394c  [ 00001ca6 ] 00000037          *                : irq_setvecs.obj (.text:IRQ_setVecs)
                   00003983  [ 00001cc1 ] 00000001          *   --HOLE-- [fill = 20]
                   00003984  [ 00001cc2 ] 00000036          *                : mcbsp_cls.obj (.text:MCBSP_close)
                   000039ba  [ 00001cdd ] 00000034          *   rts55x.lib : boot.obj (.text)
                   000039ee  [ 00001cf7 ] 00000014          *   main.obj (.text)
                   00003a02  [ 00001d01 ] 00000012          *   rts55x.lib : _lock.obj (.text)
                   00003a14  [ 00001d0a ] 0000000f          *   csl5502x.lib : irq_gdisab.obj (.text:IRQ_globalDisable)
                   00003a23  [ 00001d11 ] 00000001          *   --HOLE-- [fill = 20]
                   00003a24  [ 00001d12 ] 0000000f          *                : irq_genab.obj (.text:IRQ_globalEnable)
                   00003a33  [ 00001d19 ] 00000001          *   --HOLE-- [fill = 20]
                   00003a34  [ 00001d1a ] 0000000d          *                : _csl_init.obj (.text:_CSL_init)
                   00003a41  [ 00001d20 ] 00000003          *   --HOLE-- [fill = 20]
                   00003a44  [ 00001d22 ] 0000000c          *                : csl.obj (.text:CSL_init)
                   00003a50  [ 00001d28 ] 0000000c          *                : irq_grest.obj (.text:IRQ_globalRestore)
                   00003a5c  [ 00001d2e ] 0000000c          *   dataMove.obj (.text)
                   00003a68  [ 00001d34 ] 00000007          *   rts55x.lib : exit.obj (.text:CIO_breakpoint)
                   00003a6f  [ 00001d37 ] 00000001          *   --HOLE-- [fill = 20]
                   00003a70  [ 00001d38 ] 00000007          *   csl5502x.lib : mcbsp_r16.obj (.text:MCBSP_read16)
                   00003a77  [ 00001d3b ] 00000001          *   --HOLE-- [fill = 20]
                   00003a78  [ 00001d3c ] 00000007          *                : mcbsp_w16.obj (.text:MCBSP_write16)
                   00003a7f  [ 00001d3f ] 00000001          *   --HOLE-- [fill = 20]
                   00003a80  [ 00001d40 ] 00000002          *                : csl.obj (.text)
                   00003a82  [ 00001d41 ] 00000002          *   --HOLE-- [fill = 20]

.sysstack 
*            0   [ 00003aa0 ]  00001d50          *   00000800   
                 [ 00003aa0 ]  00001d50          *   00000800   --HOLE-- [fill = 00]

dmaTest      0   [ 00004aa0 ]  00002550          *   00000400   
                 [ 00004aa0 ]  00002550          *   00000400   dma.obj (dmaTest) [fill = 00]

.cinit       0   [ 000052a0 ]  00002950          *   00000158   
                 [ 000052a0 ]  00002950          *   00000081   csl5502x.lib : csl_dmadat.obj (.cinit)
                 [ 000053a2 ]  000029d1          *   00000069                : csl_mcbspdat.obj (.cinit)
                 [ 00005474 ]  00002a3a          *   00000034   dma.obj (.cinit)
                 [ 000054dc ]  00002a6e          *   00000025   csl5502x.lib : csl_csldat.obj (.cinit)
                 [ 00005526 ]  00002a93          *   0000000a   rts55x.lib : _lock.obj (.cinit)
                 [ 0000553a ]  00002a9d          *   0000000a              : exit.obj (.cinit)
                 [ 0000554e ]  00002aa7          *   00000001   --HOLE-- [fill = 0]

.csldata     0   [ 00005580 ]  00002ac0          *   00000106   
                 [ 00005580 ]  00002ac0          *   0000007e   csl5502x.lib : csl_dmadat.obj (.csldata:DMA_data) [fill = 00]
                 [ 0000567c ]  00002b3e          *   00000066                : csl_mcbspdat.obj (.csldata:MCBSP_data) [fill = 00]
                 [ 00005748 ]  00002ba4          *   00000022                : csl_csldat.obj (.csldata:SYS_data) [fill = 00]

.bss         0   [ 000057a0 ]  00002bd0          *   00000038   
                 [ 000057a0 ]  00002bd0          *   0000002e   dma.obj (.bss) [fill = 00]
                 [ 000057fc ]  00002bfe          *   00000004   rts55x.lib : _lock.obj (.bss) [fill = 00]
                 [ 00005804 ]  00002c02          *   00000004              : exit.obj (.bss) [fill = 00]
                 [ 0000580c ]  00002c06          *   00000002   ezdsp5502bsl.lib : ezdsp5502_mcbsp.obj (.bss) [fill = 00]

.const       0   [ 00005820 ]  00002c10          *   00000025   
                 [ 00005820 ]  00002c10          *   0000001b   ezdsp5502bsl.lib : ezdsp5502_mcbsp.obj (.const:_$P$T0$1)
                 [ 00005856 ]  00002c2b          *   0000000a                    : ezdsp5502_i2c.obj (.const:_$P$T0$1)

.vectors     0     0000fe00  [ 00007f00 ] 00000100          *   
                   0000fe00  [ 00007f00 ] 00000100          *   vector.obj (.vectors)


GLOBAL SYMBOLS: SORTED ALPHABETICALLY BY Name 

abs. value/
byte addr   word addr   name
---------   ---------   ----
00000002                $TI_capability$C5500$CallingConvention
00000002                $TI_capability$C5500$MemoryModel
00000001                $TI_capability_requires_rev2
            00002bd0    .bss
            00000180    .data
00002300                .text
00003a69                C$$EXIT
00002944                _AIC3204_init
0000291a                _AIC3204_rset
00003a80                _CSL5502_LIB_
            00002ac0    _CSL_DmaData
            00002b3e    _CSL_McbspData
            00002ba4    _CSL_SysData
00003a44                _CSL_init
00003180                _DMA_config
00003380                _DMA_open
00002750                _DMA_reset
00002dc1                _EZDSP5502_I2CGPIO_configLine
00002e98                _EZDSP5502_I2CGPIO_read
00002e14                _EZDSP5502_I2CGPIO_readLine
00002ee5                _EZDSP5502_I2CGPIO_write
00002e45                _EZDSP5502_I2CGPIO_writeLine
00003766                _EZDSP5502_I2C_init
000037af                _EZDSP5502_I2C_read
00003783                _EZDSP5502_I2C_reset
0000378d                _EZDSP5502_I2C_write
0000348f                _EZDSP5502_MCBSP_close
0000344b                _EZDSP5502_MCBSP_init
000034d1                _EZDSP5502_MCBSP_read
000034a1                _EZDSP5502_MCBSP_write
0000374d                _EZDSP5502_init
00003707                _EZDSP5502_wait
0000373b                _EZDSP5502_waitusec
00003614                _I2C_config
00002c64                _I2C_read
00002ad4                _I2C_write
00003914                _IRQ_clear
00003688                _IRQ_disable
000037d4                _IRQ_enable
00003a14                _IRQ_globalDisable
00003a24                _IRQ_globalEnable
00003a50                _IRQ_globalRestore
00003505                _IRQ_plug
0000394c                _IRQ_setVecs
00003984                _MCBSP_close
00003050                _MCBSP_config
00003290                _MCBSP_open
00003a70                _MCBSP_read16
00002300                _MCBSP_reset
00003590                _MCBSP_start
00003a78                _MCBSP_write16
000000c0                _Reset
0000fe00                _VECSTART
00003a34                __CSL_init
            00001180    __STACK_END
00002000                __STACK_SIZE
00001000                __SYSSTACK_SIZE
00000001                __TI_args_main
ffffffff                ___binit__
            00002bd0    ___bss__
ffffffff                ___c_args__
            00002950    ___cinit__
            00000180    ___data__
            00000180    ___edata__
            00002c08    ___end__
00003a84                ___etext__
ffffffff                ___pinit__
00002300                ___text__
00003889                __args_main
            00002c02    __cleanup_ptr
            00002c04    __dtors_ptr
            00002bfe    __lock
00003a12                __nop
00003a0a                __register_lock
00003a02                __register_unlock
            00000180    __stack
            00001d50    __sysstack
            00002c00    __unlock
00003a68                _abort
            00002c06    _aicMcbsp
0000383c                _auto_init
000039ba                _c_int00
000025ec                _configAudioDma
            00002bd0    _counter
00003a5c                _dataMove
00002f2b                _dmaRcvIsr
            00002bfa    _dmaReception
            00002be8    _dmaRxConfig
            00002bfc    _dmaTransmition
            00002bd6    _dmaTxConfig
00002f0f                _dmaXmtIsr
000038d4                _exit
            00002bd1    _isActive
000039ee                _main
            00002bd4    _old_intm
            00002bd3    _rcvEventId
            00002750    _reception
00002706                _startAudioDma
00002730                _stopAudioDma
            00002bd5    _transferComplete
            00002550    _transmition
            00002bd2    _xmtEventId
ffffffff                binit
            00002950    cinit
            00000180    edata
            00002c08    end
00003a84                etext
0000fe10                int0
0000fe18                int1
0000fe60                int10
0000fe68                int11
0000fe70                int12
0000fe78                int13
0000fe80                int14
0000fe88                int15
0000fe90                int16
0000fe98                int17
0000fea0                int18
0000fea8                int19
0000fe20                int2
0000feb0                int20
0000feb8                int21
0000fec0                int22
0000fec8                int23
0000fed0                int24
0000fed8                int25
0000fee0                int26
0000fee8                int27
0000fef0                int28
0000fef8                int29
0000fe28                int3
0000fe30                int4
0000fe38                int5
0000fe40                int6
0000fe48                int7
0000fe50                int8
0000fe58                int9
0000fe08                nmi
00002ad2                no_isr
ffffffff                pinit


GLOBAL SYMBOLS: SORTED BY Symbol Address 

abs. value/
byte addr   word addr   name
---------   ---------   ----
00000001                $TI_capability_requires_rev2
00000001                __TI_args_main
00000002                $TI_capability$C5500$CallingConvention
00000002                $TI_capability$C5500$MemoryModel
000000c0                _Reset
            00000180    .data
            00000180    ___data__
            00000180    ___edata__
            00000180    __stack
            00000180    edata
00001000                __SYSSTACK_SIZE
00002000                __STACK_SIZE
00002300                .text
00002300                _MCBSP_reset
            00001180    __STACK_END
00002300                ___text__
000025ec                _configAudioDma
00002706                _startAudioDma
00002730                _stopAudioDma
00002750                _DMA_reset
0000291a                _AIC3204_rset
00002944                _AIC3204_init
00002ad2                no_isr
00002ad4                _I2C_write
00002c64                _I2C_read
00002dc1                _EZDSP5502_I2CGPIO_configLine
00002e14                _EZDSP5502_I2CGPIO_readLine
00002e45                _EZDSP5502_I2CGPIO_writeLine
00002e98                _EZDSP5502_I2CGPIO_read
00002ee5                _EZDSP5502_I2CGPIO_write
00002f0f                _dmaXmtIsr
00002f2b                _dmaRcvIsr
00003050                _MCBSP_config
00003180                _DMA_config
00003290                _MCBSP_open
00003380                _DMA_open
0000344b                _EZDSP5502_MCBSP_init
0000348f                _EZDSP5502_MCBSP_close
000034a1                _EZDSP5502_MCBSP_write
000034d1                _EZDSP5502_MCBSP_read
00003505                _IRQ_plug
00003590                _MCBSP_start
00003614                _I2C_config
00003688                _IRQ_disable
00003707                _EZDSP5502_wait
0000373b                _EZDSP5502_waitusec
0000374d                _EZDSP5502_init
00003766                _EZDSP5502_I2C_init
00003783                _EZDSP5502_I2C_reset
0000378d                _EZDSP5502_I2C_write
000037af                _EZDSP5502_I2C_read
000037d4                _IRQ_enable
0000383c                _auto_init
00003889                __args_main
000038d4                _exit
00003914                _IRQ_clear
0000394c                _IRQ_setVecs
00003984                _MCBSP_close
000039ba                _c_int00
000039ee                _main
00003a02                __register_unlock
00003a0a                __register_lock
00003a12                __nop
00003a14                _IRQ_globalDisable
00003a24                _IRQ_globalEnable
00003a34                __CSL_init
00003a44                _CSL_init
00003a50                _IRQ_globalRestore
00003a5c                _dataMove
00003a68                _abort
00003a69                C$$EXIT
00003a70                _MCBSP_read16
00003a78                _MCBSP_write16
00003a80                _CSL5502_LIB_
00003a84                ___etext__
00003a84                etext
            00001d50    __sysstack
            00002550    _transmition
            00002750    _reception
            00002950    ___cinit__
            00002950    cinit
            00002ac0    _CSL_DmaData
            00002b3e    _CSL_McbspData
            00002ba4    _CSL_SysData
            00002bd0    .bss
            00002bd0    ___bss__
            00002bd0    _counter
            00002bd1    _isActive
            00002bd2    _xmtEventId
            00002bd3    _rcvEventId
            00002bd4    _old_intm
            00002bd5    _transferComplete
            00002bd6    _dmaTxConfig
            00002be8    _dmaRxConfig
            00002bfa    _dmaReception
            00002bfc    _dmaTransmition
            00002bfe    __lock
            00002c00    __unlock
            00002c02    __cleanup_ptr
            00002c04    __dtors_ptr
            00002c06    _aicMcbsp
            00002c08    ___end__
            00002c08    end
0000fe00                _VECSTART
0000fe08                nmi
0000fe10                int0
0000fe18                int1
0000fe20                int2
0000fe28                int3
0000fe30                int4
0000fe38                int5
0000fe40                int6
0000fe48                int7
0000fe50                int8
0000fe58                int9
0000fe60                int10
0000fe68                int11
0000fe70                int12
0000fe78                int13
0000fe80                int14
0000fe88                int15
0000fe90                int16
0000fe98                int17
0000fea0                int18
0000fea8                int19
0000feb0                int20
0000feb8                int21
0000fec0                int22
0000fec8                int23
0000fed0                int24
0000fed8                int25
0000fee0                int26
0000fee8                int27
0000fef0                int28
0000fef8                int29
ffffffff                ___binit__
ffffffff                ___c_args__
ffffffff                ___pinit__
ffffffff                binit
ffffffff                pinit

[140 symbols]
