******************************************************************************
              TMS320C55x Linker PC v4.4.1                      
******************************************************************************
>> Linked Mon Dec 16 20:17:21 2024

OUTPUT FILE NAME:   <Teste17.out>
ENTRY POINT SYMBOL: "_c_int00"  address: 00002982


MEMORY CONFIGURATION

         name            origin    length      used     unused   attr    fill
                        (bytes)   (bytes)    (bytes)   (bytes)
----------------------  --------  ---------  --------  --------  ----  --------
PAGE 0:
  MMR                   00000000   000000c0  00000000  000000c0  RWIX
  BTRSVD                000000c0   00000240  00000100  00000140  RWIX
  DARAM                 00000300   0000fb00  000081da  00007926  RWIX
  VECS                  0000fe00   00000200  00000100  00000100  RWIX
  CE0                   00010000   003f0000  00000000  003f0000  RWIX
  CE1                   00400000   00400000  00000000  00400000  RWIX
  CE2                   00800000   00400000  00000000  00400000  RWIX
  CE3                   00c00000   003f8000  00000000  003f8000  RWIX
  PDROM                 00ff8000   00008000  00000000  00008000  R IX

PAGE 2:
  IOPORT                00000000   00020000  00000000  00020000  RWI 


SECTION ALLOCATION MAP
(Addresses surrounded by []'s are displayed for convenience only!)

output                                                          attributes/
section   page  orgn(bytes) orgn(words) len(bytes) len(words)   input sections
--------  ----  ----------- ----------- ---------- ----------   --------------
vectors      0     000000c0  [ 00000060 ] 00000100          *   
                   000000c0  [ 00000060 ] 00000100          *   rts55x.lib : vectors.obj (vectors)

.text        0     00000300  [ 00000180 ] 000027c8          *   
                   00000300  [ 00000180 ] 000003cc          *   rts55x.lib : divd.obj (.text)
                   000006cc  [ 00000366 ] 00000299          *   main.obj (.text)
                   00000965  [ 000004b2+] 00000002          *   rts55x.lib : vectors.obj (.text)
                   00000967  [ 000004b3 ] 00000001          *   --HOLE-- [fill = 20]
                   00000968  [ 000004b4 ] 00000261          *   csl5502x.lib : mcbsp_rst.obj (.text:MCBSP_reset)
                   00000bc9  [ 000005e4+] 0000025e          *   reverb.obj (.text)
                   00000e27  [ 00000713+] 0000025a          *   rts55x.lib : addd.obj (.text)
                   00001081  [ 00000840+] 000001ea          *              : cmpd.obj (.text)
                   0000126b  [ 00000935 ] 00000001          *   --HOLE-- [fill = 20]
                   0000126c  [ 00000936 ] 000001ca          *   csl5502x.lib : dma_reset.obj (.text:DMA_reset)
                   00001436  [ 00000a1b ] 000001bd          *   dma.obj (.text)
                   000015f3  [ 00000af9+] 000001b8          *   aic3204.obj (.text)
                   000017ab  [ 00000bd5 ] 00000001          *   --HOLE-- [fill = 20]
                   000017ac  [ 00000bd6 ] 0000018e          *   csl5502x.lib : i2c_write.obj (.text:I2C_write)
                   0000193a  [ 00000c9d ] 00000002          *   vector.obj (.text)
                   0000193c  [ 00000c9e ] 0000015d          *   csl5502x.lib : i2c_read.obj (.text:I2C_read)
                   00001a99  [ 00000d4c+] 0000014e          *   ezdsp5502bsl.lib : ezdsp5502_i2cgpio.obj (.text)
                   00001be7  [ 00000df3+] 0000014c          *   rts55x.lib : mpyd.obj (.text)
                   00001d33  [ 00000e99 ] 00000001          *   --HOLE-- [fill = 20]
                   00001d34  [ 00000e9a ] 00000130          *   csl5502x.lib : mcbsp_cfg.obj (.text:MCBSP_config)
                   00001e64  [ 00000f32 ] 0000010e          *                : dma_cfg.obj (.text:DMA_config)
                   00001f72  [ 00000fb9 ] 00000002          *   --HOLE-- [fill = 20]
                   00001f74  [ 00000fba ] 000000ee          *                : mcbsp_open.obj (.text:MCBSP_open)
                   00002062  [ 00001031 ] 00000002          *   --HOLE-- [fill = 20]
                   00002064  [ 00001032 ] 000000cb          *                : dma_open.obj (.text:DMA_open)
                   0000212f  [ 00001097+] 000000ba          *   ezdsp5502bsl.lib : ezdsp5502_mcbsp.obj (.text)
                   000021e9  [ 000010f4 ] 00000003          *   --HOLE-- [fill = 20]
                   000021ec  [ 000010f6 ] 000000ae          *   csl5502x.lib : pll_cfg.obj (.text:PLL_config)
                   0000229a  [ 0000114d ] 00000002          *   --HOLE-- [fill = 20]
                   0000229c  [ 0000114e ] 000000a8          *                : pll_setfrq.obj (.text)
                   00002344  [ 000011a2 ] 00000089          *                : irq_pluga.obj (.text)
                   000023cd  [ 000011e6 ] 00000003          *   --HOLE-- [fill = 20]
                   000023d0  [ 000011e8 ] 00000082          *                : mcbsp_start.obj (.text:MCBSP_start)
                   00002452  [ 00001229 ] 00000076          *   rts55x.lib : frcmpyd.obj (.text)
                   000024c8  [ 00001264 ] 00000073          *              : frcmpyd_div.obj (.text)
                   0000253b  [ 0000129d ] 00000001          *   --HOLE-- [fill = 20]
                   0000253c  [ 0000129e ] 00000072          *   csl5502x.lib : i2c_cfg.obj (.text:I2C_config)
                   000025ae  [ 000012d7 ] 0000006f          *   ezdsp5502bsl.lib : ezdsp5502.obj (.text)
                   0000261d  [ 0000130e+] 0000006f          *   rts55x.lib : fixdli.obj (.text)
                   0000268c  [ 00001346 ] 0000006d          *   ezdsp5502bsl.lib : ezdsp5502_i2c.obj (.text)
                   000026f9  [ 0000137c ] 00000003          *   --HOLE-- [fill = 20]
                   000026fc  [ 0000137e ] 00000068          *   csl5502x.lib : irq_enab.obj (.text:IRQ_enable)
                   00002764  [ 000013b2 ] 00000067          *   rts55x.lib : fltlid.obj (.text)
                   000027cb  [ 000013e5+] 0000004d          *              : autoinit.obj (.text)
                   00002818  [ 0000140c ] 0000004b          *              : args_main.obj (.text)
                   00002863  [ 00001431+] 0000003e          *              : exit.obj (.text)
                   000028a1  [ 00001450+] 00000038          *   dma.obj (.text:retain)
                   000028d9  [ 0000146c ] 00000003          *   --HOLE-- [fill = 20]
                   000028dc  [ 0000146e ] 00000037          *   csl5502x.lib : irq_clear.obj (.text:IRQ_clear)
                   00002913  [ 00001489 ] 00000001          *   --HOLE-- [fill = 20]
                   00002914  [ 0000148a ] 00000037          *                : irq_setvecs.obj (.text:IRQ_setVecs)
                   0000294b  [ 000014a5 ] 00000001          *   --HOLE-- [fill = 20]
                   0000294c  [ 000014a6 ] 00000036          *                : mcbsp_cls.obj (.text:MCBSP_close)
                   00002982  [ 000014c1 ] 00000034          *   rts55x.lib : boot.obj (.text)
                   000029b6  [ 000014db ] 0000002a          *              : fixdi.obj (.text)
                   000029e0  [ 000014f0 ] 00000022          *   pll.obj (.text)
                   00002a02  [ 00001501 ] 00000014          *   rts55x.lib : subd.obj (.text)
                   00002a16  [ 0000150b ] 00000013          *              : lmpy.obj (.text)
                   00002a29  [ 00001514+] 00000012          *              : _lock.obj (.text)
                   00002a3b  [ 0000151d+] 00000010          *              : negd.obj (.text)
                   00002a4b  [ 00001525 ] 00000001          *   --HOLE-- [fill = 20]
                   00002a4c  [ 00001526 ] 0000000f          *   csl5502x.lib : irq_gdisab.obj (.text:IRQ_globalDisable)
                   00002a5b  [ 0000152d ] 00000001          *   --HOLE-- [fill = 20]
                   00002a5c  [ 0000152e ] 0000000f          *                : irq_genab.obj (.text:IRQ_globalEnable)
                   00002a6b  [ 00001535 ] 00000001          *   --HOLE-- [fill = 20]
                   00002a6c  [ 00001536 ] 0000000d          *                : _csl_init.obj (.text:_CSL_init)
                   00002a79  [ 0000153c ] 00000003          *   --HOLE-- [fill = 20]
                   00002a7c  [ 0000153e ] 0000000c          *                : csl.obj (.text:CSL_init)
                   00002a88  [ 00001544 ] 0000000c          *                : irq_grest.obj (.text:IRQ_globalRestore)
                   00002a94  [ 0000154a ] 0000000c          *   dataMove.obj (.text)
                   00002aa0  [ 00001550 ] 0000000c          *   rts55x.lib : fltid.obj (.text)
                   00002aac  [ 00001556 ] 00000007          *              : exit.obj (.text:CIO_breakpoint)
                   00002ab3  [ 00001559 ] 00000001          *   --HOLE-- [fill = 20]
                   00002ab4  [ 0000155a ] 00000007          *   csl5502x.lib : mcbsp_r16.obj (.text:MCBSP_read16)
                   00002abb  [ 0000155d ] 00000001          *   --HOLE-- [fill = 20]
                   00002abc  [ 0000155e ] 00000007          *                : mcbsp_w16.obj (.text:MCBSP_write16)
                   00002ac3  [ 00001561 ] 00000001          *   --HOLE-- [fill = 20]
                   00002ac4  [ 00001562 ] 00000002          *                : csl.obj (.text)
                   00002ac6  [ 00001563 ] 00000002          *   --HOLE-- [fill = 20]

.data        0   [ 00000300 ]  00000180          *   00000000   

.pinit       0   [ 00000300 ]  00000180          *   00000000   

.bss         0   [ 00002ae0 ]  00001570          *   00001246   
                 [ 00002ae0 ]  00001570          *   00000e00   main.obj (.bss) [fill = 00]
                 [ 000046e0 ]  00002370          *   00000401   reverb.obj (.bss) [fill = 00]
                 [ 00004ee2 ]  00002771          *   00000001   --HOLE-- [fill = 00]
                 [ 00004ee4 ]  00002772          *   0000002f   dma.obj (.bss) [fill = 00]
                 [ 00004f42 ]  000027a1          *   0000000a   pll.obj (.bss) [fill = 00]
                 [ 00004f56 ]  000027ab          *   00000001   --HOLE-- [fill = 00]
                 [ 00004f58 ]  000027ac          *   00000004   rts55x.lib : _lock.obj (.bss) [fill = 00]
                 [ 00004f60 ]  000027b0          *   00000004              : exit.obj (.bss) [fill = 00]
                 [ 00004f68 ]  000027b4          *   00000002   ezdsp5502bsl.lib : ezdsp5502_mcbsp.obj (.bss) [fill = 00]

.stack       0   [ 00004f80 ]  000027c0          *   00001000   
                 [ 00004f80 ]  000027c0          *   00001000   --HOLE-- [fill = 00]

.sysstack 
*            0   [ 00006f80 ]  000037c0          *   00000800   
                 [ 00006f80 ]  000037c0          *   00000800   --HOLE-- [fill = 00]

.cinit       0   [ 00007f80 ]  00003fc0          *   0000016d   
                 [ 00007f80 ]  00003fc0          *   00000081   csl5502x.lib : csl_dmadat.obj (.cinit)
                 [ 00008082 ]  00004041          *   00000069                : csl_mcbspdat.obj (.cinit)
                 [ 00008154 ]  000040aa          *   00000038   dma.obj (.cinit)
                 [ 000081c4 ]  000040e2          *   00000025   csl5502x.lib : csl_csldat.obj (.cinit)
                 [ 0000820e ]  00004107          *   0000000d   pll.obj (.cinit)
                 [ 00008228 ]  00004114          *   0000000a   rts55x.lib : _lock.obj (.cinit)
                 [ 0000823c ]  0000411e          *   0000000a              : exit.obj (.cinit)
                 [ 00008250 ]  00004128          *   00000004   reverb.obj (.cinit)
                 [ 00008258 ]  0000412c          *   00000001   --HOLE-- [fill = 0]

.csldata     0   [ 00008280 ]  00004140          *   00000106   
                 [ 00008280 ]  00004140          *   0000007e   csl5502x.lib : csl_dmadat.obj (.csldata:DMA_data) [fill = 00]
                 [ 0000837c ]  000041be          *   00000066                : csl_mcbspdat.obj (.csldata:MCBSP_data) [fill = 00]
                 [ 00008448 ]  00004224          *   00000022                : csl_csldat.obj (.csldata:SYS_data) [fill = 00]

.const       0   [ 000084a0 ]  00004250          *   00000050   
                 [ 000084a0 ]  00004250          *   0000001b   ezdsp5502bsl.lib : ezdsp5502_mcbsp.obj (.const:_$P$T0$1)
                 [ 000084d6 ]  0000426b          *   00000001   --HOLE-- [fill = 00]
                 [ 000084d8 ]  0000426c          *   00000016   main.obj (.const)
                 [ 00008504 ]  00004282          *   0000000a   ezdsp5502bsl.lib : ezdsp5502_i2c.obj (.const:_$P$T0$1)
                 [ 00008518 ]  0000428c          *   0000000a   reverb.obj (.const)
                 [ 0000852c ]  00004296          *   00000008   rts55x.lib : divd.obj (.const:_initial_approx$1)
                 [ 0000853c ]  0000429e          *   00000002              : fltlid.obj (.const)

.vectors     0     0000fe00  [ 00007f00 ] 00000100          *   
                   0000fe00  [ 00007f00 ] 00000100          *   vector.obj (.vectors)


GLOBAL SYMBOLS: SORTED ALPHABETICALLY BY Name 

abs. value/
byte addr   word addr   name
---------   ---------   ----
00000002                $TI_capability$C5500$CallingConvention
00000002                $TI_capability$C5500$MemoryModel
00000001                $TI_capability_requires_rev2
            00001570    .bss
            00000180    .data
00000300                .text
00002aad                C$$EXIT
00002a16                I$$LMPY
0000161d                _AIC3204_init
000015f3                _AIC3204_rset
00002ac4                _CSL5502_LIB_
            00004140    _CSL_DmaData
            000041be    _CSL_McbspData
            00004224    _CSL_SysData
00002a7c                _CSL_init
00001e64                _DMA_config
00002064                _DMA_open
0000126c                _DMA_reset
00001a99                _EZDSP5502_I2CGPIO_configLine
00001b70                _EZDSP5502_I2CGPIO_read
00001aec                _EZDSP5502_I2CGPIO_readLine
00001bbd                _EZDSP5502_I2CGPIO_write
00001b1d                _EZDSP5502_I2CGPIO_writeLine
0000268c                _EZDSP5502_I2C_init
000026d5                _EZDSP5502_I2C_read
000026a9                _EZDSP5502_I2C_reset
000026b3                _EZDSP5502_I2C_write
00002173                _EZDSP5502_MCBSP_close
0000212f                _EZDSP5502_MCBSP_init
000021b5                _EZDSP5502_MCBSP_read
00002185                _EZDSP5502_MCBSP_write
00002604                _EZDSP5502_init
000025be                _EZDSP5502_wait
000025f2                _EZDSP5502_waitusec
0000253c                _I2C_config
0000193c                _I2C_read
000017ac                _I2C_write
000028dc                _IRQ_clear
000026fc                _IRQ_enable
00002a4c                _IRQ_globalDisable
00002a5c                _IRQ_globalEnable
00002a88                _IRQ_globalRestore
00002344                _IRQ_plug
00002914                _IRQ_setVecs
0000294c                _MCBSP_close
00001d34                _MCBSP_config
00001f74                _MCBSP_open
00002ab4                _MCBSP_read16
00000968                _MCBSP_reset
000023d0                _MCBSP_start
00002abc                _MCBSP_write16
000021ec                _PLL_config
0000229c                _PLL_setFreq
            00001570    _RcvBuffer1
000000c0                _Reset
0000fe00                _VECSTART
            00001770    _XmitBuffer1
00002a6c                __CSL_init
            000037c0    __STACK_END
00002000                __STACK_SIZE
00001000                __SYSSTACK_SIZE
00000001                __TI_args_main
ffffffff                ___binit__
            00001570    ___bss__
ffffffff                ___c_args__
            00003fc0    ___cinit__
            00000180    ___data__
            00000180    ___edata__
            000027b6    ___end__
00002ac8                ___etext__
ffffffff                ___pinit__
00000300                ___text__
00000e27                __addd
00002818                __args_main
            000027b0    __cleanup_ptr
00001213                __cmpd
00000300                __divd
            000027b2    __dtors_ptr
000011df                __eqld
000029b6                __fixdi
0000261d                __fixdli
00002aa0                __fltid
00002764                __fltlid
00002452                __frcmpyd
000024c8                __frcmpyd_div
00001195                __geqd
0000114a                __gtrd
000010fd                __leqd
            000027ac    __lock
000010b5                __lssd
00001be7                __mpyd
00002a16                __mpyli
00002a3b                __negd
00001081                __neqd
00002a39                __nop
00002a31                __register_lock
00002a29                __register_unlock
            000027c0    __stack
00002a02                __subd
            000037c0    __sysstack
            000027ae    __unlock
00002aac                _abort
            000027b4    _aicMcbsp
00000cb4                _allPassFilter
000027cb                _auto_init
00002982                _c_int00
00000bc9                _combFilter
            00001b70    _combFilterSamples1
            00001d70    _combFilterSamples2
            00001f70    _combFilterSamples3
            00002170    _combFilterSamples4
000014c1                _configAudioDma
            00002772    _counter
00002a94                _dataMove
000028bd                _dmaRcvIsr
            0000279c    _dmaReception
            0000278a    _dmaRxConfig
            0000279e    _dmaTransmition
            00002778    _dmaTxConfig
000028a1                _dmaXmtIsr
00002863                _exit
000029e0                _initPLL
            00002773    _isActive
000006cc                _main
            000027a1    _myConfig
            00002776    _old_intm
            00001970    _processedBuffer
            00002775    _rcvEventId
            000027a0    _readyBuffer
000015a7                _startAudioDma
000015d1                _stopAudioDma
            00002777    _transferComplete
            00002774    _xmtEventId
ffffffff                binit
            00003fc0    cinit
            00000180    edata
            000027b6    end
00002ac8                etext
0000fe10                int0
0000fe18                int1
0000fe60                int10
0000fe68                int11
0000fe70                int12
0000fe78                int13
0000fe80                int14
0000fe88                int15
0000fe90                int16
0000fe98                int17
0000fea0                int18
0000fea8                int19
0000fe20                int2
0000feb0                int20
0000feb8                int21
0000fec0                int22
0000fec8                int23
0000fed0                int24
0000fed8                int25
0000fee0                int26
0000fee8                int27
0000fef0                int28
0000fef8                int29
0000fe28                int3
0000fe30                int4
0000fe38                int5
0000fe40                int6
0000fe48                int7
0000fe50                int8
0000fe58                int9
0000fe08                nmi
0000193a                no_isr
ffffffff                pinit


GLOBAL SYMBOLS: SORTED BY Symbol Address 

abs. value/
byte addr   word addr   name
---------   ---------   ----
00000001                $TI_capability_requires_rev2
00000001                __TI_args_main
00000002                $TI_capability$C5500$CallingConvention
00000002                $TI_capability$C5500$MemoryModel
000000c0                _Reset
            00000180    .data
00000300                .text
            00000180    ___data__
            00000180    ___edata__
00000300                ___text__
00000300                __divd
            00000180    edata
000006cc                _main
00000968                _MCBSP_reset
00000bc9                _combFilter
00000cb4                _allPassFilter
00000e27                __addd
00001000                __SYSSTACK_SIZE
00001081                __neqd
000010b5                __lssd
000010fd                __leqd
0000114a                __gtrd
00001195                __geqd
000011df                __eqld
00001213                __cmpd
0000126c                _DMA_reset
000014c1                _configAudioDma
000015a7                _startAudioDma
000015d1                _stopAudioDma
000015f3                _AIC3204_rset
0000161d                _AIC3204_init
000017ac                _I2C_write
0000193a                no_isr
0000193c                _I2C_read
00001a99                _EZDSP5502_I2CGPIO_configLine
00001aec                _EZDSP5502_I2CGPIO_readLine
00001b1d                _EZDSP5502_I2CGPIO_writeLine
00001b70                _EZDSP5502_I2CGPIO_read
00001bbd                _EZDSP5502_I2CGPIO_write
00001be7                __mpyd
00001d34                _MCBSP_config
00001e64                _DMA_config
00001f74                _MCBSP_open
00002000                __STACK_SIZE
00002064                _DMA_open
0000212f                _EZDSP5502_MCBSP_init
00002173                _EZDSP5502_MCBSP_close
00002185                _EZDSP5502_MCBSP_write
000021b5                _EZDSP5502_MCBSP_read
000021ec                _PLL_config
0000229c                _PLL_setFreq
00002344                _IRQ_plug
000023d0                _MCBSP_start
00002452                __frcmpyd
000024c8                __frcmpyd_div
0000253c                _I2C_config
000025be                _EZDSP5502_wait
000025f2                _EZDSP5502_waitusec
00002604                _EZDSP5502_init
0000261d                __fixdli
0000268c                _EZDSP5502_I2C_init
000026a9                _EZDSP5502_I2C_reset
000026b3                _EZDSP5502_I2C_write
000026d5                _EZDSP5502_I2C_read
000026fc                _IRQ_enable
00002764                __fltlid
000027cb                _auto_init
00002818                __args_main
00002863                _exit
000028a1                _dmaXmtIsr
000028bd                _dmaRcvIsr
000028dc                _IRQ_clear
00002914                _IRQ_setVecs
0000294c                _MCBSP_close
00002982                _c_int00
000029b6                __fixdi
000029e0                _initPLL
00002a02                __subd
00002a16                I$$LMPY
00002a16                __mpyli
00002a29                __register_unlock
00002a31                __register_lock
00002a39                __nop
00002a3b                __negd
00002a4c                _IRQ_globalDisable
00002a5c                _IRQ_globalEnable
00002a6c                __CSL_init
00002a7c                _CSL_init
00002a88                _IRQ_globalRestore
00002a94                _dataMove
00002aa0                __fltid
00002aac                _abort
00002aad                C$$EXIT
00002ab4                _MCBSP_read16
00002abc                _MCBSP_write16
00002ac4                _CSL5502_LIB_
00002ac8                ___etext__
00002ac8                etext
            00001570    .bss
            00001570    _RcvBuffer1
            00001570    ___bss__
            00001770    _XmitBuffer1
            00001970    _processedBuffer
            00001b70    _combFilterSamples1
            00001d70    _combFilterSamples2
            00001f70    _combFilterSamples3
            00002170    _combFilterSamples4
            00002772    _counter
            00002773    _isActive
            00002774    _xmtEventId
            00002775    _rcvEventId
            00002776    _old_intm
            00002777    _transferComplete
            00002778    _dmaTxConfig
            0000278a    _dmaRxConfig
            0000279c    _dmaReception
            0000279e    _dmaTransmition
            000027a0    _readyBuffer
            000027a1    _myConfig
            000027ac    __lock
            000027ae    __unlock
            000027b0    __cleanup_ptr
            000027b2    __dtors_ptr
            000027b4    _aicMcbsp
            000027b6    ___end__
            000027b6    end
            000027c0    __stack
            000037c0    __STACK_END
            000037c0    __sysstack
            00003fc0    ___cinit__
            00003fc0    cinit
            00004140    _CSL_DmaData
            000041be    _CSL_McbspData
            00004224    _CSL_SysData
0000fe00                _VECSTART
0000fe08                nmi
0000fe10                int0
0000fe18                int1
0000fe20                int2
0000fe28                int3
0000fe30                int4
0000fe38                int5
0000fe40                int6
0000fe48                int7
0000fe50                int8
0000fe58                int9
0000fe60                int10
0000fe68                int11
0000fe70                int12
0000fe78                int13
0000fe80                int14
0000fe88                int15
0000fe90                int16
0000fe98                int17
0000fea0                int18
0000fea8                int19
0000feb0                int20
0000feb8                int21
0000fec0                int22
0000fec8                int23
0000fed0                int24
0000fed8                int25
0000fee0                int26
0000fee8                int27
0000fef0                int28
0000fef8                int29
ffffffff                ___binit__
ffffffff                ___c_args__
ffffffff                ___pinit__
ffffffff                binit
ffffffff                pinit

[171 symbols]
