******************************************************************************
              TMS320C55x Linker PC v4.4.1                      
******************************************************************************
>> Linked Sun Oct 27 16:19:56 2024

OUTPUT FILE NAME:   <Teste10.out>
ENTRY POINT SYMBOL: "_c_int00"  address: 00003812


MEMORY CONFIGURATION

         name            origin    length      used     unused   attr    fill
                        (bytes)   (bytes)    (bytes)   (bytes)
----------------------  --------  ---------  --------  --------  ----  --------
PAGE 0:
  MMR                   00000000   000000c0  00000000  000000c0  RWIX
  BTRSVD                000000c0   00000240  00000000  00000240  RWIX
  DARAM                 00000300   0000fb00  00004bba  0000af46  RWIX
  VECS                  0000fe00   00000200  00000100  00000100  RWIX
  CE0                   00010000   003f0000  00000000  003f0000  RWIX
  CE1                   00400000   00400000  00000000  00400000  RWIX
  CE2                   00800000   00400000  00000000  00400000  RWIX
  CE3                   00c00000   003f8000  00000000  003f8000  RWIX
  PDROM                 00ff8000   00008000  00000000  00008000  R IX

PAGE 2:
  IOPORT                00000000   00020000  00000000  00020000  RWI 


SECTION ALLOCATION MAP
(Addresses surrounded by []'s are displayed for convenience only!)

output                                                          attributes/
section   page  orgn(bytes) orgn(words) len(bytes) len(words)   input sections
--------  ----  ----------- ----------- ---------- ----------   --------------
.stack       0   [ 00000300 ]  00000180          *   00001000   
                 [ 00000300 ]  00000180          *   00001000   --HOLE-- [fill = 00]

.data        0   [ 00000300 ]  00000180          *   00000000   

.pinit       0   [ 00000300 ]  00000180          *   00000000   

.text        0     00002300  [ 00001180 ] 00001618          *   
                   00002300  [ 00001180 ] 00000261          *   csl5502x.lib : mcbsp_rst.obj (.text:MCBSP_reset)
                   00002561  [ 000012b0+] 0000022d          *   aic3204.obj (.text)
                   0000278e  [ 000013c7 ] 0000020c          *   ezdsp5502bsl.lib : ezdsp5502_gpio.obj (.text)
                   0000299a  [ 000014cd ] 000001e8          *   oled.obj (.text)
                   00002b82  [ 000015c1 ] 00000002          *   rts55x.lib : vectors.obj (.text)
                   00002b84  [ 000015c2 ] 0000018e          *   csl5502x.lib : i2c_write.obj (.text:I2C_write)
                   00002d12  [ 00001689 ] 0000018b          *   lcd.obj (.text)
                   00002e9d  [ 0000174e ] 00000003          *   --HOLE-- [fill = 20]
                   00002ea0  [ 00001750 ] 0000015d          *   csl5502x.lib : i2c_read.obj (.text:I2C_read)
                   00002ffd  [ 000017fe+] 0000014e          *   ezdsp5502bsl.lib : ezdsp5502_i2cgpio.obj (.text)
                   0000314b  [ 000018a5 ] 00000001          *   --HOLE-- [fill = 20]
                   0000314c  [ 000018a6 ] 00000130          *   csl5502x.lib : mcbsp_cfg.obj (.text:MCBSP_config)
                   0000327c  [ 0000193e ] 000000ee          *                : mcbsp_open.obj (.text:MCBSP_open)
                   0000336a  [ 000019b5 ] 000000ba          *   ezdsp5502bsl.lib : ezdsp5502_mcbsp.obj (.text)
                   00003424  [ 00001a12 ] 00000082          *   csl5502x.lib : mcbsp_start.obj (.text:MCBSP_start)
                   000034a6  [ 00001a53 ] 00000078          *   principal.obj (.text)
                   0000351e  [ 00001a8f ] 00000002          *   --HOLE-- [fill = 20]
                   00003520  [ 00001a90 ] 00000072          *   csl5502x.lib : i2c_cfg.obj (.text:I2C_config)
                   00003592  [ 00001ac9 ] 0000006f          *   ezdsp5502bsl.lib : ezdsp5502.obj (.text)
                   00003601  [ 00001b00+] 0000006d          *                    : ezdsp5502_i2c.obj (.text)
                   0000366e  [ 00001b37 ] 00000002          *   --HOLE-- [fill = 20]
                   00003670  [ 00001b38 ] 0000004f          *   csl5502x.lib : gpio_open.obj (.text:GPIO_open)
                   000036bf  [ 00001b5f+] 0000004d          *   rts55x.lib : autoinit.obj (.text)
                   0000370c  [ 00001b86 ] 0000004b          *              : args_main.obj (.text)
                   00003757  [ 00001bab+] 00000046          *   led.obj (.text)
                   0000379d  [ 00001bce+] 0000003e          *   rts55x.lib : exit.obj (.text)
                   000037db  [ 00001bed ] 00000001          *   --HOLE-- [fill = 20]
                   000037dc  [ 00001bee ] 00000036          *   csl5502x.lib : mcbsp_cls.obj (.text:MCBSP_close)
                   00003812  [ 00001c09 ] 00000034          *   rts55x.lib : boot.obj (.text)
                   00003846  [ 00001c23 ] 00000002          *   --HOLE-- [fill = 20]
                   00003848  [ 00001c24 ] 0000001f          *   csl5502x.lib : gpio_dir.obj (.text:GPIO_pinDirection)
                   00003867  [ 00001c33 ] 00000001          *   --HOLE-- [fill = 20]
                   00003868  [ 00001c34 ] 0000001f          *                : gpio_write.obj (.text:GPIO_pinWrite)
                   00003887  [ 00001c43 ] 00000001          *   --HOLE-- [fill = 20]
                   00003888  [ 00001c44 ] 00000014          *                : gpio_read.obj (.text:GPIO_pinRead)
                   0000389c  [ 00001c4e ] 00000013          *                : gpio_enab.obj (.text:GPIO_pinEnable)
                   000038af  [ 00001c57+] 00000012          *   rts55x.lib : _lock.obj (.text)
                   000038c1  [ 00001c60 ] 00000003          *   --HOLE-- [fill = 20]
                   000038c4  [ 00001c62 ] 0000000f          *   csl5502x.lib : irq_gdisab.obj (.text:IRQ_globalDisable)
                   000038d3  [ 00001c69 ] 00000001          *   --HOLE-- [fill = 20]
                   000038d4  [ 00001c6a ] 0000000d          *                : _csl_init.obj (.text:_CSL_init)
                   000038e1  [ 00001c70 ] 00000003          *   --HOLE-- [fill = 20]
                   000038e4  [ 00001c72 ] 0000000c          *                : csl.obj (.text:CSL_init)
                   000038f0  [ 00001c78 ] 0000000c          *                : irq_grest.obj (.text:IRQ_globalRestore)
                   000038fc  [ 00001c7e ] 00000007          *   rts55x.lib : exit.obj (.text:CIO_breakpoint)
                   00003903  [ 00001c81 ] 00000001          *   --HOLE-- [fill = 20]
                   00003904  [ 00001c82 ] 00000007          *   csl5502x.lib : mcbsp_r16.obj (.text:MCBSP_read16)
                   0000390b  [ 00001c85 ] 00000001          *   --HOLE-- [fill = 20]
                   0000390c  [ 00001c86 ] 00000007          *                : mcbsp_w16.obj (.text:MCBSP_write16)
                   00003913  [ 00001c89 ] 00000001          *   --HOLE-- [fill = 20]
                   00003914  [ 00001c8a ] 00000002          *                : csl.obj (.text)
                   00003916  [ 00001c8b ] 00000002          *   --HOLE-- [fill = 20]

.sysstack 
*            0   [ 00003920 ]  00001c90          *   00000800   
                 [ 00003920 ]  00001c90          *   00000800   --HOLE-- [fill = 00]

.const       0   [ 00004920 ]  00002490          *   0000014c   
                 [ 00004920 ]  00002490          *   00000104   oled.obj (.const:_fonte)
                 [ 00004b28 ]  00002594          *   00000023   principal.obj (.const:.string)
                 [ 00004b6e ]  000025b7          *   0000001b   ezdsp5502bsl.lib : ezdsp5502_mcbsp.obj (.const:_$P$T0$1)
                 [ 00004ba4 ]  000025d2          *   0000000a                    : ezdsp5502_i2c.obj (.const:_$P$T0$1)

.cinit       0   [ 00004bb8 ]  000025dc          *   000000ca   
                 [ 00004bb8 ]  000025dc          *   00000069   csl5502x.lib : csl_mcbspdat.obj (.cinit)
                 [ 00004c8a ]  00002645          *   00000025                : csl_csldat.obj (.cinit)
                 [ 00004cd4 ]  0000266a          *   00000023                : csl_gpiodat.obj (.cinit)
                 [ 00004d1a ]  0000268d          *   0000000a   rts55x.lib : _lock.obj (.cinit)
                 [ 00004d2e ]  00002697          *   0000000a              : exit.obj (.cinit)
                 [ 00004d42 ]  000026a1          *   00000004   oled.obj (.cinit)
                 [ 00004d4a ]  000026a5          *   00000001   --HOLE-- [fill = 0]

.csldata     0   [ 00004d60 ]  000026b0          *   000000a8   
                 [ 00004d60 ]  000026b0          *   00000066   csl5502x.lib : csl_mcbspdat.obj (.csldata:MCBSP_data) [fill = 00]
                 [ 00004e2c ]  00002716          *   00000022                : csl_csldat.obj (.csldata:SYS_data) [fill = 00]
                 [ 00004e70 ]  00002738          *   00000020                : csl_gpiodat.obj (.csldata:GPIO_data) [fill = 00]

.bss         0   [ 00004ec0 ]  00002760          *   00000013   
                 [ 00004ec0 ]  00002760          *   00000008   ezdsp5502bsl.lib : ezdsp5502_gpio.obj (.bss) [fill = 00]
                 [ 00004ed0 ]  00002768          *   00000004   rts55x.lib : _lock.obj (.bss) [fill = 00]
                 [ 00004ed8 ]  0000276c          *   00000004              : exit.obj (.bss) [fill = 00]
                 [ 00004ee0 ]  00002770          *   00000002   ezdsp5502bsl.lib : ezdsp5502_mcbsp.obj (.bss) [fill = 00]
                 [ 00004ee4 ]  00002772          *   00000001   oled.obj (.bss) [fill = 00]

vectors      0     0000fe00  [ 00007f00 ] 00000100          *   
                   0000fe00  [ 00007f00 ] 00000100          *   rts55x.lib : vectors.obj (vectors)


GLOBAL SYMBOLS: SORTED ALPHABETICALLY BY Name 

abs. value/
byte addr   word addr   name
---------   ---------   ----
00000002                $TI_capability$C5500$CallingConvention
00000002                $TI_capability$C5500$MemoryModel
00000001                $TI_capability_requires_rev2
            00002760    .bss
            00000180    .data
00002300                .text
000038fd                C$$EXIT
00002561                _AIC3204_rget
000025ae                _AIC3204_rset
00003914                _CSL5502_LIB_
            00002738    _CSL_GpioData
            000026b0    _CSL_McbspData
            00002716    _CSL_SysData
000038e4                _CSL_init
0000291f                _EZDSP5502_GPIO_getInput
0000278e                _EZDSP5502_GPIO_init
00002825                _EZDSP5502_GPIO_setDirection
000028a2                _EZDSP5502_GPIO_setOutput
00002ffd                _EZDSP5502_I2CGPIO_configLine
000030d4                _EZDSP5502_I2CGPIO_read
00003050                _EZDSP5502_I2CGPIO_readLine
00003121                _EZDSP5502_I2CGPIO_write
00003081                _EZDSP5502_I2CGPIO_writeLine
00003601                _EZDSP5502_I2C_init
0000364a                _EZDSP5502_I2C_read
0000361e                _EZDSP5502_I2C_reset
00003628                _EZDSP5502_I2C_write
000033ae                _EZDSP5502_MCBSP_close
0000336a                _EZDSP5502_MCBSP_init
000033f0                _EZDSP5502_MCBSP_read
000033c0                _EZDSP5502_MCBSP_write
000035e8                _EZDSP5502_init
000035a2                _EZDSP5502_wait
000035d6                _EZDSP5502_waitusec
00003670                _GPIO_open
00003848                _GPIO_pinDirection
0000389c                _GPIO_pinEnable
00003888                _GPIO_pinRead
00003868                _GPIO_pinWrite
00003520                _I2C_config
00002ea0                _I2C_read
00002b84                _I2C_write
000038c4                _IRQ_globalDisable
000038f0                _IRQ_globalRestore
000037dc                _MCBSP_close
0000314c                _MCBSP_config
0000327c                _MCBSP_open
00003904                _MCBSP_read16
00002300                _MCBSP_reset
00003424                _MCBSP_start
0000390c                _MCBSP_write16
0000fe00                _Reset
000038d4                __CSL_init
            00001180    __STACK_END
00002000                __STACK_SIZE
00001000                __SYSSTACK_SIZE
00000001                __TI_args_main
ffffffff                ___binit__
            00002760    ___bss__
ffffffff                ___c_args__
            000025dc    ___cinit__
            00000180    ___data__
            00000180    ___edata__
            00002773    ___end__
00003918                ___etext__
ffffffff                ___pinit__
00002300                ___text__
0000370c                __args_main
            0000276c    __cleanup_ptr
            0000276e    __dtors_ptr
            00002768    __lock
000038bf                __nop
000038b7                __register_lock
000038af                __register_unlock
            00000180    __stack
            00001c90    __sysstack
            0000276a    __unlock
000038fc                _abort
            00002770    _aicMcbsp
000036bf                _auto_init
00003812                _c_int00
00002ad2                _clearPage
0000379d                _exit
            00002490    _fonte
            00002760    _hGPIO_group0
            00002762    _hGPIO_group1
            00002764    _hGPIO_group2
            00002766    _hGPIO_group3
            00002772    _i
000025d8                _initAIC3204
00003757                _initLED
00002b64                _initOLED
000034a6                _loopCapture
000034eb                _main
00002b4b                _message
00002d80                _osd9616_init
00002d32                _osd9616_multiSend
00002d12                _osd9616_send
0000299a                _printChar
00002e60                _printLetter
00002b12                _printSpace
00002a65                _printString
00002aac                _writeOnPage
ffffffff                binit
            000025dc    cinit
            00000180    edata
            00002773    end
00003918                etext
ffffffff                pinit


GLOBAL SYMBOLS: SORTED BY Symbol Address 

abs. value/
byte addr   word addr   name
---------   ---------   ----
00000001                $TI_capability_requires_rev2
00000001                __TI_args_main
00000002                $TI_capability$C5500$CallingConvention
00000002                $TI_capability$C5500$MemoryModel
            00000180    .data
            00000180    ___data__
            00000180    ___edata__
            00000180    __stack
            00000180    edata
00001000                __SYSSTACK_SIZE
00002000                __STACK_SIZE
00002300                .text
00002300                _MCBSP_reset
            00001180    __STACK_END
00002300                ___text__
00002561                _AIC3204_rget
000025ae                _AIC3204_rset
000025d8                _initAIC3204
0000278e                _EZDSP5502_GPIO_init
00002825                _EZDSP5502_GPIO_setDirection
000028a2                _EZDSP5502_GPIO_setOutput
0000291f                _EZDSP5502_GPIO_getInput
0000299a                _printChar
00002a65                _printString
00002aac                _writeOnPage
00002ad2                _clearPage
00002b12                _printSpace
00002b4b                _message
00002b64                _initOLED
00002b84                _I2C_write
00002d12                _osd9616_send
00002d32                _osd9616_multiSend
00002d80                _osd9616_init
00002e60                _printLetter
00002ea0                _I2C_read
00002ffd                _EZDSP5502_I2CGPIO_configLine
00003050                _EZDSP5502_I2CGPIO_readLine
00003081                _EZDSP5502_I2CGPIO_writeLine
000030d4                _EZDSP5502_I2CGPIO_read
00003121                _EZDSP5502_I2CGPIO_write
0000314c                _MCBSP_config
0000327c                _MCBSP_open
0000336a                _EZDSP5502_MCBSP_init
000033ae                _EZDSP5502_MCBSP_close
000033c0                _EZDSP5502_MCBSP_write
000033f0                _EZDSP5502_MCBSP_read
00003424                _MCBSP_start
000034a6                _loopCapture
000034eb                _main
00003520                _I2C_config
000035a2                _EZDSP5502_wait
000035d6                _EZDSP5502_waitusec
000035e8                _EZDSP5502_init
00003601                _EZDSP5502_I2C_init
0000361e                _EZDSP5502_I2C_reset
00003628                _EZDSP5502_I2C_write
0000364a                _EZDSP5502_I2C_read
00003670                _GPIO_open
000036bf                _auto_init
0000370c                __args_main
00003757                _initLED
0000379d                _exit
000037dc                _MCBSP_close
00003812                _c_int00
00003848                _GPIO_pinDirection
00003868                _GPIO_pinWrite
00003888                _GPIO_pinRead
0000389c                _GPIO_pinEnable
000038af                __register_unlock
000038b7                __register_lock
000038bf                __nop
000038c4                _IRQ_globalDisable
000038d4                __CSL_init
000038e4                _CSL_init
000038f0                _IRQ_globalRestore
000038fc                _abort
000038fd                C$$EXIT
00003904                _MCBSP_read16
0000390c                _MCBSP_write16
00003914                _CSL5502_LIB_
00003918                ___etext__
00003918                etext
            00001c90    __sysstack
            00002490    _fonte
            000025dc    ___cinit__
            000025dc    cinit
            000026b0    _CSL_McbspData
            00002716    _CSL_SysData
            00002738    _CSL_GpioData
            00002760    .bss
            00002760    ___bss__
            00002760    _hGPIO_group0
            00002762    _hGPIO_group1
            00002764    _hGPIO_group2
            00002766    _hGPIO_group3
            00002768    __lock
            0000276a    __unlock
            0000276c    __cleanup_ptr
            0000276e    __dtors_ptr
            00002770    _aicMcbsp
            00002772    _i
            00002773    ___end__
            00002773    end
0000fe00                _Reset
ffffffff                ___binit__
ffffffff                ___c_args__
ffffffff                ___pinit__
ffffffff                binit
ffffffff                pinit

[109 symbols]
