******************************************************************************
              TMS320C55x Linker PC v4.4.1                      
******************************************************************************
>> Linked Sun Feb 02 16:58:49 2025

OUTPUT FILE NAME:   <projlabiii.out>
ENTRY POINT SYMBOL: "_c_int00"  address: 00006e14


MEMORY CONFIGURATION

         name            origin    length      used     unused   attr    fill
                        (bytes)   (bytes)    (bytes)   (bytes)
----------------------  --------  ---------  --------  --------  ----  --------
PAGE 0:
  MMR                   00000000   000000c0  00000000  000000c0  RWIX
  BTRSVD                000000c0   00000240  00000000  00000240  RWIX
  DARAM                 00000300   0000fb00  0000da40  000020c0  RWIX
  VECS                  0000fe00   00000200  00000100  00000100  RWIX
  CE0                   00010000   003f0000  00000000  003f0000  RWIX
  CE1                   00400000   00400000  00000000  00400000  RWIX
  CE2                   00800000   00400000  00000000  00400000  RWIX
  CE3                   00c00000   003f8000  00000000  003f8000  RWIX
  PDROM                 00ff8000   00008000  00000000  00008000  R IX

PAGE 2:
  IOPORT                00000000   00020000  00000000  00020000  RWI 


SECTION ALLOCATION MAP
(Addresses surrounded by []'s are displayed for convenience only!)

output                                                          attributes/
section   page  orgn(bytes) orgn(words) len(bytes) len(words)   input sections
--------  ----  ----------- ----------- ---------- ----------   --------------
.text        0     00000300  [ 00000180 ] 00006d0c          *   
                   00000300  [ 00000180 ] 000015a4          *   rts55x.lib : _printfi.obj (.text)
                   000018a4  [ 00000c52 ] 000005a7          *   reverb.obj (.text)
                   00001e4b  [ 00000f25+] 00000543          *   rts55x.lib : lowlev.obj (.text)
                   0000238e  [ 000011c7 ] 00000528          *              : trgdrv.obj (.text)
                   000028b6  [ 0000145b ] 000004b5          *              : memory.obj (.text)
                   00002d6b  [ 000016b5+] 000003cc          *              : divd.obj (.text)
                   00003137  [ 0000189b+] 00000341          *   pitch_shifter.obj (.text)
                   00003478  [ 00001a3c ] 000002d8          *   display.obj (.text)
                   00003750  [ 00001ba8 ] 0000027f          *   rts55x.lib : fopen.obj (.text)
                   000039cf  [ 00001ce7+] 0000025e          *              : llmpy.obj (.text)
                   00003c2d  [ 00001e16+] 0000025a          *              : addd.obj (.text)
                   00003e87  [ 00001f43+] 00000242          *   effect_control.obj (.text)
                   000040c9  [ 00002064+] 0000023b          *   rts55x.lib : fmod.obj (.text)
                   00004304  [ 00002182 ] 00000218          *   flanger.obj (.text)
                   0000451c  [ 0000228e ] 00000218          *   rts55x.lib : cos.obj (.text)
                   00004734  [ 0000239a ] 0000020c          *   ezdsp5502bsl.lib : ezdsp5502_gpio.obj (.text)
                   00004940  [ 000024a0 ] 000001fe          *   tremolo.obj (.text)
                   00004b3e  [ 0000259f ] 000001f2          *   rts55x.lib : sin.obj (.text)
                   00004d30  [ 00002698 ] 000001ee          *              : fwrite.obj (.text)
                   00004f1e  [ 0000278f ] 000001ea          *              : cmpd.obj (.text)
                   00005108  [ 00002884 ] 0000018e          *   csl5502x.lib : i2c_write.obj (.text:I2C_write)
                   00005296  [ 0000294b ] 0000018b          *   lcd.obj (.text)
                   00005421  [ 00002a10+] 00000163          *   rts55x.lib : fputs.obj (.text)
                   00005584  [ 00002ac2 ] 0000015d          *   csl5502x.lib : i2c_read.obj (.text:I2C_read)
                   000056e1  [ 00002b70+] 0000014e          *   ezdsp5502bsl.lib : ezdsp5502_i2cgpio.obj (.text)
                   0000582f  [ 00002c17+] 0000014c          *   rts55x.lib : mpyd.obj (.text)
                   0000597b  [ 00002cbd+] 0000010f          *              : fread.obj (.text)
                   00005a8a  [ 00002d45 ] 000000f2          *              : ldexp.obj (.text)
                   00005b7c  [ 00002dbe ] 000000ea          *   main.obj (.text)
                   00005c66  [ 00002e33 ] 000000e6          *   rts55x.lib : setvbuf.obj (.text)
                   00005d4c  [ 00002ea6 ] 000000dd          *              : _io_perm.obj (.text)
                   00005e29  [ 00002f14+] 000000cc          *              : frexp.obj (.text)
                   00005ef5  [ 00002f7a+] 000000c6          *   wav.obj (.text)
                   00005fbb  [ 00002fdd+] 000000c2          *   rts55x.lib : fflush.obj (.text)
                   0000607d  [ 0000303e+] 000000bf          *              : modf.obj (.text)
                   0000613c  [ 0000309e ] 000000ba          *              : trgmsg.obj (.text:CIO_breakpoint)
                   000061f6  [ 000030fb ] 000000ae          *              : _bufread.obj (.text)
                   000062a4  [ 00003152 ] 000000a6          *              : fputc.obj (.text)
                   0000634a  [ 000031a5 ] 000000a2          *              : floor.obj (.text)
                   000063ec  [ 000031f6 ] 000000a1          *              : divul.obj (.text)
                   0000648d  [ 00003246+] 0000007d          *              : ltoa.obj (.text)
                   0000650a  [ 00003285 ] 0000007b          *              : fclose.obj (.text)
                   00006585  [ 000032c2+] 00000076          *              : frcmpyd.obj (.text)
                   000065fb  [ 000032fd+] 00000073          *              : frcmpyd_div.obj (.text)
                   0000666e  [ 00003337 ] 00000002          *              : vectors.obj (.text)
                   00006670  [ 00003338 ] 00000072          *   csl5502x.lib : i2c_cfg.obj (.text:I2C_config)
                   000066e2  [ 00003371 ] 00000072          *   rts55x.lib : remul.obj (.text)
                   00006754  [ 000033aa ] 0000006f          *   ezdsp5502bsl.lib : ezdsp5502.obj (.text)
                   000067c3  [ 000033e1+] 0000006f          *   rts55x.lib : fixdli.obj (.text)
                   00006832  [ 00003419 ] 0000006d          *   ezdsp5502bsl.lib : ezdsp5502_i2c.obj (.text)
                   0000689f  [ 0000344f+] 0000006d          *   rts55x.lib : trgmsg.obj (.text)
                   0000690c  [ 00003486 ] 0000006b          *              : fseek.obj (.text)
                   00006977  [ 000034bb+] 00000067          *              : fltlid.obj (.text)
                   000069de  [ 000034ef ] 0000005f          *              : round.obj (.text)
                   00006a3d  [ 0000351e+] 0000005c          *              : atoi.obj (.text)
                   00006a99  [ 0000354c+] 0000005b          *              : fltuld.obj (.text)
                   00006af4  [ 0000357a ] 0000005a          *   switch.obj (.text)
                   00006b4e  [ 000035a7 ] 00000050          *   rts55x.lib : printf.obj (.text)
                   00006b9e  [ 000035cf ] 00000002          *   --HOLE-- [fill = 20]
                   00006ba0  [ 000035d0 ] 0000004f          *   csl5502x.lib : gpio_open.obj (.text:GPIO_open)
                   00006bef  [ 000035f7+] 0000004d          *   rts55x.lib : autoinit.obj (.text)
                   00006c3c  [ 0000361e ] 0000004b          *              : args_main.obj (.text)
                   00006c87  [ 00003643+] 0000004b          *              : remli.obj (.text)
                   00006cd2  [ 00003669 ] 00000048          *              : divli.obj (.text)
                   00006d1a  [ 0000368d ] 00000041          *              : trunc.obj (.text)
                   00006d5b  [ 000036ad+] 0000003f          *              : memcpy.obj (.text)
                   00006d9a  [ 000036cd ] 0000003e          *              : exit.obj (.text)
                   00006dd8  [ 000036ec ] 0000003c          *              : idiv.obj (.text)
                   00006e14  [ 0000370a ] 00000034          *              : boot.obj (.text)
                   00006e48  [ 00003724 ] 0000002a          *              : fixdi.obj (.text)
                   00006e72  [ 00003739 ] 0000002a          *              : udiv.obj (.text)
                   00006e9c  [ 0000374e ] 00000023          *              : memccpy.obj (.text)
                   00006ebf  [ 0000375f ] 00000001          *   --HOLE-- [fill = 20]
                   00006ec0  [ 00003760 ] 0000001f          *   csl5502x.lib : gpio_dir.obj (.text:GPIO_pinDirection)
                   00006edf  [ 0000376f ] 00000001          *   --HOLE-- [fill = 20]
                   00006ee0  [ 00003770 ] 0000001f          *                : gpio_write.obj (.text:GPIO_pinWrite)
                   00006eff  [ 0000377f+] 0000001a          *   rts55x.lib : isinf.obj (.text)
                   00006f19  [ 0000378c ] 00000003          *   --HOLE-- [fill = 20]
                   00006f1c  [ 0000378e ] 00000014          *   csl5502x.lib : gpio_read.obj (.text:GPIO_pinRead)
                   00006f30  [ 00003798 ] 00000014          *   rts55x.lib : subd.obj (.text)
                   00006f44  [ 000037a2 ] 00000013          *   csl5502x.lib : gpio_enab.obj (.text:GPIO_pinEnable)
                   00006f57  [ 000037ab+] 00000013          *   rts55x.lib : lmpy.obj (.text)
                   00006f6a  [ 000037b5 ] 00000012          *              : _lock.obj (.text)
                   00006f7c  [ 000037be ] 00000011          *              : memset.obj (.text)
                   00006f8d  [ 000037c6+] 00000010          *              : negd.obj (.text)
                   00006f9d  [ 000037ce ] 00000003          *   --HOLE-- [fill = 20]
                   00006fa0  [ 000037d0 ] 0000000f          *   csl5502x.lib : irq_gdisab.obj (.text:IRQ_globalDisable)
                   00006faf  [ 000037d7+] 0000000e          *   rts55x.lib : fltud.obj (.text)
                   00006fbd  [ 000037de ] 00000003          *   --HOLE-- [fill = 20]
                   00006fc0  [ 000037e0 ] 0000000d          *   csl5502x.lib : _csl_init.obj (.text:_CSL_init)
                   00006fcd  [ 000037e6 ] 00000003          *   --HOLE-- [fill = 20]
                   00006fd0  [ 000037e8 ] 0000000c          *                : csl.obj (.text:CSL_init)
                   00006fdc  [ 000037ee ] 0000000c          *                : irq_grest.obj (.text:IRQ_globalRestore)
                   00006fe8  [ 000037f4 ] 0000000c          *   rts55x.lib : fltid.obj (.text)
                   00006ff4  [ 000037fa ] 0000000a          *              : remove.obj (.text)
                   00006ffe  [ 000037ff ] 00000007          *              : exit.obj (.text:CIO_breakpoint)
                   00007005  [ 00003802 ] 00000003          *   --HOLE-- [fill = 20]
                   00007008  [ 00003804 ] 00000002          *   csl5502x.lib : csl.obj (.text)
                   0000700a  [ 00003805 ] 00000002          *   --HOLE-- [fill = 20]

.data        0   [ 00000300 ]  00000180          *   00000000   

.pinit       0   [ 00000300 ]  00000180          *   00000000   

.stack       0   [ 00007020 ]  00003810          *   00001000   
                 [ 00007020 ]  00003810          *   00001000   --HOLE-- [fill = 00]

.sysmem      0   [ 00009020 ]  00004810          *   00001000   UNINITIALIZED
                 [ 00009020 ]  00004810          *   00001000   --HOLE--

.sysstack 
*            0   [ 0000b020 ]  00005810          *   00000800   
                 [ 0000b020 ]  00005810          *   00000800   --HOLE-- [fill = 00]

.const       0   [ 0000c020 ]  00006010          *   000007b8   
                 [ 0000c020 ]  00006010          *   000002cc   display.obj (.const:.string)
                 [ 0000c5b8 ]  000062dc          *   00000104   font.obj (.const:_fonte)
                 [ 0000c7c0 ]  000063e0          *   00000101   rts55x.lib : ctype.obj (.const:__ctypes_)
                 [ 0000c9c2 ]  000064e1          *   00000001   --HOLE-- [fill = 00]
                 [ 0000c9c4 ]  000064e2          *   000000b1   wav.obj (.const:.string)
                 [ 0000cb26 ]  00006593          *   00000001   --HOLE-- [fill = 00]
                 [ 0000cb28 ]  00006594          *   0000005b   effect_control.obj (.const:.string)
                 [ 0000cbde ]  000065ef          *   00000001   --HOLE-- [fill = 00]
                 [ 0000cbe0 ]  000065f0          *   0000002c   flanger.obj (.const:.string)
                 [ 0000cc38 ]  0000661c          *   0000002c   pitch_shifter.obj (.const:.string)
                 [ 0000cc90 ]  00006648          *   00000024   rts55x.lib : _printfi.obj (.const:.string)
                 [ 0000ccd8 ]  0000666c          *   00000022   main.obj (.const:.string)
                 [ 0000cd1c ]  0000668e          *   0000001c   effect_control.obj (.const)
                 [ 0000cd54 ]  000066aa          *   00000016   rts55x.lib : cos.obj (.const)
                 [ 0000cd80 ]  000066c0          *   00000014              : sin.obj (.const)
                 [ 0000cda8 ]  000066d4          *   00000010   display.obj (.const:_$P$T0$1)
                 [ 0000cdc8 ]  000066e4          *   00000010   display.obj (.const:_$P$T1$2)
                 [ 0000cde8 ]  000066f4          *   00000010   display.obj (.const:_$P$T2$3)
                 [ 0000ce08 ]  00006704          *   00000010   display.obj (.const:_$P$T3$4)
                 [ 0000ce28 ]  00006714          *   00000010   display.obj (.const:_$P$T4$5)
                 [ 0000ce48 ]  00006724          *   0000000e   pitch_shifter.obj (.const)
                 [ 0000ce64 ]  00006732          *   0000000c   reverb.obj (.const)
                 [ 0000ce7c ]  0000673e          *   0000000c   rts55x.lib : _printfi.obj (.const)
                 [ 0000ce94 ]  0000674a          *   0000000c              : fmod.obj (.const)
                 [ 0000ceac ]  00006756          *   0000000c   tremolo.obj (.const)
                 [ 0000cec4 ]  00006762          *   0000000a   ezdsp5502bsl.lib : ezdsp5502_i2c.obj (.const:_$P$T0$1)
                 [ 0000ced8 ]  0000676c          *   0000000a   flanger.obj (.const)
                 [ 0000ceec ]  00006776          *   0000000a   rts55x.lib : ldexp.obj (.const)
                 [ 0000cf00 ]  00006780          *   00000008   reverb.obj (.const:_$P$T0$1)
                 [ 0000cf10 ]  00006788          *   00000008   reverb.obj (.const:_$P$T1$2)
                 [ 0000cf20 ]  00006790          *   00000008   rts55x.lib : divd.obj (.const:_initial_approx$1)
                 [ 0000cf30 ]  00006798          *   00000008              : floor.obj (.const)
                 [ 0000cf40 ]  000067a0          *   00000008              : frexp.obj (.const)
                 [ 0000cf50 ]  000067a8          *   00000008              : round.obj (.const)
                 [ 0000cf60 ]  000067b0          *   00000006              : modf.obj (.const)
                 [ 0000cf6c ]  000067b6          *   00000004   reverb.obj (.const:_$P$T2$3)
                 [ 0000cf74 ]  000067ba          *   00000004   reverb.obj (.const:_$P$T3$4)
                 [ 0000cf7c ]  000067be          *   00000004   rts55x.lib : trunc.obj (.const)
                 [ 0000cf84 ]  000067c2          *   00000002              : fputs.obj (.const:.string)
                 [ 0000cf88 ]  000067c4          *   00000002              : fltlid.obj (.const)
                 [ 0000cf8c ]  000067c6          *   00000002              : fltuld.obj (.const)

.bss         0   [ 0000cfa0 ]  000067d0          *   00000487   
                 [ 0000cfa0 ]  000067d0          *   00000201   effect_control.obj (.bss) [fill = 00]
                 [ 0000d3a2 ]  000069d1          *   00000001   display.obj (.bss) [fill = 00]
                 [ 0000d3a4 ]  000069d2          *   00000119   rts55x.lib : defs.obj (.bss) [fill = 00]
                 [ 0000d5d6 ]  00006aeb          *   000000d0              : trgdrv.obj (.bss) [fill = 00]
                 [ 0000d776 ]  00006bbb          *   00000001              : errno.obj (.bss) [fill = 00]
                 [ 0000d778 ]  00006bbc          *   00000071              : lowlev.obj (.bss) [fill = 00]
                 [ 0000d85a ]  00006c2d          *   00000001              : fopen.obj (.bss) [fill = 00]
                 [ 0000d85c ]  00006c2e          *   00000008   ezdsp5502bsl.lib : ezdsp5502_gpio.obj (.bss) [fill = 00]
                 [ 0000d86c ]  00006c36          *   00000008   rts55x.lib : cos.obj (.bss) [fill = 00]
                 [ 0000d87c ]  00006c3e          *   00000008              : sin.obj (.bss) [fill = 00]
                 [ 0000d88c ]  00006c46          *   00000006              : memory.obj (.bss) [fill = 00]
                 [ 0000d898 ]  00006c4c          *   00000004              : _lock.obj (.bss) [fill = 00]
                 [ 0000d8a0 ]  00006c50          *   00000004              : exit.obj (.bss) [fill = 00]
                 [ 0000d8a8 ]  00006c54          *   00000003   main.obj (.bss) [fill = 00]

.cio         0   [ 0000d8c0 ]  00006c60          *   00000120   
                 [ 0000d8c0 ]  00006c60          *   00000120   rts55x.lib : trgmsg.obj (.cio) [fill = 00]

.cinit       0   [ 0000db00 ]  00006d80          *   000000e7   
                 [ 0000db00 ]  00006d80          *   0000002d   rts55x.lib : lowlev.obj (.cinit)
                 [ 0000db5a ]  00006dad          *   0000002a              : defs.obj (.cinit)
                 [ 0000dbae ]  00006dd7          *   00000025   csl5502x.lib : csl_csldat.obj (.cinit)
                 [ 0000dbf8 ]  00006dfc          *   00000023                : csl_gpiodat.obj (.cinit)
                 [ 0000dc3e ]  00006e1f          *   0000000b   rts55x.lib : cos.obj (.cinit)
                 [ 0000dc54 ]  00006e2a          *   0000000b              : sin.obj (.cinit)
                 [ 0000dc6a ]  00006e35          *   0000000a              : _lock.obj (.cinit)
                 [ 0000dc7e ]  00006e3f          *   0000000a              : exit.obj (.cinit)
                 [ 0000dc92 ]  00006e49          *   00000009   main.obj (.cinit)
                 [ 0000dca4 ]  00006e52          *   00000004   display.obj (.cinit)
                 [ 0000dcac ]  00006e56          *   00000004   effect_control.obj (.cinit)
                 [ 0000dcb4 ]  00006e5a          *   00000004   rts55x.lib : errno.obj (.cinit)
                 [ 0000dcbc ]  00006e5e          *   00000004              : fopen.obj (.cinit)
                 [ 0000dcc4 ]  00006e62          *   00000004              : memory.obj (.cinit)
                 [ 0000dccc ]  00006e66          *   00000001   --HOLE-- [fill = 0]

.csldata     0   [ 0000dce0 ]  00006e70          *   00000042   
                 [ 0000dce0 ]  00006e70          *   00000022   csl5502x.lib : csl_csldat.obj (.csldata:SYS_data) [fill = 00]
                 [ 0000dd24 ]  00006e92          *   00000020                : csl_gpiodat.obj (.csldata:GPIO_data) [fill = 00]

.switch      0   [ 0000dd64 ]  00006eb2          *   00000012   
                 [ 0000dd64 ]  00006eb2          *   00000012   effect_control.obj (.switch:_apply_effect)

vectors      0     0000fe00  [ 00007f00 ] 00000100          *   
                   0000fe00  [ 00007f00 ] 00000100          *   rts55x.lib : vectors.obj (vectors)


GLOBAL SYMBOLS: SORTED ALPHABETICALLY BY Name 

abs. value/
byte addr   word addr   name
---------   ---------   ----
00000002                $TI_capability$C5500$CallingConvention
00000002                $TI_capability$C5500$MemoryModel
00000001                $TI_capability_requires_rev2
            000067d0    .bss
            00000180    .data
00000300                .text
00006fff                C$$EXIT
000061f1                C$$IO$$
00006dd8                I$$DIV
00006f57                I$$LMPY
00006df7                I$$MOD
00006e72                I$$UDIV
00006e87                I$$UMOD
00007008                _CSL5502_LIB_
            00006e92    _CSL_GpioData
            00006e70    _CSL_SysData
00006fd0                _CSL_init
000048c5                _EZDSP5502_GPIO_getInput
00004734                _EZDSP5502_GPIO_init
000047cb                _EZDSP5502_GPIO_setDirection
00004848                _EZDSP5502_GPIO_setOutput
000056e1                _EZDSP5502_I2CGPIO_configLine
000057b8                _EZDSP5502_I2CGPIO_read
00005734                _EZDSP5502_I2CGPIO_readLine
00005805                _EZDSP5502_I2CGPIO_write
00005765                _EZDSP5502_I2CGPIO_writeLine
00006832                _EZDSP5502_I2C_init
0000687b                _EZDSP5502_I2C_read
0000684f                _EZDSP5502_I2C_reset
00006859                _EZDSP5502_I2C_write
000067aa                _EZDSP5502_init
00006764                _EZDSP5502_wait
00006798                _EZDSP5502_waitusec
00006ba0                _GPIO_open
00006ec0                _GPIO_pinDirection
00006f44                _GPIO_pinEnable
00006f1c                _GPIO_pinRead
00006ee0                _GPIO_pinWrite
00002858                _HOSTclock
000027ed                _HOSTclose
00002738                _HOSTlseek
00002699                _HOSTopen
0000260c                _HOSTread
0000255e                _HOSTrename
00002500                _HOSTtime
00002496                _HOSTunlink
00002409                _HOSTwrite
00006670                _I2C_config
00005584                _I2C_read
00005108                _I2C_write
00006fa0                _IRQ_globalDisable
00006fdc                _IRQ_globalRestore
0000fe00                _Reset
            00006c60    __CIOBUF_
00006fc0                __CSL_init
            00004810    __STACK_END
00002000                __STACK_SIZE
00002000                __SYSMEM_SIZE
00001000                __SYSSTACK_SIZE
00000001                __TI_args_main
ffffffff                ___binit__
            000067d0    ___bss__
ffffffff                ___c_args__
            00006d80    ___cinit__
            00000180    ___data__
            00000180    ___edata__
            00006c57    ___end__
0000700c                ___etext__
00006eff                ___isinf
ffffffff                ___pinit__
00000300                ___text__
00003c2d                __addd
00006c3c                __args_main
000061f6                __buff_read
00003871                __cleanup
            00006c50    __cleanup_ptr
000050b0                __cmpd
            000063e0    __ctypes_
00002d6b                __divd
00006dd8                __divi
00006cd2                __divli
00003bf8                __divlli
00006e72                __divu
000063ec                __divul
00003b04                __divull
00005fbb                __doflush
            00006c52    __dtors_ptr
0000507c                __eqld
00006e48                __fixdi
000067c3                __fixdli
00006fe8                __fltid
00006977                __fltlid
00006faf                __fltud
00006a99                __fltuld
00006585                __frcmpyd
000065fb                __frcmpyd_div
            00006aea    __ft_end
            000069d2    __ftable
00005032                __geqd
00004fe7                __gtrd
00004f9a                __leqd
            00006c4c    __lock
00004f52                __lssd
0000582f                __mpyd
00006f57                __mpyli
00003a4c                __mpylli
00006f8d                __negd
00004f1e                __neqd
00006f7a                __nop
000069de                __nround
00001662                __printfi
00005dcc                __rd_ok
00006f72                __register_lock
00006f6a                __register_unlock
00006df7                __remi
00006c87                __remli
00003a1d                __remlli
00006e87                __remu
000066e2                __remul
000039cf                __remull
            00003810    __stack
00006f30                __subd
            00004810    __sys_memory
            00005810    __sysstack
            00006a4a    __tmpnams
00006d1a                __trunc
            00006c4e    __unlock
00005d4c                __wrt_ok
00006ffe                _abort
0000229e                _add_device
000019d3                _all_pass_filter
00003e87                _apply_effect
00004304                _apply_flanger
000031bd                _apply_pitch_shifter
00001ca5                _apply_reverb_hall
00001cf6                _apply_reverb_shroeder
00001c28                _apply_reverb_simple
00004998                _apply_tremolo
00006a3d                _atoi
00006bef                _auto_init
000018a4                _band_pass_filter
00006e14                _c_int00
00002d45                _calloc
00006b0a                _check_switch
00002d3d                _chkheap
000035b0                _clearLine
0000222b                _close
            00006c54    _cnt
00001ad6                _comb_filter
0000451c                _cos
00005f6c                _create_file
            00006c56    _currentEffect
00005b7c                _delay_ms
00003172                _envelope
            00006bbb    _errno
00006d9a                _exit
0000650a                _fclose
00006024                _fflush
00002222                _find_registered_device
0000634a                _floor
000040c9                _fmod
            000062dc    _fonte
00003994                _fopen
000062a4                _fputc
00005421                _fputs
0000597b                _fread
000028b6                _free
00002ce7                _free_memory
000038cb                _freopen
00005e29                _frexp
0000690c                _fseek
00004d30                _fwrite
0000238e                _getenv
            00006c2e    _hGPIO_group0
            00006c30    _hGPIO_group1
            00006c32    _hGPIO_group2
            00006c34    _hGPIO_group3
            000069d1    _i
00006af4                _init_switch
00005a8a                _ldexp
000021bc                _lseek
0000648d                _ltoa
00005bba                _main
000029e7                _malloc
00002c8d                _max_free
00006e9c                _memccpy
00006d5b                _memcpy
00006f7c                _memset
00002982                _minit
00001dc5                _mix_dry_wet
0000607d                _modf
000020fd                _open
00005ef5                _open_wav_file
00005304                _osd9616_init
000052b6                _osd9616_multiSend
00005296                _osd9616_send
00003478                _printChar
000053e4                _printLetter
000035f0                _printSpace
00003543                _printString
00006b4e                _printf
000062a4                _putc
0000633b                _putchar
00005556                _puts
0000204f                _read
0000689f                _readmsg
00002adc                _realloc
00006ff4                _remove
00002019                _remove_device
00001fc0                _rename
00001bb1                _reverse_samples
            000067d0    _sampleRate
00003137                _sawtooth
00005c66                _setvbuf
00003629                _show_effect
00004b3e                _sin
            000067d1    _temp
00001f8d                _unlink
00001e4b                _write
0000358a                _writeOnPage
0000613c                _writemsg
ffffffff                binit
            00006d80    cinit
            00000180    edata
            00006c57    end
0000700c                etext
ffffffff                pinit


GLOBAL SYMBOLS: SORTED BY Symbol Address 

abs. value/
byte addr   word addr   name
---------   ---------   ----
00000001                $TI_capability_requires_rev2
00000001                __TI_args_main
00000002                $TI_capability$C5500$CallingConvention
00000002                $TI_capability$C5500$MemoryModel
            00000180    .data
00000300                .text
            00000180    ___data__
            00000180    ___edata__
00000300                ___text__
            00000180    edata
00001000                __SYSSTACK_SIZE
00001662                __printfi
000018a4                _band_pass_filter
000019d3                _all_pass_filter
00001ad6                _comb_filter
00001bb1                _reverse_samples
00001c28                _apply_reverb_simple
00001ca5                _apply_reverb_hall
00001cf6                _apply_reverb_shroeder
00001dc5                _mix_dry_wet
00001e4b                _write
00001f8d                _unlink
00001fc0                _rename
00002000                __STACK_SIZE
00002000                __SYSMEM_SIZE
00002019                _remove_device
0000204f                _read
000020fd                _open
000021bc                _lseek
00002222                _find_registered_device
0000222b                _close
0000229e                _add_device
0000238e                _getenv
00002409                _HOSTwrite
00002496                _HOSTunlink
00002500                _HOSTtime
0000255e                _HOSTrename
0000260c                _HOSTread
00002699                _HOSTopen
00002738                _HOSTlseek
000027ed                _HOSTclose
00002858                _HOSTclock
000028b6                _free
00002982                _minit
000029e7                _malloc
00002adc                _realloc
00002c8d                _max_free
00002ce7                _free_memory
00002d3d                _chkheap
00002d45                _calloc
00002d6b                __divd
00003137                _sawtooth
00003172                _envelope
000031bd                _apply_pitch_shifter
00003478                _printChar
00003543                _printString
0000358a                _writeOnPage
000035b0                _clearLine
000035f0                _printSpace
00003629                _show_effect
00003871                __cleanup
000038cb                _freopen
00003994                _fopen
000039cf                __remull
00003a1d                __remlli
00003a4c                __mpylli
00003b04                __divull
00003bf8                __divlli
00003c2d                __addd
00003e87                _apply_effect
000040c9                _fmod
00004304                _apply_flanger
0000451c                _cos
00004734                _EZDSP5502_GPIO_init
000047cb                _EZDSP5502_GPIO_setDirection
00004848                _EZDSP5502_GPIO_setOutput
000048c5                _EZDSP5502_GPIO_getInput
00004998                _apply_tremolo
00004b3e                _sin
00004d30                _fwrite
00004f1e                __neqd
00004f52                __lssd
00004f9a                __leqd
00004fe7                __gtrd
00005032                __geqd
0000507c                __eqld
000050b0                __cmpd
00005108                _I2C_write
00005296                _osd9616_send
000052b6                _osd9616_multiSend
00005304                _osd9616_init
000053e4                _printLetter
00005421                _fputs
00005556                _puts
00005584                _I2C_read
000056e1                _EZDSP5502_I2CGPIO_configLine
00005734                _EZDSP5502_I2CGPIO_readLine
00005765                _EZDSP5502_I2CGPIO_writeLine
000057b8                _EZDSP5502_I2CGPIO_read
00005805                _EZDSP5502_I2CGPIO_write
0000582f                __mpyd
0000597b                _fread
00005a8a                _ldexp
00005b7c                _delay_ms
00005bba                _main
00005c66                _setvbuf
00005d4c                __wrt_ok
00005dcc                __rd_ok
00005e29                _frexp
00005ef5                _open_wav_file
00005f6c                _create_file
00005fbb                __doflush
00006024                _fflush
0000607d                _modf
0000613c                _writemsg
000061f1                C$$IO$$
000061f6                __buff_read
000062a4                _fputc
000062a4                _putc
0000633b                _putchar
0000634a                _floor
000063ec                __divul
0000648d                _ltoa
0000650a                _fclose
00006585                __frcmpyd
000065fb                __frcmpyd_div
00006670                _I2C_config
000066e2                __remul
00006764                _EZDSP5502_wait
00006798                _EZDSP5502_waitusec
000067aa                _EZDSP5502_init
000067c3                __fixdli
00006832                _EZDSP5502_I2C_init
0000684f                _EZDSP5502_I2C_reset
00006859                _EZDSP5502_I2C_write
0000687b                _EZDSP5502_I2C_read
0000689f                _readmsg
0000690c                _fseek
00006977                __fltlid
000069de                __nround
00006a3d                _atoi
00006a99                __fltuld
00006af4                _init_switch
00006b0a                _check_switch
00006b4e                _printf
00006ba0                _GPIO_open
00006bef                _auto_init
00006c3c                __args_main
00006c87                __remli
00006cd2                __divli
00006d1a                __trunc
00006d5b                _memcpy
00006d9a                _exit
00006dd8                I$$DIV
00006dd8                __divi
00006df7                I$$MOD
00006df7                __remi
00006e14                _c_int00
00006e48                __fixdi
00006e72                I$$UDIV
00006e72                __divu
00006e87                I$$UMOD
00006e87                __remu
00006e9c                _memccpy
00006ec0                _GPIO_pinDirection
00006ee0                _GPIO_pinWrite
00006eff                ___isinf
00006f1c                _GPIO_pinRead
00006f30                __subd
00006f44                _GPIO_pinEnable
00006f57                I$$LMPY
00006f57                __mpyli
00006f6a                __register_unlock
00006f72                __register_lock
00006f7a                __nop
00006f7c                _memset
00006f8d                __negd
00006fa0                _IRQ_globalDisable
00006faf                __fltud
00006fc0                __CSL_init
00006fd0                _CSL_init
00006fdc                _IRQ_globalRestore
00006fe8                __fltid
00006ff4                _remove
00006ffe                _abort
00006fff                C$$EXIT
00007008                _CSL5502_LIB_
0000700c                ___etext__
0000700c                etext
            00003810    __stack
            00004810    __STACK_END
            00004810    __sys_memory
            00005810    __sysstack
            000062dc    _fonte
            000063e0    __ctypes_
            000067d0    .bss
            000067d0    ___bss__
            000067d0    _sampleRate
            000067d1    _temp
            000069d1    _i
            000069d2    __ftable
            00006a4a    __tmpnams
            00006aea    __ft_end
            00006bbb    _errno
            00006c2e    _hGPIO_group0
            00006c30    _hGPIO_group1
            00006c32    _hGPIO_group2
            00006c34    _hGPIO_group3
            00006c4c    __lock
            00006c4e    __unlock
            00006c50    __cleanup_ptr
            00006c52    __dtors_ptr
            00006c54    _cnt
            00006c56    _currentEffect
            00006c57    ___end__
            00006c57    end
            00006c60    __CIOBUF_
            00006d80    ___cinit__
            00006d80    cinit
            00006e70    _CSL_SysData
            00006e92    _CSL_GpioData
0000fe00                _Reset
ffffffff                ___binit__
ffffffff                ___c_args__
ffffffff                ___pinit__
ffffffff                binit
ffffffff                pinit

[227 symbols]
