******************************************************************************
              TMS320C55x Linker PC v4.4.1                      
******************************************************************************
>> Linked Sun Feb 02 16:53:45 2025

OUTPUT FILE NAME:   <projlabiii.out>
ENTRY POINT SYMBOL: "_c_int00"  address: 0000700c


MEMORY CONFIGURATION

         name            origin    length      used     unused   attr    fill
                        (bytes)   (bytes)    (bytes)   (bytes)
----------------------  --------  ---------  --------  --------  ----  --------
PAGE 0:
  MMR                   00000000   000000c0  00000000  000000c0  RWIX
  BTRSVD                000000c0   00000240  00000000  00000240  RWIX
  DARAM                 00000300   0000fb00  0000dce8  00001e18  RWIX
  VECS                  0000fe00   00000200  00000100  00000100  RWIX
  CE0                   00010000   003f0000  00000000  003f0000  RWIX
  CE1                   00400000   00400000  00000000  00400000  RWIX
  CE2                   00800000   00400000  00000000  00400000  RWIX
  CE3                   00c00000   003f8000  00000000  003f8000  RWIX
  PDROM                 00ff8000   00008000  00000000  00008000  R IX

PAGE 2:
  IOPORT                00000000   00020000  00000000  00020000  RWI 


SECTION ALLOCATION MAP
(Addresses surrounded by []'s are displayed for convenience only!)

output                                                          attributes/
section   page  orgn(bytes) orgn(words) len(bytes) len(words)   input sections
--------  ----  ----------- ----------- ---------- ----------   --------------
.text        0     00000300  [ 00000180 ] 00006f10          *   
                   00000300  [ 00000180 ] 000015a4          *   rts55x.lib : _printfi.obj (.text)
                   000018a4  [ 00000c52 ] 000005a7          *   reverb.obj (.text)
                   00001e4b  [ 00000f25+] 00000543          *   rts55x.lib : lowlev.obj (.text)
                   0000238e  [ 000011c7 ] 00000528          *              : trgdrv.obj (.text)
                   000028b6  [ 0000145b ] 000004b5          *              : memory.obj (.text)
                   00002d6b  [ 000016b5+] 000003cc          *              : divd.obj (.text)
                   00003137  [ 0000189b+] 00000341          *   pitch_shifter.obj (.text)
                   00003478  [ 00001a3c ] 000002e3          *   main.obj (.text)
                   0000375b  [ 00001bad+] 000002d8          *   display.obj (.text)
                   00003a33  [ 00001d19+] 0000027f          *   rts55x.lib : fopen.obj (.text)
                   00003cb2  [ 00001e59 ] 0000025e          *              : llmpy.obj (.text)
                   00003f10  [ 00001f88 ] 0000025a          *              : addd.obj (.text)
                   0000416a  [ 000020b5 ] 00000242          *   effect_control.obj (.text)
                   000043ac  [ 000021d6 ] 0000023b          *   rts55x.lib : fmod.obj (.text)
                   000045e7  [ 000022f3+] 00000218          *   flanger.obj (.text)
                   000047ff  [ 000023ff+] 00000218          *   rts55x.lib : cos.obj (.text)
                   00004a17  [ 0000250b+] 0000020c          *   ezdsp5502bsl.lib : ezdsp5502_gpio.obj (.text)
                   00004c23  [ 00002611+] 000001fe          *   tremolo.obj (.text)
                   00004e21  [ 00002710+] 000001f2          *   rts55x.lib : sin.obj (.text)
                   00005013  [ 00002809+] 000001ee          *              : fwrite.obj (.text)
                   00005201  [ 00002900+] 000001ea          *              : cmpd.obj (.text)
                   000053eb  [ 000029f5 ] 00000001          *   --HOLE-- [fill = 20]
                   000053ec  [ 000029f6 ] 0000018e          *   csl5502x.lib : i2c_write.obj (.text:I2C_write)
                   0000557a  [ 00002abd ] 0000018b          *   lcd.obj (.text)
                   00005705  [ 00002b82+] 00000163          *   rts55x.lib : fputs.obj (.text)
                   00005868  [ 00002c34 ] 0000015d          *   csl5502x.lib : i2c_read.obj (.text:I2C_read)
                   000059c5  [ 00002ce2+] 0000014e          *   ezdsp5502bsl.lib : ezdsp5502_i2cgpio.obj (.text)
                   00005b13  [ 00002d89+] 0000014c          *   rts55x.lib : mpyd.obj (.text)
                   00005c5f  [ 00002e2f+] 0000010f          *              : fread.obj (.text)
                   00005d6e  [ 00002eb7 ] 000000f2          *              : ldexp.obj (.text)
                   00005e60  [ 00002f30 ] 000000e6          *              : setvbuf.obj (.text)
                   00005f46  [ 00002fa3 ] 000000dd          *              : _io_perm.obj (.text)
                   00006023  [ 00003011+] 000000cc          *              : frexp.obj (.text)
                   000060ef  [ 00003077+] 000000c6          *   wav.obj (.text)
                   000061b5  [ 000030da+] 000000c2          *   rts55x.lib : fflush.obj (.text)
                   00006277  [ 0000313b+] 000000bf          *              : modf.obj (.text)
                   00006336  [ 0000319b ] 000000ba          *              : trgmsg.obj (.text:CIO_breakpoint)
                   000063f0  [ 000031f8 ] 000000ae          *              : _bufread.obj (.text)
                   0000649e  [ 0000324f ] 000000a6          *              : fputc.obj (.text)
                   00006544  [ 000032a2 ] 000000a2          *              : floor.obj (.text)
                   000065e6  [ 000032f3 ] 000000a1          *              : divul.obj (.text)
                   00006687  [ 00003343+] 0000007d          *              : ltoa.obj (.text)
                   00006704  [ 00003382 ] 0000007b          *              : fclose.obj (.text)
                   0000677f  [ 000033bf+] 00000076          *              : frcmpyd.obj (.text)
                   000067f5  [ 000033fa+] 00000073          *              : frcmpyd_div.obj (.text)
                   00006868  [ 00003434 ] 00000072          *   csl5502x.lib : i2c_cfg.obj (.text:I2C_config)
                   000068da  [ 0000346d ] 00000072          *   rts55x.lib : remul.obj (.text)
                   0000694c  [ 000034a6 ] 0000006f          *   ezdsp5502bsl.lib : ezdsp5502.obj (.text)
                   000069bb  [ 000034dd+] 0000006f          *   rts55x.lib : fixdli.obj (.text)
                   00006a2a  [ 00003515 ] 0000006d          *   ezdsp5502bsl.lib : ezdsp5502_i2c.obj (.text)
                   00006a97  [ 0000354b+] 0000006d          *   rts55x.lib : trgmsg.obj (.text)
                   00006b04  [ 00003582 ] 0000006b          *              : fseek.obj (.text)
                   00006b6f  [ 000035b7+] 00000067          *              : fltlid.obj (.text)
                   00006bd6  [ 000035eb ] 0000005f          *              : round.obj (.text)
                   00006c35  [ 0000361a+] 0000005c          *              : atoi.obj (.text)
                   00006c91  [ 00003648+] 0000005b          *              : fltuld.obj (.text)
                   00006cec  [ 00003676 ] 0000005a          *   switch.obj (.text)
                   00006d46  [ 000036a3 ] 00000050          *   rts55x.lib : printf.obj (.text)
                   00006d96  [ 000036cb ] 00000002          *              : vectors.obj (.text)
                   00006d98  [ 000036cc ] 0000004f          *   csl5502x.lib : gpio_open.obj (.text:GPIO_open)
                   00006de7  [ 000036f3+] 0000004d          *   rts55x.lib : autoinit.obj (.text)
                   00006e34  [ 0000371a ] 0000004b          *              : args_main.obj (.text)
                   00006e7f  [ 0000373f+] 0000004b          *              : remli.obj (.text)
                   00006eca  [ 00003765 ] 00000048          *              : divli.obj (.text)
                   00006f12  [ 00003789 ] 00000041          *              : trunc.obj (.text)
                   00006f53  [ 000037a9+] 0000003f          *              : memcpy.obj (.text)
                   00006f92  [ 000037c9 ] 0000003e          *              : exit.obj (.text)
                   00006fd0  [ 000037e8 ] 0000003c          *              : idiv.obj (.text)
                   0000700c  [ 00003806 ] 00000034          *              : boot.obj (.text)
                   00007040  [ 00003820 ] 0000002a          *              : fixdi.obj (.text)
                   0000706a  [ 00003835 ] 0000002a          *              : udiv.obj (.text)
                   00007094  [ 0000384a ] 00000023          *              : memccpy.obj (.text)
                   000070b7  [ 0000385b ] 00000001          *   --HOLE-- [fill = 20]
                   000070b8  [ 0000385c ] 0000001f          *   csl5502x.lib : gpio_dir.obj (.text:GPIO_pinDirection)
                   000070d7  [ 0000386b ] 00000001          *   --HOLE-- [fill = 20]
                   000070d8  [ 0000386c ] 0000001f          *                : gpio_write.obj (.text:GPIO_pinWrite)
                   000070f7  [ 0000387b+] 0000001a          *   rts55x.lib : isinf.obj (.text)
                   00007111  [ 00003888 ] 00000003          *   --HOLE-- [fill = 20]
                   00007114  [ 0000388a ] 00000014          *   csl5502x.lib : gpio_read.obj (.text:GPIO_pinRead)
                   00007128  [ 00003894 ] 00000014          *   rts55x.lib : subd.obj (.text)
                   0000713c  [ 0000389e ] 00000013          *   csl5502x.lib : gpio_enab.obj (.text:GPIO_pinEnable)
                   0000714f  [ 000038a7+] 00000013          *   rts55x.lib : lmpy.obj (.text)
                   00007162  [ 000038b1 ] 00000012          *              : _lock.obj (.text)
                   00007174  [ 000038ba ] 00000011          *              : memset.obj (.text)
                   00007185  [ 000038c2+] 00000010          *              : negd.obj (.text)
                   00007195  [ 000038ca ] 00000003          *   --HOLE-- [fill = 20]
                   00007198  [ 000038cc ] 0000000f          *   csl5502x.lib : irq_gdisab.obj (.text:IRQ_globalDisable)
                   000071a7  [ 000038d3+] 0000000e          *   rts55x.lib : fltud.obj (.text)
                   000071b5  [ 000038da+] 0000000e          *              : rewind.obj (.text)
                   000071c3  [ 000038e1 ] 00000001          *   --HOLE-- [fill = 20]
                   000071c4  [ 000038e2 ] 0000000d          *   csl5502x.lib : _csl_init.obj (.text:_CSL_init)
                   000071d1  [ 000038e8 ] 00000003          *   --HOLE-- [fill = 20]
                   000071d4  [ 000038ea ] 0000000c          *                : csl.obj (.text:CSL_init)
                   000071e0  [ 000038f0 ] 0000000c          *                : irq_grest.obj (.text:IRQ_globalRestore)
                   000071ec  [ 000038f6 ] 0000000c          *   rts55x.lib : fltid.obj (.text)
                   000071f8  [ 000038fc ] 0000000a          *              : remove.obj (.text)
                   00007202  [ 00003901 ] 00000007          *              : exit.obj (.text:CIO_breakpoint)
                   00007209  [ 00003904 ] 00000003          *   --HOLE-- [fill = 20]
                   0000720c  [ 00003906 ] 00000002          *   csl5502x.lib : csl.obj (.text)
                   0000720e  [ 00003907 ] 00000002          *   --HOLE-- [fill = 20]

.data        0   [ 00000300 ]  00000180          *   00000000   

.pinit       0   [ 00000300 ]  00000180          *   00000000   

.stack       0   [ 00007220 ]  00003910          *   00001000   
                 [ 00007220 ]  00003910          *   00001000   --HOLE-- [fill = 00]

.sysmem      0   [ 00009220 ]  00004910          *   00001000   UNINITIALIZED
                 [ 00009220 ]  00004910          *   00001000   --HOLE--

.const       0   [ 0000b220 ]  00005910          *   0000080a   
                 [ 0000b220 ]  00005910          *   000002cc   display.obj (.const:.string)
                 [ 0000b7b8 ]  00005bdc          *   00000104   font.obj (.const:_fonte)
                 [ 0000b9c0 ]  00005ce0          *   00000101   rts55x.lib : ctype.obj (.const:__ctypes_)
                 [ 0000bbc2 ]  00005de1          *   00000001   --HOLE-- [fill = 00]
                 [ 0000bbc4 ]  00005de2          *   000000b1   wav.obj (.const:.string)
                 [ 0000bd26 ]  00005e93          *   00000001   --HOLE-- [fill = 00]
                 [ 0000bd28 ]  00005e94          *   00000074   main.obj (.const:.string)
                 [ 0000be10 ]  00005f08          *   0000005b   effect_control.obj (.const:.string)
                 [ 0000bec6 ]  00005f63          *   00000001   --HOLE-- [fill = 00]
                 [ 0000bec8 ]  00005f64          *   0000002c   flanger.obj (.const:.string)
                 [ 0000bf20 ]  00005f90          *   0000002c   pitch_shifter.obj (.const:.string)
                 [ 0000bf78 ]  00005fbc          *   00000024   rts55x.lib : _printfi.obj (.const:.string)
                 [ 0000bfc0 ]  00005fe0          *   0000001c   effect_control.obj (.const)
                 [ 0000bff8 ]  00005ffc          *   00000016   rts55x.lib : cos.obj (.const)
                 [ 0000c024 ]  00006012          *   00000014              : sin.obj (.const)
                 [ 0000c04c ]  00006026          *   00000010   display.obj (.const:_$P$T0$1)
                 [ 0000c06c ]  00006036          *   00000010   display.obj (.const:_$P$T1$2)
                 [ 0000c08c ]  00006046          *   00000010   display.obj (.const:_$P$T2$3)
                 [ 0000c0ac ]  00006056          *   00000010   display.obj (.const:_$P$T3$4)
                 [ 0000c0cc ]  00006066          *   00000010   display.obj (.const:_$P$T4$5)
                 [ 0000c0ec ]  00006076          *   0000000e   pitch_shifter.obj (.const)
                 [ 0000c108 ]  00006084          *   0000000c   reverb.obj (.const)
                 [ 0000c120 ]  00006090          *   0000000c   rts55x.lib : _printfi.obj (.const)
                 [ 0000c138 ]  0000609c          *   0000000c              : fmod.obj (.const)
                 [ 0000c150 ]  000060a8          *   0000000c   tremolo.obj (.const)
                 [ 0000c168 ]  000060b4          *   0000000a   ezdsp5502bsl.lib : ezdsp5502_i2c.obj (.const:_$P$T0$1)
                 [ 0000c17c ]  000060be          *   0000000a   flanger.obj (.const)
                 [ 0000c190 ]  000060c8          *   0000000a   rts55x.lib : ldexp.obj (.const)
                 [ 0000c1a4 ]  000060d2          *   00000008   reverb.obj (.const:_$P$T0$1)
                 [ 0000c1b4 ]  000060da          *   00000008   reverb.obj (.const:_$P$T1$2)
                 [ 0000c1c4 ]  000060e2          *   00000008   rts55x.lib : divd.obj (.const:_initial_approx$1)
                 [ 0000c1d4 ]  000060ea          *   00000008              : floor.obj (.const)
                 [ 0000c1e4 ]  000060f2          *   00000008              : frexp.obj (.const)
                 [ 0000c1f4 ]  000060fa          *   00000008              : round.obj (.const)
                 [ 0000c204 ]  00006102          *   00000006              : modf.obj (.const)
                 [ 0000c210 ]  00006108          *   00000004   reverb.obj (.const:_$P$T2$3)
                 [ 0000c218 ]  0000610c          *   00000004   reverb.obj (.const:_$P$T3$4)
                 [ 0000c220 ]  00006110          *   00000004   rts55x.lib : trunc.obj (.const)
                 [ 0000c228 ]  00006114          *   00000002              : fputs.obj (.const:.string)
                 [ 0000c22c ]  00006116          *   00000002              : fltlid.obj (.const)
                 [ 0000c230 ]  00006118          *   00000002              : fltuld.obj (.const)

.sysstack 
*            0   [ 0000c240 ]  00006120          *   00000800   
                 [ 0000c240 ]  00006120          *   00000800   --HOLE-- [fill = 00]

.bss         0   [ 0000d240 ]  00006920          *   00000487   
                 [ 0000d240 ]  00006920          *   00000201   effect_control.obj (.bss) [fill = 00]
                 [ 0000d642 ]  00006b21          *   00000001   display.obj (.bss) [fill = 00]
                 [ 0000d644 ]  00006b22          *   00000119   rts55x.lib : defs.obj (.bss) [fill = 00]
                 [ 0000d876 ]  00006c3b          *   000000d0              : trgdrv.obj (.bss) [fill = 00]
                 [ 0000da16 ]  00006d0b          *   00000001              : errno.obj (.bss) [fill = 00]
                 [ 0000da18 ]  00006d0c          *   00000071              : lowlev.obj (.bss) [fill = 00]
                 [ 0000dafa ]  00006d7d          *   00000001              : fopen.obj (.bss) [fill = 00]
                 [ 0000dafc ]  00006d7e          *   00000008   ezdsp5502bsl.lib : ezdsp5502_gpio.obj (.bss) [fill = 00]
                 [ 0000db0c ]  00006d86          *   00000008   rts55x.lib : cos.obj (.bss) [fill = 00]
                 [ 0000db1c ]  00006d8e          *   00000008              : sin.obj (.bss) [fill = 00]
                 [ 0000db2c ]  00006d96          *   00000006              : memory.obj (.bss) [fill = 00]
                 [ 0000db38 ]  00006d9c          *   00000004              : _lock.obj (.bss) [fill = 00]
                 [ 0000db40 ]  00006da0          *   00000004              : exit.obj (.bss) [fill = 00]
                 [ 0000db48 ]  00006da4          *   00000003   main.obj (.bss) [fill = 00]

.cio         0   [ 0000db60 ]  00006db0          *   00000120   
                 [ 0000db60 ]  00006db0          *   00000120   rts55x.lib : trgmsg.obj (.cio) [fill = 00]

.cinit       0   [ 0000dda0 ]  00006ed0          *   000000e7   
                 [ 0000dda0 ]  00006ed0          *   0000002d   rts55x.lib : lowlev.obj (.cinit)
                 [ 0000ddfa ]  00006efd          *   0000002a              : defs.obj (.cinit)
                 [ 0000de4e ]  00006f27          *   00000025   csl5502x.lib : csl_csldat.obj (.cinit)
                 [ 0000de98 ]  00006f4c          *   00000023                : csl_gpiodat.obj (.cinit)
                 [ 0000dede ]  00006f6f          *   0000000b   rts55x.lib : cos.obj (.cinit)
                 [ 0000def4 ]  00006f7a          *   0000000b              : sin.obj (.cinit)
                 [ 0000df0a ]  00006f85          *   0000000a              : _lock.obj (.cinit)
                 [ 0000df1e ]  00006f8f          *   0000000a              : exit.obj (.cinit)
                 [ 0000df32 ]  00006f99          *   00000009   main.obj (.cinit)
                 [ 0000df44 ]  00006fa2          *   00000004   display.obj (.cinit)
                 [ 0000df4c ]  00006fa6          *   00000004   effect_control.obj (.cinit)
                 [ 0000df54 ]  00006faa          *   00000004   rts55x.lib : errno.obj (.cinit)
                 [ 0000df5c ]  00006fae          *   00000004              : fopen.obj (.cinit)
                 [ 0000df64 ]  00006fb2          *   00000004              : memory.obj (.cinit)
                 [ 0000df6c ]  00006fb6          *   00000001   --HOLE-- [fill = 0]

.csldata     0   [ 0000df80 ]  00006fc0          *   00000042   
                 [ 0000df80 ]  00006fc0          *   00000022   csl5502x.lib : csl_csldat.obj (.csldata:SYS_data) [fill = 00]
                 [ 0000dfc4 ]  00006fe2          *   00000020                : csl_gpiodat.obj (.csldata:GPIO_data) [fill = 00]

.switch      0   [ 0000e004 ]  00007002          *   00000012   
                 [ 0000e004 ]  00007002          *   00000012   effect_control.obj (.switch:_apply_effect)

vectors      0     0000fe00  [ 00007f00 ] 00000100          *   
                   0000fe00  [ 00007f00 ] 00000100          *   rts55x.lib : vectors.obj (vectors)


GLOBAL SYMBOLS: SORTED ALPHABETICALLY BY Name 

abs. value/
byte addr   word addr   name
---------   ---------   ----
00000002                $TI_capability$C5500$CallingConvention
00000002                $TI_capability$C5500$MemoryModel
00000001                $TI_capability_requires_rev2
            00006920    .bss
            00000180    .data
00000300                .text
00007203                C$$EXIT
000063eb                C$$IO$$
00006fd0                I$$DIV
0000714f                I$$LMPY
00006fef                I$$MOD
0000706a                I$$UDIV
0000707f                I$$UMOD
0000720c                _CSL5502_LIB_
            00006fe2    _CSL_GpioData
            00006fc0    _CSL_SysData
000071d4                _CSL_init
00004ba8                _EZDSP5502_GPIO_getInput
00004a17                _EZDSP5502_GPIO_init
00004aae                _EZDSP5502_GPIO_setDirection
00004b2b                _EZDSP5502_GPIO_setOutput
000059c5                _EZDSP5502_I2CGPIO_configLine
00005a9c                _EZDSP5502_I2CGPIO_read
00005a18                _EZDSP5502_I2CGPIO_readLine
00005ae9                _EZDSP5502_I2CGPIO_write
00005a49                _EZDSP5502_I2CGPIO_writeLine
00006a2a                _EZDSP5502_I2C_init
00006a73                _EZDSP5502_I2C_read
00006a47                _EZDSP5502_I2C_reset
00006a51                _EZDSP5502_I2C_write
000069a2                _EZDSP5502_init
0000695c                _EZDSP5502_wait
00006990                _EZDSP5502_waitusec
00006d98                _GPIO_open
000070b8                _GPIO_pinDirection
0000713c                _GPIO_pinEnable
00007114                _GPIO_pinRead
000070d8                _GPIO_pinWrite
00002858                _HOSTclock
000027ed                _HOSTclose
00002738                _HOSTlseek
00002699                _HOSTopen
0000260c                _HOSTread
0000255e                _HOSTrename
00002500                _HOSTtime
00002496                _HOSTunlink
00002409                _HOSTwrite
00006868                _I2C_config
00005868                _I2C_read
000053ec                _I2C_write
00007198                _IRQ_globalDisable
000071e0                _IRQ_globalRestore
0000fe00                _Reset
            00006db0    __CIOBUF_
000071c4                __CSL_init
            00004910    __STACK_END
00002000                __STACK_SIZE
00002000                __SYSMEM_SIZE
00001000                __SYSSTACK_SIZE
00000001                __TI_args_main
ffffffff                ___binit__
            00006920    ___bss__
ffffffff                ___c_args__
            00006ed0    ___cinit__
            00000180    ___data__
            00000180    ___edata__
            00006da7    ___end__
00007210                ___etext__
000070f7                ___isinf
ffffffff                ___pinit__
00000300                ___text__
00003f10                __addd
00006e34                __args_main
000063f0                __buff_read
00003b54                __cleanup
            00006da0    __cleanup_ptr
00005393                __cmpd
            00005ce0    __ctypes_
00002d6b                __divd
00006fd0                __divi
00006eca                __divli
00003edb                __divlli
0000706a                __divu
000065e6                __divul
00003de7                __divull
000061b5                __doflush
            00006da2    __dtors_ptr
0000535f                __eqld
00007040                __fixdi
000069bb                __fixdli
000071ec                __fltid
00006b6f                __fltlid
000071a7                __fltud
00006c91                __fltuld
0000677f                __frcmpyd
000067f5                __frcmpyd_div
            00006c3a    __ft_end
            00006b22    __ftable
00005315                __geqd
000052ca                __gtrd
0000527d                __leqd
            00006d9c    __lock
00005235                __lssd
00005b13                __mpyd
0000714f                __mpyli
00003d2f                __mpylli
00007185                __negd
00005201                __neqd
00007172                __nop
00006bd6                __nround
00001662                __printfi
00005fc6                __rd_ok
0000716a                __register_lock
00007162                __register_unlock
00006fef                __remi
00006e7f                __remli
00003d00                __remlli
0000707f                __remu
000068da                __remul
00003cb2                __remull
            00003910    __stack
00007128                __subd
            00004910    __sys_memory
            00006120    __sysstack
            00006b9a    __tmpnams
00006f12                __trunc
            00006d9e    __unlock
00005f46                __wrt_ok
00007202                _abort
0000229e                _add_device
000019d3                _all_pass_filter
0000416a                _apply_effect
000045e7                _apply_flanger
000031bd                _apply_pitch_shifter
00001ca5                _apply_reverb_hall
00001cf6                _apply_reverb_shroeder
00001c28                _apply_reverb_simple
00004c7b                _apply_tremolo
00006c35                _atoi
00006de7                _auto_init
000018a4                _band_pass_filter
0000700c                _c_int00
00002d45                _calloc
00006d02                _check_switch
00002d3d                _chkheap
00003893                _clearLine
0000222b                _close
            00006da4    _cnt
00001ad6                _comb_filter
000047ff                _cos
00006166                _create_file
            00006da6    _currentEffect
00003478                _delay_ms
00003172                _envelope
            00006d0b    _errno
000034b6                _execEffect
00006f92                _exit
00006704                _fclose
0000621e                _fflush
00002222                _find_registered_device
00006544                _floor
000043ac                _fmod
            00005bdc    _fonte
00003c77                _fopen
0000649e                _fputc
00005705                _fputs
00005c5f                _fread
000028b6                _free
00002ce7                _free_memory
00003bae                _freopen
00006023                _frexp
00006b04                _fseek
00005013                _fwrite
0000238e                _getenv
            00006d7e    _hGPIO_group0
            00006d80    _hGPIO_group1
            00006d82    _hGPIO_group2
            00006d84    _hGPIO_group3
            00006b21    _i
00006cec                _init_switch
00005d6e                _ldexp
000021bc                _lseek
00006687                _ltoa
000034e1                _main
000029e7                _malloc
00002c8d                _max_free
00007094                _memccpy
00006f53                _memcpy
00007174                _memset
00002982                _minit
00001dc5                _mix_dry_wet
00006277                _modf
000020fd                _open
000060ef                _open_wav_file
000055e8                _osd9616_init
0000559a                _osd9616_multiSend
0000557a                _osd9616_send
0000375b                _printChar
000056c8                _printLetter
000038d3                _printSpace
00003826                _printString
00006d46                _printf
0000649e                _putc
00006535                _putchar
0000583a                _puts
0000204f                _read
00006a97                _readmsg
00002adc                _realloc
000071f8                _remove
00002019                _remove_device
00001fc0                _rename
00001bb1                _reverse_samples
000071b5                _rewind
            00006920    _sampleRate
00003137                _sawtooth
00005e60                _setvbuf
0000390c                _show_effect
00004e21                _sin
            00006921    _temp
00001f8d                _unlink
000035cb                _wHeader
00001e4b                _write
0000386d                _writeOnPage
00006336                _writemsg
ffffffff                binit
            00006ed0    cinit
            00000180    edata
            00006da7    end
00007210                etext
ffffffff                pinit


GLOBAL SYMBOLS: SORTED BY Symbol Address 

abs. value/
byte addr   word addr   name
---------   ---------   ----
00000001                $TI_capability_requires_rev2
00000001                __TI_args_main
00000002                $TI_capability$C5500$CallingConvention
00000002                $TI_capability$C5500$MemoryModel
            00000180    .data
00000300                .text
            00000180    ___data__
            00000180    ___edata__
00000300                ___text__
            00000180    edata
00001000                __SYSSTACK_SIZE
00001662                __printfi
000018a4                _band_pass_filter
000019d3                _all_pass_filter
00001ad6                _comb_filter
00001bb1                _reverse_samples
00001c28                _apply_reverb_simple
00001ca5                _apply_reverb_hall
00001cf6                _apply_reverb_shroeder
00001dc5                _mix_dry_wet
00001e4b                _write
00001f8d                _unlink
00001fc0                _rename
00002000                __STACK_SIZE
00002000                __SYSMEM_SIZE
00002019                _remove_device
0000204f                _read
000020fd                _open
000021bc                _lseek
00002222                _find_registered_device
0000222b                _close
0000229e                _add_device
0000238e                _getenv
00002409                _HOSTwrite
00002496                _HOSTunlink
00002500                _HOSTtime
0000255e                _HOSTrename
0000260c                _HOSTread
00002699                _HOSTopen
00002738                _HOSTlseek
000027ed                _HOSTclose
00002858                _HOSTclock
000028b6                _free
00002982                _minit
000029e7                _malloc
00002adc                _realloc
00002c8d                _max_free
00002ce7                _free_memory
00002d3d                _chkheap
00002d45                _calloc
00002d6b                __divd
00003137                _sawtooth
00003172                _envelope
000031bd                _apply_pitch_shifter
00003478                _delay_ms
000034b6                _execEffect
000034e1                _main
000035cb                _wHeader
0000375b                _printChar
00003826                _printString
0000386d                _writeOnPage
00003893                _clearLine
000038d3                _printSpace
0000390c                _show_effect
00003b54                __cleanup
00003bae                _freopen
00003c77                _fopen
00003cb2                __remull
00003d00                __remlli
00003d2f                __mpylli
00003de7                __divull
00003edb                __divlli
00003f10                __addd
0000416a                _apply_effect
000043ac                _fmod
000045e7                _apply_flanger
000047ff                _cos
00004a17                _EZDSP5502_GPIO_init
00004aae                _EZDSP5502_GPIO_setDirection
00004b2b                _EZDSP5502_GPIO_setOutput
00004ba8                _EZDSP5502_GPIO_getInput
00004c7b                _apply_tremolo
00004e21                _sin
00005013                _fwrite
00005201                __neqd
00005235                __lssd
0000527d                __leqd
000052ca                __gtrd
00005315                __geqd
0000535f                __eqld
00005393                __cmpd
000053ec                _I2C_write
0000557a                _osd9616_send
0000559a                _osd9616_multiSend
000055e8                _osd9616_init
000056c8                _printLetter
00005705                _fputs
0000583a                _puts
00005868                _I2C_read
000059c5                _EZDSP5502_I2CGPIO_configLine
00005a18                _EZDSP5502_I2CGPIO_readLine
00005a49                _EZDSP5502_I2CGPIO_writeLine
00005a9c                _EZDSP5502_I2CGPIO_read
00005ae9                _EZDSP5502_I2CGPIO_write
00005b13                __mpyd
00005c5f                _fread
00005d6e                _ldexp
00005e60                _setvbuf
00005f46                __wrt_ok
00005fc6                __rd_ok
00006023                _frexp
000060ef                _open_wav_file
00006166                _create_file
000061b5                __doflush
0000621e                _fflush
00006277                _modf
00006336                _writemsg
000063eb                C$$IO$$
000063f0                __buff_read
0000649e                _fputc
0000649e                _putc
00006535                _putchar
00006544                _floor
000065e6                __divul
00006687                _ltoa
00006704                _fclose
0000677f                __frcmpyd
000067f5                __frcmpyd_div
00006868                _I2C_config
000068da                __remul
0000695c                _EZDSP5502_wait
00006990                _EZDSP5502_waitusec
000069a2                _EZDSP5502_init
000069bb                __fixdli
00006a2a                _EZDSP5502_I2C_init
00006a47                _EZDSP5502_I2C_reset
00006a51                _EZDSP5502_I2C_write
00006a73                _EZDSP5502_I2C_read
00006a97                _readmsg
00006b04                _fseek
00006b6f                __fltlid
00006bd6                __nround
00006c35                _atoi
00006c91                __fltuld
00006cec                _init_switch
00006d02                _check_switch
00006d46                _printf
00006d98                _GPIO_open
00006de7                _auto_init
00006e34                __args_main
00006e7f                __remli
00006eca                __divli
00006f12                __trunc
00006f53                _memcpy
00006f92                _exit
00006fd0                I$$DIV
00006fd0                __divi
00006fef                I$$MOD
00006fef                __remi
0000700c                _c_int00
00007040                __fixdi
0000706a                I$$UDIV
0000706a                __divu
0000707f                I$$UMOD
0000707f                __remu
00007094                _memccpy
000070b8                _GPIO_pinDirection
000070d8                _GPIO_pinWrite
000070f7                ___isinf
00007114                _GPIO_pinRead
00007128                __subd
0000713c                _GPIO_pinEnable
0000714f                I$$LMPY
0000714f                __mpyli
00007162                __register_unlock
0000716a                __register_lock
00007172                __nop
00007174                _memset
00007185                __negd
00007198                _IRQ_globalDisable
000071a7                __fltud
000071b5                _rewind
000071c4                __CSL_init
000071d4                _CSL_init
000071e0                _IRQ_globalRestore
000071ec                __fltid
000071f8                _remove
00007202                _abort
00007203                C$$EXIT
0000720c                _CSL5502_LIB_
00007210                ___etext__
00007210                etext
            00003910    __stack
            00004910    __STACK_END
            00004910    __sys_memory
            00005bdc    _fonte
            00005ce0    __ctypes_
            00006120    __sysstack
            00006920    .bss
            00006920    ___bss__
            00006920    _sampleRate
            00006921    _temp
            00006b21    _i
            00006b22    __ftable
            00006b9a    __tmpnams
            00006c3a    __ft_end
            00006d0b    _errno
            00006d7e    _hGPIO_group0
            00006d80    _hGPIO_group1
            00006d82    _hGPIO_group2
            00006d84    _hGPIO_group3
            00006d9c    __lock
            00006d9e    __unlock
            00006da0    __cleanup_ptr
            00006da2    __dtors_ptr
            00006da4    _cnt
            00006da6    _currentEffect
            00006da7    ___end__
            00006da7    end
            00006db0    __CIOBUF_
            00006ed0    ___cinit__
            00006ed0    cinit
            00006fc0    _CSL_SysData
            00006fe2    _CSL_GpioData
0000fe00                _Reset
ffffffff                ___binit__
ffffffff                ___c_args__
ffffffff                ___pinit__
ffffffff                binit
ffffffff                pinit

[230 symbols]
