******************************************************************************
              TMS320C55x Linker PC v4.4.1                      
******************************************************************************
>> Linked Thu Oct 10 14:53:02 2024

OUTPUT FILE NAME:   <Teste01.out>
ENTRY POINT SYMBOL: "_c_int00"  address: 000064f4


MEMORY CONFIGURATION

         name            origin    length      used     unused   attr    fill
                        (bytes)   (bytes)    (bytes)   (bytes)
----------------------  --------  ---------  --------  --------  ----  --------
  MMR                   00000000   000000c0  00000000  000000c0  RWIX
  DARAM0                000000c0   00001f40  00000a5a  000014e6  RWIX
  DARAM1                00002000   00002000  00001ffe  00000002  RWIX
  DARAM2                00004000   00002000  00001ff6  0000000a  RWIX
  DARAM3                00006000   00002000  0000064a  000019b6  RWIX
  DARAM4                00008000   00002000  00000400  00001c00  RWIX
  DARAM5                0000a000   00002000  000004d4  00001b2c  RWIX
  DARAM6                0000c000   00002000  00000000  00002000  RWIX
  DARAM7                0000e000   00002000  00000000  00002000  RWIX
  CE0                   00010000   003f0000  00000000  003f0000  RWIX
  CE1                   00400000   00400000  00000000  00400000  RWIX
  CE2                   00800000   00400000  00000000  00400000  RWIX
  CE3                   00c00000   003f8000  00000000  003f8000  RWIX
  ROM                   00ff8000   00007f00  00000000  00007f00  RWIX
  VECS                  00ffff00   00000100  00000100  00000000  RWIX


SECTION ALLOCATION MAP
(Addresses surrounded by []'s are displayed for convenience only!)

output                                                          attributes/
section   page  orgn(bytes) orgn(words) len(bytes) len(words)   input sections
--------  ----  ----------- ----------- ---------- ----------   --------------
.const       0   [ 000000c0 ]  00000060          *   00000152   
                 [ 000000c0 ]  00000060          *   00000101   rts55x.lib : ctype.obj (.const:__ctypes_)
                 [ 000002c2 ]  00000161          *   00000001   --HOLE-- [fill = 0]
                 [ 000002c4 ]  00000162          *   00000024              : _printfi.obj (.const:.string)
                 [ 0000030c ]  00000186          *   0000000c              : _printfi.obj (.const)
                 [ 00000324 ]  00000192          *   0000000a   main.obj (.const:.string)
                 [ 00000338 ]  0000019c          *   0000000a   ezdsp5502bsl.lib : ezdsp5502_i2c.obj (.const:_$P$T0$1)
                 [ 0000034c ]  000001a6          *   00000008   rts55x.lib : divd.obj (.const:_initial_approx$1)
                 [ 0000035c ]  000001ae          *   00000002              : fputs.obj (.const:.string)
                 [ 00000360 ]  000001b0          *   00000002              : fltlid.obj (.const)

.cio         0   [ 00000368 ]  000001b4          *   00000120   UNINITIALIZED
                 [ 00000368 ]  000001b4          *   00000120   rts55x.lib : trgmsg.obj (.cio)

.stack       0   [ 000005a8 ]  000002d4          *   00000100   UNINITIALIZED
                 [ 000005a8 ]  000002d4          *   00000100   --HOLE--

.sysstack 
*            0   [ 000007a8 ]  000003d4          *   00000100   UNINITIALIZED
                 [ 000007a8 ]  000003d4          *   00000100   --HOLE--

.cinit       0   [ 000009a8 ]  000004d4          *   00000099   
                 [ 000009a8 ]  000004d4          *   0000002d   rts55x.lib : lowlev.obj (.cinit)
                 [ 00000a02 ]  00000501          *   0000002a              : defs.obj (.cinit)
                 [ 00000a56 ]  0000052b          *   00000025   csl5502x.lib : csl_csldat.obj (.cinit)
                 [ 00000aa0 ]  00000550          *   0000000a   rts55x.lib : _lock.obj (.cinit)
                 [ 00000ab4 ]  0000055a          *   0000000a              : exit.obj (.cinit)
                 [ 00000ac8 ]  00000564          *   00000004              : fopen.obj (.cinit)
                 [ 00000ad0 ]  00000568          *   00000004              : memory.obj (.cinit)
                 [ 00000ad8 ]  0000056c          *   00000001   --HOLE-- [fill = 0]

.csldata     0   [ 00000adc ]  0000056e          *   00000022   UNINITIALIZED
                 [ 00000adc ]  0000056e          *   00000022   csl5502x.lib : csl_csldat.obj (.csldata:SYS_data)

.text.1      0     00002000  [ 00001000 ] 00001ffe          *   
                   00002000  [ 00001000 ] 000015a4          *   rts55x.lib : _printfi.obj (.text)
                   000035a4  [ 00001ad2 ] 00000543          *              : lowlev.obj (.text)
                   00003ae7  [ 00001d73+] 000004b5          *              : memory.obj (.text)
                   00003f9c  [ 00001fce ] 0000005c          *              : atoi.obj (.text)
                   00003ff8  [ 00001ffc ] 00000002          *   csl5502x.lib : csl.obj (.text)
                   00003ffa  [ 00001ffd ] 00000002          *   rts55x.lib : vectors.obj (.text)
                   00003ffc  [ 00001ffe ] 00000002          *   --HOLE-- [fill = 20]

.text.2      0     00004000  [ 00002000 ] 00001216          *   
                   00004000  [ 00002000 ] 00000528          *   rts55x.lib : trgdrv.obj (.text)
                   00004528  [ 00002294 ] 000003cc          *              : divd.obj (.text)
                   000048f4  [ 0000247a ] 0000027f          *              : fopen.obj (.text)
                   00004b73  [ 000025b9+] 0000025e          *              : llmpy.obj (.text)
                   00004dd1  [ 000026e8+] 0000025a          *              : addd.obj (.text)
                   0000502b  [ 00002815+] 000001ea          *              : cmpd.obj (.text)
                   00005215  [ 0000290a ] 00000001          *   --HOLE-- [fill = 20]

.text.3      0     00005218  [ 0000290c ] 000002f2          *   
                   00005218  [ 0000290c ] 0000018e          *   csl5502x.lib : i2c_write.obj (.text:I2C_write)
                   000053a6  [ 000029d3 ] 00000163          *   rts55x.lib : fputs.obj (.text)
                   00005509  [ 00002a84 ] 00000001          *   --HOLE-- [fill = 20]

.text.4      0     0000550c  [ 00002a86 ] 00000a60          *   
                   0000550c  [ 00002a86 ] 0000015d          *   csl5502x.lib : i2c_read.obj (.text:I2C_read)
                   00005669  [ 00002b34+] 0000014e          *   ezdsp5502bsl.lib : ezdsp5502_i2cgpio.obj (.text)
                   000057b7  [ 00002bdb+] 0000014c          *   rts55x.lib : mpyd.obj (.text)
                   00005903  [ 00002c81+] 000000e6          *              : setvbuf.obj (.text)
                   000059e9  [ 00002cf4+] 000000dd          *              : _io_perm.obj (.text)
                   00005ac6  [ 00002d63 ] 000000c2          *              : fflush.obj (.text)
                   00005b88  [ 00002dc4 ] 000000ba          *              : trgmsg.obj (.text:CIO_breakpoint)
                   00005c42  [ 00002e21 ] 000000a6          *              : fputc.obj (.text)
                   00005ce8  [ 00002e74 ] 000000a1          *              : divul.obj (.text)
                   00005d89  [ 00002ec4+] 0000007d          *              : ltoa.obj (.text)
                   00005e06  [ 00002f03 ] 0000007b          *              : fclose.obj (.text)
                   00005e81  [ 00002f40+] 00000076          *              : frcmpyd.obj (.text)
                   00005ef7  [ 00002f7b+] 00000073          *              : frcmpyd_div.obj (.text)
                   00005f6a  [ 00002fb5 ] 00000002          *   --HOLE-- [fill = 20]

.text.5      0     00005f6c  [ 00002fb6 ] 0000008e          *   
                   00005f6c  [ 00002fb6 ] 00000072          *   csl5502x.lib : i2c_cfg.obj (.text:I2C_config)
                   00005fde  [ 00002fef ] 0000001a          *   rts55x.lib : isinf.obj (.text)
                   00005ff8  [ 00002ffc ] 00000002          *   --HOLE-- [fill = 20]

.text.6      0     00006000  [ 00003000 ] 00000602          *   
                   00006000  [ 00003000 ] 00000072          *   rts55x.lib : remul.obj (.text)
                   00006072  [ 00003039 ] 0000006f          *   ezdsp5502bsl.lib : ezdsp5502.obj (.text)
                   000060e1  [ 00003070+] 0000006f          *   rts55x.lib : fixdli.obj (.text)
                   00006150  [ 000030a8 ] 0000006d          *   ezdsp5502bsl.lib : ezdsp5502_i2c.obj (.text)
                   000061bd  [ 000030de+] 0000006d          *   rts55x.lib : trgmsg.obj (.text)
                   0000622a  [ 00003115 ] 0000006b          *              : fseek.obj (.text)
                   00006295  [ 0000314a+] 00000067          *              : fltlid.obj (.text)
                   000062fc  [ 0000317e ] 00000050          *              : printf.obj (.text)
                   0000634c  [ 000031a6 ] 0000004d          *              : autoinit.obj (.text)
                   00006399  [ 000031cc+] 0000004b          *              : args_main.obj (.text)
                   000063e4  [ 000031f2 ] 0000004b          *              : remli.obj (.text)
                   0000642f  [ 00003217+] 00000048          *              : divli.obj (.text)
                   00006477  [ 0000323b+] 0000003f          *              : memcpy.obj (.text)
                   000064b6  [ 0000325b ] 0000003e          *              : exit.obj (.text)
                   000064f4  [ 0000327a ] 00000034          *              : boot.obj (.text)
                   00006528  [ 00003294 ] 0000002a          *              : fixdi.obj (.text)
                   00006552  [ 000032a9 ] 0000002a          *              : udiv.obj (.text)
                   0000657c  [ 000032be ] 00000023          *              : memccpy.obj (.text)
                   0000659f  [ 000032cf+] 00000019          *   main.obj (.text)
                   000065b8  [ 000032dc ] 00000014          *   rts55x.lib : subd.obj (.text)
                   000065cc  [ 000032e6 ] 00000013          *              : lmpy.obj (.text)
                   000065df  [ 000032ef+] 00000012          *              : _lock.obj (.text)
                   000065f1  [ 000032f8+] 00000010          *              : negd.obj (.text)
                   00006601  [ 00003300 ] 00000001          *   --HOLE-- [fill = 20]

.text.7      0     00006604  [ 00003302 ] 0000001e          *   
                   00006604  [ 00003302 ] 0000000f          *   csl5502x.lib : irq_gdisab.obj (.text:IRQ_globalDisable)
                   00006613  [ 00003309 ] 00000001          *   --HOLE-- [fill = 20]
                   00006614  [ 0000330a ] 0000000d          *                : _csl_init.obj (.text:_CSL_init)
                   00006621  [ 00003310 ] 00000001          *   --HOLE-- [fill = 20]

.text.8      0     00006624  [ 00003312 ] 0000002a          *   
                   00006624  [ 00003312 ] 0000000c          *   csl5502x.lib : csl.obj (.text:CSL_init)
                   00006630  [ 00003318 ] 0000000c          *                : irq_grest.obj (.text:IRQ_globalRestore)
                   0000663c  [ 0000331e ] 0000000a          *   rts55x.lib : remove.obj (.text)
                   00006646  [ 00003323 ] 00000007          *              : exit.obj (.text:CIO_breakpoint)
                   0000664d  [ 00003326 ] 00000001          *   --HOLE-- [fill = 20]

.sysmem      0   [ 00008000 ]  00004000          *   00000200   UNINITIALIZED
                 [ 00008000 ]  00004000          *   00000200   --HOLE--

.data        0   [ 00008000 ]  00004000          *   00000000   UNINITIALIZED

.bss         0   [ 0000a000 ]  00005000          *   0000026a   UNINITIALIZED
                 [ 0000a000 ]  00005000          *   00000119   rts55x.lib : defs.obj (.bss)
                 [ 0000a232 ]  00005119          *   000000d0              : trgdrv.obj (.bss)
                 [ 0000a3d2 ]  000051e9          *   00000001              : fopen.obj (.bss)
                 [ 0000a3d4 ]  000051ea          *   00000071              : lowlev.obj (.bss)
                 [ 0000a4b6 ]  0000525b          *   00000001   --HOLE--
                 [ 0000a4b8 ]  0000525c          *   00000006              : memory.obj (.bss)
                 [ 0000a4c4 ]  00005262          *   00000004              : _lock.obj (.bss)
                 [ 0000a4cc ]  00005266          *   00000004              : exit.obj (.bss)

vectors      0     00ffff00  [ 007fff80 ] 00000100          *   NOLOAD SECTION
                   00ffff00  [ 007fff80 ] 00000100          *   rts55x.lib : vectors.obj (vectors)


GLOBAL SYMBOLS: SORTED ALPHABETICALLY BY Name 

abs. value/
byte addr   word addr   name
---------   ---------   ----
00000002                $TI_capability$C5500$CallingConvention
00000002                $TI_capability$C5500$MemoryModel
00000001                $TI_capability_requires_rev2
            00005000    .bss
            00004000    .data
ffffffff                .text
00006647                C$$EXIT
00005c3d                C$$IO$$
000065cc                I$$LMPY
00006552                I$$UDIV
00006567                I$$UMOD
00003ff8                _CSL5502_LIB_
            0000056e    _CSL_SysData
00006624                _CSL_init
00005669                _EZDSP5502_I2CGPIO_configLine
00005740                _EZDSP5502_I2CGPIO_read
000056bc                _EZDSP5502_I2CGPIO_readLine
0000578d                _EZDSP5502_I2CGPIO_write
000056ed                _EZDSP5502_I2CGPIO_writeLine
00006150                _EZDSP5502_I2C_init
00006199                _EZDSP5502_I2C_read
0000616d                _EZDSP5502_I2C_reset
00006177                _EZDSP5502_I2C_write
000060c8                _EZDSP5502_init
00006082                _EZDSP5502_wait
000060b6                _EZDSP5502_waitusec
000044ca                _HOSTclock
0000445f                _HOSTclose
000043aa                _HOSTlseek
0000430b                _HOSTopen
0000427e                _HOSTread
000041d0                _HOSTrename
00004172                _HOSTtime
00004108                _HOSTunlink
0000407b                _HOSTwrite
00005f6c                _I2C_config
0000550c                _I2C_read
00005218                _I2C_write
00006604                _IRQ_globalDisable
00006630                _IRQ_globalRestore
00ffff00                _Reset
            000001b4    __CIOBUF_
00006614                __CSL_init
            000003d4    __STACK_END
00000200                __STACK_SIZE
00000400                __SYSMEM_SIZE
00000200                __SYSSTACK_SIZE
00000001                __TI_args_main
ffffffff                ___binit__
            00005000    ___bss__
ffffffff                ___c_args__
            000004d4    ___cinit__
            00004000    ___data__
            00004000    ___edata__
            0000526a    ___end__
ffffffff                ___etext__
00005fde                ___isinf
ffffffff                ___pinit__
ffffffff                ___text__
00004dd1                __addd
00006399                __args_main
00004a15                __cleanup
            00005266    __cleanup_ptr
000051bd                __cmpd
            00000060    __ctypes_
00004528                __divd
0000642f                __divli
00004d9c                __divlli
00006552                __divu
00005ce8                __divul
00004ca8                __divull
00005ac6                __doflush
            00005268    __dtors_ptr
00005189                __eqld
00006528                __fixdi
000060e1                __fixdli
00006295                __fltlid
00005e81                __frcmpyd
00005ef7                __frcmpyd_div
            00005118    __ft_end
            00005000    __ftable
0000513f                __geqd
000050f4                __gtrd
000050a7                __leqd
            00005262    __lock
0000505f                __lssd
000057b7                __mpyd
000065cc                __mpyli
00004bf0                __mpylli
000065f1                __negd
0000502b                __neqd
000065ef                __nop
00003362                __printfi
00005a69                __rd_ok
000065e7                __register_lock
000065df                __register_unlock
000063e4                __remli
00004bc1                __remlli
00006567                __remu
00006000                __remul
00004b73                __remull
            000002d4    __stack
000065b8                __subd
            00004000    __sys_memory
            000003d4    __sysstack
            00005078    __tmpnams
            00005264    __unlock
000059e9                __wrt_ok
00006646                _abort
000039f7                _add_device
00003f9c                _atoi
0000634c                _auto_init
000064f4                _c_int00
00003f76                _calloc
00003f6e                _chkheap
00003984                _close
000064b6                _exit
00005e06                _fclose
00005b2f                _fflush
0000397b                _find_registered_device
00004b38                _fopen
00005c42                _fputc
000053a6                _fputs
00003ae7                _free
00003f18                _free_memory
00004a6f                _freopen
0000622a                _fseek
00004000                _getenv
00003915                _lseek
00005d89                _ltoa
0000659f                _main
00003c18                _malloc
00003ebe                _max_free
0000657c                _memccpy
00006477                _memcpy
00003bb3                _minit
00003856                _open
000062fc                _printf
00005c42                _putc
00005cd9                _putchar
000054db                _puts
000037a8                _read
000061bd                _readmsg
00003d0d                _realloc
0000663c                _remove
00003772                _remove_device
00003719                _rename
00005903                _setvbuf
000036e6                _unlink
000035a4                _write
00005b88                _writemsg
ffffffff                binit
            000004d4    cinit
            00004000    edata
            0000526a    end
ffffffff                etext
ffffffff                pinit


GLOBAL SYMBOLS: SORTED BY Symbol Address 

abs. value/
byte addr   word addr   name
---------   ---------   ----
00000001                $TI_capability_requires_rev2
00000001                __TI_args_main
00000002                $TI_capability$C5500$CallingConvention
00000002                $TI_capability$C5500$MemoryModel
            00000060    __ctypes_
00000200                __STACK_SIZE
00000200                __SYSSTACK_SIZE
            000001b4    __CIOBUF_
00000400                __SYSMEM_SIZE
            000002d4    __stack
            000003d4    __STACK_END
            000003d4    __sysstack
            000004d4    ___cinit__
            000004d4    cinit
            0000056e    _CSL_SysData
00003362                __printfi
000035a4                _write
000036e6                _unlink
00003719                _rename
00003772                _remove_device
000037a8                _read
00003856                _open
00003915                _lseek
0000397b                _find_registered_device
00003984                _close
000039f7                _add_device
00003ae7                _free
00003bb3                _minit
00003c18                _malloc
00003d0d                _realloc
00003ebe                _max_free
00003f18                _free_memory
00003f6e                _chkheap
00003f76                _calloc
00003f9c                _atoi
00003ff8                _CSL5502_LIB_
00004000                _getenv
0000407b                _HOSTwrite
00004108                _HOSTunlink
00004172                _HOSTtime
000041d0                _HOSTrename
0000427e                _HOSTread
0000430b                _HOSTopen
000043aa                _HOSTlseek
0000445f                _HOSTclose
000044ca                _HOSTclock
00004528                __divd
00004a15                __cleanup
00004a6f                _freopen
00004b38                _fopen
00004b73                __remull
00004bc1                __remlli
00004bf0                __mpylli
00004ca8                __divull
00004d9c                __divlli
00004dd1                __addd
0000502b                __neqd
0000505f                __lssd
000050a7                __leqd
000050f4                __gtrd
0000513f                __geqd
00005189                __eqld
000051bd                __cmpd
00005218                _I2C_write
000053a6                _fputs
000054db                _puts
0000550c                _I2C_read
00005669                _EZDSP5502_I2CGPIO_configLine
000056bc                _EZDSP5502_I2CGPIO_readLine
000056ed                _EZDSP5502_I2CGPIO_writeLine
00005740                _EZDSP5502_I2CGPIO_read
0000578d                _EZDSP5502_I2CGPIO_write
000057b7                __mpyd
00005903                _setvbuf
000059e9                __wrt_ok
00005a69                __rd_ok
00005ac6                __doflush
00005b2f                _fflush
00005b88                _writemsg
00005c3d                C$$IO$$
00005c42                _fputc
00005c42                _putc
00005cd9                _putchar
00005ce8                __divul
00005d89                _ltoa
00005e06                _fclose
00005e81                __frcmpyd
00005ef7                __frcmpyd_div
00005f6c                _I2C_config
00005fde                ___isinf
00006000                __remul
00006082                _EZDSP5502_wait
000060b6                _EZDSP5502_waitusec
000060c8                _EZDSP5502_init
000060e1                __fixdli
00006150                _EZDSP5502_I2C_init
0000616d                _EZDSP5502_I2C_reset
00006177                _EZDSP5502_I2C_write
00006199                _EZDSP5502_I2C_read
000061bd                _readmsg
0000622a                _fseek
00006295                __fltlid
000062fc                _printf
0000634c                _auto_init
00006399                __args_main
000063e4                __remli
0000642f                __divli
00006477                _memcpy
000064b6                _exit
000064f4                _c_int00
00006528                __fixdi
00006552                I$$UDIV
00006552                __divu
00006567                I$$UMOD
00006567                __remu
0000657c                _memccpy
0000659f                _main
000065b8                __subd
000065cc                I$$LMPY
000065cc                __mpyli
000065df                __register_unlock
000065e7                __register_lock
000065ef                __nop
000065f1                __negd
00006604                _IRQ_globalDisable
00006614                __CSL_init
00006624                _CSL_init
00006630                _IRQ_globalRestore
0000663c                _remove
00006646                _abort
00006647                C$$EXIT
            00004000    .data
            00004000    ___data__
            00004000    ___edata__
            00004000    __sys_memory
            00004000    edata
            00005000    .bss
            00005000    ___bss__
            00005000    __ftable
            00005078    __tmpnams
            00005118    __ft_end
            00005262    __lock
            00005264    __unlock
            00005266    __cleanup_ptr
            00005268    __dtors_ptr
            0000526a    ___end__
            0000526a    end
00ffff00                _Reset
ffffffff                .text
ffffffff                ___binit__
ffffffff                ___c_args__
ffffffff                ___etext__
ffffffff                ___pinit__
ffffffff                ___text__
ffffffff                binit
ffffffff                etext
ffffffff                pinit

[157 symbols]
