******************************************************************************
              TMS320C55x Linker PC v4.4.1                      
******************************************************************************
>> Linked Mon Jan 06 18:30:03 2025

OUTPUT FILE NAME:   <reverb.out>
ENTRY POINT SYMBOL: "_c_int00"  address: 00006bd5


MEMORY CONFIGURATION

         name            origin    length      used     unused   attr    fill
                        (bytes)   (bytes)    (bytes)   (bytes)
----------------------  --------  ---------  --------  --------  ----  --------
  MMR                   00000000   000000c0  00000000  000000c0  RW  
  DARAM                 000000c0   0000ff40  0000db65  000023db  RW  
  SARAM                 00030000   0001e000  00000000  0001e000  RW  
  SAROM_0               00fe0000   00008000  00000000  00008000  R  X
  SAROM_1               00fe8000   00008000  00000000  00008000  R  X
  SAROM_2               00ff0000   00008000  00000000  00008000  R  X
  SAROM_3               00ff8000   00008000  00000000  00008000  R  X


SECTION ALLOCATION MAP
(Addresses surrounded by []'s are displayed for convenience only!)

output                                                          attributes/
section   page  orgn(bytes) orgn(words) len(bytes) len(words)   input sections
--------  ----  ----------- ----------- ---------- ----------   --------------
.text        0     000000c0  [ 00000060 ] 00006c51          *   
                   000000c0  [ 00000060 ] 000015a4          *   rts55x.lib : _printfi.obj (.text)
                   00001664  [ 00000b32 ] 00000edb          *              : _scanfi.obj (.text)
                   0000253f  [ 0000129f+] 00000543          *              : lowlev.obj (.text)
                   00002a82  [ 00001541 ] 00000528          *              : trgdrv.obj (.text)
                   00002faa  [ 000017d5 ] 000004b5          *              : memory.obj (.text)
                   0000345f  [ 00001a2f+] 0000042d          *   reverbTest.obj (.text)
                   0000388c  [ 00001c46 ] 000003d4          *   reverberation.obj (.text)
                   00003c60  [ 00001e30 ] 000003cc          *   rts55x.lib : divd.obj (.text)
                   0000402c  [ 00002016 ] 00000301          *              : strtoll.obj (.text)
                   0000432d  [ 00002196+] 000002bd          *              : strtod.obj (.text)
                   000045ea  [ 000022f5 ] 0000029f          *              : strtold.obj (.text)
                   00004889  [ 00002444+] 0000027f          *              : fopen.obj (.text)
                   00004b08  [ 00002584 ] 0000025e          *              : llmpy.obj (.text)
                   00004d66  [ 000026b3 ] 0000025a          *              : addd.obj (.text)
                   00004fc0  [ 000027e0 ] 0000024b          *              : strtoull.obj (.text)
                   0000520b  [ 00002905+] 00000208          *              : strtol.obj (.text)
                   00005413  [ 00002a09+] 000001ee          *              : fwrite.obj (.text)
                   00005601  [ 00002b00+] 000001ea          *              : cmpd.obj (.text)
                   000057eb  [ 00002bf5+] 000001d1          *              : strtoul.obj (.text)
                   000059bc  [ 00002cde ] 00000163          *              : fputs.obj (.text)
                   00005b1f  [ 00002d8f+] 00000161          *              : fscanf.obj (.text)
                   00005c80  [ 00002e40 ] 0000014c          *              : mpyd.obj (.text)
                   00005dcc  [ 00002ee6 ] 0000010f          *              : fread.obj (.text)
                   00005edb  [ 00002f6d+] 000000e6          *              : setvbuf.obj (.text)
                   00005fc1  [ 00002fe0+] 000000dd          *              : _io_perm.obj (.text)
                   0000609e  [ 0000304f ] 000000c2          *              : fflush.obj (.text)
                   00006160  [ 000030b0 ] 000000ba          *              : trgmsg.obj (.text:CIO_breakpoint)
                   0000621a  [ 0000310d ] 000000ae          *              : _bufread.obj (.text)
                   000062c8  [ 00003164 ] 000000a6          *              : fputc.obj (.text)
                   0000636e  [ 000031b7 ] 000000a1          *              : divul.obj (.text)
                   0000640f  [ 00003207+] 0000009b          *              : fgetc.obj (.text)
                   000064aa  [ 00003255 ] 0000009a          *              : ungetc.obj (.text)
                   00006544  [ 000032a2 ] 0000007d          *              : ltoa.obj (.text)
                   000065c1  [ 000032e0+] 0000007b          *              : fclose.obj (.text)
                   0000663c  [ 0000331e ] 00000076          *              : frcmpyd.obj (.text)
                   000066b2  [ 00003359 ] 00000073          *              : frcmpyd_div.obj (.text)
                   00006725  [ 00003392+] 00000072          *              : remul.obj (.text)
                   00006797  [ 000033cb+] 0000006f          *              : fixdli.obj (.text)
                   00006806  [ 00003403 ] 0000006d          *              : trgmsg.obj (.text)
                   00006873  [ 00003439+] 0000006b          *              : fseek.obj (.text)
                   000068de  [ 0000346f ] 00000067          *              : fltlid.obj (.text)
                   00006945  [ 000034a2+] 0000005c          *              : atoi.obj (.text)
                   000069a1  [ 000034d0+] 00000050          *              : printf.obj (.text)
                   000069f1  [ 000034f8+] 0000004d          *              : autoinit.obj (.text)
                   00006a3e  [ 0000351f ] 0000004b          *              : args_main.obj (.text)
                   00006a89  [ 00003544+] 0000004b          *              : remli.obj (.text)
                   00006ad4  [ 0000356a ] 00000048          *              : divli.obj (.text)
                   00006b1c  [ 0000358e ] 0000003f          *              : memcpy.obj (.text)
                   00006b5b  [ 000035ad+] 0000003e          *              : exit.obj (.text)
                   00006b99  [ 000035cc+] 0000003c          *              : idiv.obj (.text)
                   00006bd5  [ 000035ea+] 00000034          *              : boot.obj (.text)
                   00006c09  [ 00003604+] 0000002a          *              : fixdi.obj (.text)
                   00006c33  [ 00003619+] 0000002a          *              : udiv.obj (.text)
                   00006c5d  [ 0000362e+] 00000023          *              : memccpy.obj (.text)
                   00006c80  [ 00003640 ] 0000001a          *              : isinf.obj (.text)
                   00006c9a  [ 0000364d ] 00000014          *              : subd.obj (.text)
                   00006cae  [ 00003657 ] 00000013          *              : lmpy.obj (.text)
                   00006cc1  [ 00003660+] 00000012          *              : _lock.obj (.text)
                   00006cd3  [ 00003669+] 00000010          *              : negd.obj (.text)
                   00006ce3  [ 00003671+] 0000000e          *              : rewind.obj (.text)
                   00006cf1  [ 00003678+] 0000000c          *              : fltid.obj (.text)
                   00006cfd  [ 0000367e+] 0000000a          *              : remove.obj (.text)
                   00006d07  [ 00003683+] 00000007          *              : exit.obj (.text:CIO_breakpoint)
                   00006d0e  [ 00003687 ] 00000002          *              : vectors.obj (.text)
                   00006d10  [ 00003688 ] 00000001          *   --HOLE-- [fill = 20]

.data        0   [ 000000c0 ]  00000060          *   00000000   UNINITIALIZED

.stack       0   [ 00006d14 ]  0000368a          *   00001000   UNINITIALIZED
                 [ 00006d14 ]  0000368a          *   00001000   --HOLE--

.sysmem      0   [ 00008d14 ]  0000468a          *   00001000   UNINITIALIZED
                 [ 00008d14 ]  0000468a          *   00001000   --HOLE--

.bss         0   [ 0000ad14 ]  0000568a          *   00000a9a   UNINITIALIZED
                 [ 0000ad14 ]  0000568a          *   00000830   reverbTest.obj (.bss)
                 [ 0000bd74 ]  00005eba          *   00000119   rts55x.lib : defs.obj (.bss)
                 [ 0000bfa6 ]  00005fd3          *   000000d0              : trgdrv.obj (.bss)
                 [ 0000c146 ]  000060a3          *   00000001              : errno.obj (.bss)
                 [ 0000c148 ]  000060a4          *   00000071              : lowlev.obj (.bss)
                 [ 0000c22a ]  00006115          *   00000001              : fopen.obj (.bss)
                 [ 0000c22c ]  00006116          *   00000006              : memory.obj (.bss)
                 [ 0000c238 ]  0000611c          *   00000004              : _lock.obj (.bss)
                 [ 0000c240 ]  00006120          *   00000004              : exit.obj (.bss)

.sysstack 
*            0   [ 0000c248 ]  00006124          *   00000800   UNINITIALIZED
                 [ 0000c248 ]  00006124          *   00000800   --HOLE--

.const       0   [ 0000d248 ]  00006924          *   000002ce   
                 [ 0000d248 ]  00006924          *   00000113   reverbTest.obj (.const:.string)
                 [ 0000d46e ]  00006a37          *   00000101   rts55x.lib : ctype.obj (.const:__ctypes_)
                 [ 0000d670 ]  00006b38          *   00000024              : _printfi.obj (.const:.string)
                 [ 0000d6b8 ]  00006b5c          *   00000014              : strtod.obj (.const:_digits)
                 [ 0000d6e0 ]  00006b70          *   00000014              : strtold.obj (.const:_digits)
                 [ 0000d708 ]  00006b84          *   0000000c              : strtod.obj (.const:_powerof10)
                 [ 0000d720 ]  00006b90          *   0000000c              : strtold.obj (.const:_powerof10)
                 [ 0000d738 ]  00006b9c          *   0000000c              : _printfi.obj (.const)
                 [ 0000d750 ]  00006ba8          *   00000008   reverberation.obj (.const:_$P$T0$1)
                 [ 0000d760 ]  00006bb0          *   00000008   reverberation.obj (.const:_$P$T1$2)
                 [ 0000d770 ]  00006bb8          *   00000008   rts55x.lib : divd.obj (.const:_initial_approx$1)
                 [ 0000d780 ]  00006bc0          *   00000008              : strtod.obj (.const)
                 [ 0000d790 ]  00006bc8          *   00000008              : strtold.obj (.const)
                 [ 0000d7a0 ]  00006bd0          *   00000007              : _scanfi.obj (.const:_flit$1)
                 [ 0000d7ae ]  00006bd7          *   00000006              : _scanfi.obj (.const:_barr$2)
                 [ 0000d7ba ]  00006bdd          *   00000001   --HOLE-- [fill = 0]
                 [ 0000d7bc ]  00006bde          *   00000004   reverberation.obj (.const:_$P$T2$3)
                 [ 0000d7c4 ]  00006be2          *   00000004   reverberation.obj (.const:_$P$T3$4)
                 [ 0000d7cc ]  00006be6          *   00000004   reverbTest.obj (.const)
                 [ 0000d7d4 ]  00006bea          *   00000004   reverberation.obj (.const)
                 [ 0000d7dc ]  00006bee          *   00000002   rts55x.lib : fputs.obj (.const:.string)
                 [ 0000d7e0 ]  00006bf0          *   00000002              : fltlid.obj (.const)

.cio         0   [ 0000d7e8 ]  00006bf4          *   00000120   UNINITIALIZED
                 [ 0000d7e8 ]  00006bf4          *   00000120   rts55x.lib : trgmsg.obj (.cio)

.cinit       0   [ 0000da28 ]  00006d14          *   00000082   
                 [ 0000da28 ]  00006d14          *   0000002d   rts55x.lib : lowlev.obj (.cinit)
                 [ 0000da82 ]  00006d41          *   0000002a              : defs.obj (.cinit)
                 [ 0000dad6 ]  00006d6b          *   0000000a   reverbTest.obj (.cinit)
                 [ 0000daea ]  00006d75          *   0000000a   rts55x.lib : _lock.obj (.cinit)
                 [ 0000dafe ]  00006d7f          *   0000000a              : exit.obj (.cinit)
                 [ 0000db12 ]  00006d89          *   00000004              : errno.obj (.cinit)
                 [ 0000db1a ]  00006d8d          *   00000004              : fopen.obj (.cinit)
                 [ 0000db22 ]  00006d91          *   00000004              : memory.obj (.cinit)
                 [ 0000db2a ]  00006d95          *   00000001   --HOLE-- [fill = 0]

vectors      0     0000db30  [ 00006d98 ] 00000100          *   NOLOAD SECTION
                   0000db30  [ 00006d98 ] 00000100          *   rts55x.lib : vectors.obj (vectors)


GLOBAL SYMBOLS: SORTED ALPHABETICALLY BY Name 

abs. value/
byte addr   word addr   name
---------   ---------   ----
00000002                $TI_capability$C5500$CallingConvention
00000002                $TI_capability$C5500$MemoryModel
00000001                $TI_capability_requires_rev2
            0000568a    .bss
            00000060    .data
000000c0                .text
00006d08                C$$EXIT
00006215                C$$IO$$
00006b99                I$$DIV
00006cae                I$$LMPY
00006bb8                I$$MOD
00006c33                I$$UDIV
00006c48                I$$UMOD
00002f4c                _HOSTclock
00002ee1                _HOSTclose
00002e2c                _HOSTlseek
00002d8d                _HOSTopen
00002d00                _HOSTread
00002c52                _HOSTrename
00002bf4                _HOSTtime
00002b8a                _HOSTunlink
00002afd                _HOSTwrite
0000db30                _Reset
            00006bf4    __CIOBUF_
            0000468a    __STACK_END
00002000                __STACK_SIZE
00002000                __SYSMEM_SIZE
00001000                __SYSSTACK_SIZE
00000001                __TI_args_main
ffffffff                ___binit__
            0000568a    ___bss__
ffffffff                ___c_args__
            00006d14    ___cinit__
            00000060    ___data__
            00000060    ___edata__
            00006124    ___end__
00006d11                ___etext__
00006c80                ___isinf
ffffffff                ___pinit__
000000c0                ___text__
00004d66                __addd
00006a3e                __args_main
0000621a                __buff_read
000049aa                __cleanup
            00006120    __cleanup_ptr
00005793                __cmpd
            00006a37    __ctypes_
00003c60                __divd
00006b99                __divi
00006ad4                __divli
00004d31                __divlli
00006c33                __divu
0000636e                __divul
00004c3d                __divull
0000609e                __doflush
            00006122    __dtors_ptr
0000575f                __eqld
00006c09                __fixdi
00006797                __fixdli
00006cf1                __fltid
000068de                __fltlid
0000663c                __frcmpyd
000066b2                __frcmpyd_div
            00005fd2    __ft_end
            00005eba    __ftable
00005715                __geqd
000056ca                __gtrd
0000567d                __leqd
            0000611c    __lock
00005635                __lssd
00005c80                __mpyd
00006cae                __mpyli
00004b85                __mpylli
00006cd3                __negd
00005601                __neqd
00006cd1                __nop
00001422                __printfi
00006041                __rd_ok
00006cc9                __register_lock
00006cc1                __register_unlock
00006bb8                __remi
00006a89                __remli
00004b56                __remlli
00006c48                __remu
00006725                __remul
00004b08                __remull
00002037                __scanfi
            0000368a    __stack
00006c9a                __subd
            0000468a    __sys_memory
            00006124    __sysstack
            00005f32    __tmpnams
            0000611e    __unlock
00005fc1                __wrt_ok
00006d07                _abort
00002992                _add_device
00003935                _allPassFilter
00006945                _atoi
000069f1                _auto_init
00006bd5                _c_int00
00003439                _calloc
00003431                _chkheap
0000291f                _close
0000388c                _combFilter
            0000568a    _d_buffer
            000060a3    _errno
00006b5b                _exit
000065c1                _fclose
00006107                _fflush
0000640f                _fgetc
00002916                _find_registered_device
00004acd                _fopen
000062c8                _fputc
000059bc                _fputs
00005dcc                _fread
00002faa                _free
000033db                _free_memory
00004a04                _freopen
00005b5b                _fscanf
00006873                _fseek
00005413                _fwrite
0000640f                _getc
0000649b                _getchar
00002a82                _getenv
000028b0                _lseek
00006544                _ltoa
0000345f                _main
000030db                _malloc
00003381                _max_free
00006c5d                _memccpy
00006b1c                _memcpy
00003076                _minit
00003bdc                _mixDryWet
000027f1                _open
000069a1                _printf
000062c8                _putc
0000635f                _putchar
00005af1                _puts
00002743                _read
00006806                _readmsg
000031d0                _realloc
00006cfd                _remove
0000270d                _remove_device
000026b4                _rename
00006ce3                _rewind
            00005eb8    _sampleRate
00005b1f                _scanf
00003a38                _schroederReverb
00005edb                _setvbuf
0000432d                _strtod
0000520b                _strtol
000045ea                _strtold
0000402c                _strtoll
000057eb                _strtoul
00004fc0                _strtoull
            00005a8a    _temp
000064aa                _ungetc
00002681                _unlink
000036fc                _wHeader
            00005e8a    _waveHeader
            00005eb6    _wetLevel
0000253f                _write
00006160                _writemsg
ffffffff                binit
            00006d14    cinit
            00000060    edata
            00006124    end
00006d11                etext
ffffffff                pinit


GLOBAL SYMBOLS: SORTED BY Symbol Address 

abs. value/
byte addr   word addr   name
---------   ---------   ----
00000001                $TI_capability_requires_rev2
00000001                __TI_args_main
00000002                $TI_capability$C5500$CallingConvention
00000002                $TI_capability$C5500$MemoryModel
            00000060    .data
000000c0                .text
            00000060    ___data__
            00000060    ___edata__
000000c0                ___text__
            00000060    edata
00001000                __SYSSTACK_SIZE
00001422                __printfi
00002000                __STACK_SIZE
00002000                __SYSMEM_SIZE
00002037                __scanfi
0000253f                _write
00002681                _unlink
000026b4                _rename
0000270d                _remove_device
00002743                _read
000027f1                _open
000028b0                _lseek
00002916                _find_registered_device
0000291f                _close
00002992                _add_device
00002a82                _getenv
00002afd                _HOSTwrite
00002b8a                _HOSTunlink
00002bf4                _HOSTtime
00002c52                _HOSTrename
00002d00                _HOSTread
00002d8d                _HOSTopen
00002e2c                _HOSTlseek
00002ee1                _HOSTclose
00002f4c                _HOSTclock
00002faa                _free
00003076                _minit
000030db                _malloc
000031d0                _realloc
00003381                _max_free
000033db                _free_memory
00003431                _chkheap
00003439                _calloc
0000345f                _main
000036fc                _wHeader
0000388c                _combFilter
00003935                _allPassFilter
00003a38                _schroederReverb
00003bdc                _mixDryWet
00003c60                __divd
0000402c                _strtoll
0000432d                _strtod
000045ea                _strtold
000049aa                __cleanup
00004a04                _freopen
00004acd                _fopen
00004b08                __remull
00004b56                __remlli
00004b85                __mpylli
00004c3d                __divull
00004d31                __divlli
00004d66                __addd
00004fc0                _strtoull
0000520b                _strtol
00005413                _fwrite
00005601                __neqd
00005635                __lssd
0000567d                __leqd
000056ca                __gtrd
00005715                __geqd
0000575f                __eqld
00005793                __cmpd
000057eb                _strtoul
000059bc                _fputs
00005af1                _puts
00005b1f                _scanf
00005b5b                _fscanf
00005c80                __mpyd
00005dcc                _fread
00005edb                _setvbuf
00005fc1                __wrt_ok
00006041                __rd_ok
0000609e                __doflush
00006107                _fflush
00006160                _writemsg
00006215                C$$IO$$
0000621a                __buff_read
000062c8                _fputc
000062c8                _putc
0000635f                _putchar
0000636e                __divul
0000640f                _fgetc
0000640f                _getc
0000649b                _getchar
000064aa                _ungetc
00006544                _ltoa
000065c1                _fclose
0000663c                __frcmpyd
000066b2                __frcmpyd_div
00006725                __remul
00006797                __fixdli
00006806                _readmsg
00006873                _fseek
000068de                __fltlid
00006945                _atoi
000069a1                _printf
000069f1                _auto_init
00006a3e                __args_main
00006a89                __remli
00006ad4                __divli
00006b1c                _memcpy
00006b5b                _exit
00006b99                I$$DIV
00006b99                __divi
00006bb8                I$$MOD
00006bb8                __remi
00006bd5                _c_int00
00006c09                __fixdi
00006c33                I$$UDIV
00006c33                __divu
00006c48                I$$UMOD
00006c48                __remu
00006c5d                _memccpy
00006c80                ___isinf
00006c9a                __subd
00006cae                I$$LMPY
00006cae                __mpyli
00006cc1                __register_unlock
00006cc9                __register_lock
00006cd1                __nop
00006cd3                __negd
00006ce3                _rewind
00006cf1                __fltid
00006cfd                _remove
00006d07                _abort
00006d08                C$$EXIT
00006d11                ___etext__
00006d11                etext
            0000368a    __stack
            0000468a    __STACK_END
            0000468a    __sys_memory
            0000568a    .bss
            0000568a    ___bss__
            0000568a    _d_buffer
            00005a8a    _temp
            00005e8a    _waveHeader
            00005eb6    _wetLevel
            00005eb8    _sampleRate
            00005eba    __ftable
            00005f32    __tmpnams
            00005fd2    __ft_end
            000060a3    _errno
            0000611c    __lock
            0000611e    __unlock
            00006120    __cleanup_ptr
            00006122    __dtors_ptr
            00006124    ___end__
            00006124    __sysstack
            00006124    end
            00006a37    __ctypes_
            00006bf4    __CIOBUF_
            00006d14    ___cinit__
            00006d14    cinit
0000db30                _Reset
ffffffff                ___binit__
ffffffff                ___c_args__
ffffffff                ___pinit__
ffffffff                binit
ffffffff                pinit

[169 symbols]
