<?xml version="1.0"?>
<link_info>
   <banner>TMS320C55x Linker PC v4.4.1</banner>
   <copyright>Copyright (c) 1996-2012 Texas Instruments Incorporated</copyright>
   <link_time>0x677c4b5b</link_time>
   <output_file>reverb.out</output_file>
   <entry_point>
      <name>_c_int00</name>
      <address>0x6bd5</address>
   </entry_point>
   <input_file_list>
      <input_file id="fl-2">
         <path>.\</path>
         <kind>object</kind>
         <file>reverbTest.obj</file>
         <name>reverbTest.obj</name>
      </input_file>
      <input_file id="fl-3">
         <path>.\</path>
         <kind>object</kind>
         <file>reverberation.obj</file>
         <name>reverberation.obj</name>
      </input_file>
      <input_file id="fl-1a">
         <path>C:\ti\ccsv7\tools\compiler\c5500_4.4.1\lib\</path>
         <kind>archive</kind>
         <file>rts55x.lib</file>
         <name>addd.obj</name>
      </input_file>
      <input_file id="fl-1b">
         <path>C:\ti\ccsv7\tools\compiler\c5500_4.4.1\lib\</path>
         <kind>archive</kind>
         <file>rts55x.lib</file>
         <name>boot.obj</name>
      </input_file>
      <input_file id="fl-1c">
         <path>C:\ti\ccsv7\tools\compiler\c5500_4.4.1\lib\</path>
         <kind>archive</kind>
         <file>rts55x.lib</file>
         <name>divd.obj</name>
      </input_file>
      <input_file id="fl-1d">
         <path>C:\ti\ccsv7\tools\compiler\c5500_4.4.1\lib\</path>
         <kind>archive</kind>
         <file>rts55x.lib</file>
         <name>exit.obj</name>
      </input_file>
      <input_file id="fl-1e">
         <path>C:\ti\ccsv7\tools\compiler\c5500_4.4.1\lib\</path>
         <kind>archive</kind>
         <file>rts55x.lib</file>
         <name>fclose.obj</name>
      </input_file>
      <input_file id="fl-1f">
         <path>C:\ti\ccsv7\tools\compiler\c5500_4.4.1\lib\</path>
         <kind>archive</kind>
         <file>rts55x.lib</file>
         <name>fflush.obj</name>
      </input_file>
      <input_file id="fl-20">
         <path>C:\ti\ccsv7\tools\compiler\c5500_4.4.1\lib\</path>
         <kind>archive</kind>
         <file>rts55x.lib</file>
         <name>fixdi.obj</name>
      </input_file>
      <input_file id="fl-21">
         <path>C:\ti\ccsv7\tools\compiler\c5500_4.4.1\lib\</path>
         <kind>archive</kind>
         <file>rts55x.lib</file>
         <name>fixdli.obj</name>
      </input_file>
      <input_file id="fl-22">
         <path>C:\ti\ccsv7\tools\compiler\c5500_4.4.1\lib\</path>
         <kind>archive</kind>
         <file>rts55x.lib</file>
         <name>fltid.obj</name>
      </input_file>
      <input_file id="fl-23">
         <path>C:\ti\ccsv7\tools\compiler\c5500_4.4.1\lib\</path>
         <kind>archive</kind>
         <file>rts55x.lib</file>
         <name>fltlid.obj</name>
      </input_file>
      <input_file id="fl-24">
         <path>C:\ti\ccsv7\tools\compiler\c5500_4.4.1\lib\</path>
         <kind>archive</kind>
         <file>rts55x.lib</file>
         <name>fopen.obj</name>
      </input_file>
      <input_file id="fl-25">
         <path>C:\ti\ccsv7\tools\compiler\c5500_4.4.1\lib\</path>
         <kind>archive</kind>
         <file>rts55x.lib</file>
         <name>frcmpyd_div.obj</name>
      </input_file>
      <input_file id="fl-26">
         <path>C:\ti\ccsv7\tools\compiler\c5500_4.4.1\lib\</path>
         <kind>archive</kind>
         <file>rts55x.lib</file>
         <name>fread.obj</name>
      </input_file>
      <input_file id="fl-27">
         <path>C:\ti\ccsv7\tools\compiler\c5500_4.4.1\lib\</path>
         <kind>archive</kind>
         <file>rts55x.lib</file>
         <name>fscanf.obj</name>
      </input_file>
      <input_file id="fl-28">
         <path>C:\ti\ccsv7\tools\compiler\c5500_4.4.1\lib\</path>
         <kind>archive</kind>
         <file>rts55x.lib</file>
         <name>fwrite.obj</name>
      </input_file>
      <input_file id="fl-29">
         <path>C:\ti\ccsv7\tools\compiler\c5500_4.4.1\lib\</path>
         <kind>archive</kind>
         <file>rts55x.lib</file>
         <name>lmpy.obj</name>
      </input_file>
      <input_file id="fl-2a">
         <path>C:\ti\ccsv7\tools\compiler\c5500_4.4.1\lib\</path>
         <kind>archive</kind>
         <file>rts55x.lib</file>
         <name>lowlev.obj</name>
      </input_file>
      <input_file id="fl-2b">
         <path>C:\ti\ccsv7\tools\compiler\c5500_4.4.1\lib\</path>
         <kind>archive</kind>
         <file>rts55x.lib</file>
         <name>memcpy.obj</name>
      </input_file>
      <input_file id="fl-2c">
         <path>C:\ti\ccsv7\tools\compiler\c5500_4.4.1\lib\</path>
         <kind>archive</kind>
         <file>rts55x.lib</file>
         <name>memory.obj</name>
      </input_file>
      <input_file id="fl-2d">
         <path>C:\ti\ccsv7\tools\compiler\c5500_4.4.1\lib\</path>
         <kind>archive</kind>
         <file>rts55x.lib</file>
         <name>mpyd.obj</name>
      </input_file>
      <input_file id="fl-2e">
         <path>C:\ti\ccsv7\tools\compiler\c5500_4.4.1\lib\</path>
         <kind>archive</kind>
         <file>rts55x.lib</file>
         <name>printf.obj</name>
      </input_file>
      <input_file id="fl-2f">
         <path>C:\ti\ccsv7\tools\compiler\c5500_4.4.1\lib\</path>
         <kind>archive</kind>
         <file>rts55x.lib</file>
         <name>remove.obj</name>
      </input_file>
      <input_file id="fl-30">
         <path>C:\ti\ccsv7\tools\compiler\c5500_4.4.1\lib\</path>
         <kind>archive</kind>
         <file>rts55x.lib</file>
         <name>rewind.obj</name>
      </input_file>
      <input_file id="fl-31">
         <path>C:\ti\ccsv7\tools\compiler\c5500_4.4.1\lib\</path>
         <kind>archive</kind>
         <file>rts55x.lib</file>
         <name>subd.obj</name>
      </input_file>
      <input_file id="fl-32">
         <path>C:\ti\ccsv7\tools\compiler\c5500_4.4.1\lib\</path>
         <kind>archive</kind>
         <file>rts55x.lib</file>
         <name>trgdrv.obj</name>
      </input_file>
      <input_file id="fl-33">
         <path>C:\ti\ccsv7\tools\compiler\c5500_4.4.1\lib\</path>
         <kind>archive</kind>
         <file>rts55x.lib</file>
         <name>trgmsg.obj</name>
      </input_file>
      <input_file id="fl-34">
         <path>C:\ti\ccsv7\tools\compiler\c5500_4.4.1\lib\</path>
         <kind>archive</kind>
         <file>rts55x.lib</file>
         <name>udiv.obj</name>
      </input_file>
      <input_file id="fl-35">
         <path>C:\ti\ccsv7\tools\compiler\c5500_4.4.1\lib\</path>
         <kind>archive</kind>
         <file>rts55x.lib</file>
         <name>ungetc.obj</name>
      </input_file>
      <input_file id="fl-36">
         <path>C:\ti\ccsv7\tools\compiler\c5500_4.4.1\lib\</path>
         <kind>archive</kind>
         <file>rts55x.lib</file>
         <name>vectors.obj</name>
      </input_file>
      <input_file id="fl-37">
         <path>C:\ti\ccsv7\tools\compiler\c5500_4.4.1\lib\</path>
         <kind>archive</kind>
         <file>rts55x.lib</file>
         <name>_bufread.obj</name>
      </input_file>
      <input_file id="fl-38">
         <path>C:\ti\ccsv7\tools\compiler\c5500_4.4.1\lib\</path>
         <kind>archive</kind>
         <file>rts55x.lib</file>
         <name>_io_perm.obj</name>
      </input_file>
      <input_file id="fl-39">
         <path>C:\ti\ccsv7\tools\compiler\c5500_4.4.1\lib\</path>
         <kind>archive</kind>
         <file>rts55x.lib</file>
         <name>_lock.obj</name>
      </input_file>
      <input_file id="fl-3a">
         <path>C:\ti\ccsv7\tools\compiler\c5500_4.4.1\lib\</path>
         <kind>archive</kind>
         <file>rts55x.lib</file>
         <name>_printfi.obj</name>
      </input_file>
      <input_file id="fl-3b">
         <path>C:\ti\ccsv7\tools\compiler\c5500_4.4.1\lib\</path>
         <kind>archive</kind>
         <file>rts55x.lib</file>
         <name>_scanfi.obj</name>
      </input_file>
      <input_file id="fl-3c">
         <path>C:\ti\ccsv7\tools\compiler\c5500_4.4.1\lib\</path>
         <kind>archive</kind>
         <file>rts55x.lib</file>
         <name>args_main.obj</name>
      </input_file>
      <input_file id="fl-3d">
         <path>C:\ti\ccsv7\tools\compiler\c5500_4.4.1\lib\</path>
         <kind>archive</kind>
         <file>rts55x.lib</file>
         <name>atoi.obj</name>
      </input_file>
      <input_file id="fl-3e">
         <path>C:\ti\ccsv7\tools\compiler\c5500_4.4.1\lib\</path>
         <kind>archive</kind>
         <file>rts55x.lib</file>
         <name>autoinit.obj</name>
      </input_file>
      <input_file id="fl-3f">
         <path>C:\ti\ccsv7\tools\compiler\c5500_4.4.1\lib\</path>
         <kind>archive</kind>
         <file>rts55x.lib</file>
         <name>cmpd.obj</name>
      </input_file>
      <input_file id="fl-40">
         <path>C:\ti\ccsv7\tools\compiler\c5500_4.4.1\lib\</path>
         <kind>archive</kind>
         <file>rts55x.lib</file>
         <name>ctype.obj</name>
      </input_file>
      <input_file id="fl-41">
         <path>C:\ti\ccsv7\tools\compiler\c5500_4.4.1\lib\</path>
         <kind>archive</kind>
         <file>rts55x.lib</file>
         <name>defs.obj</name>
      </input_file>
      <input_file id="fl-42">
         <path>C:\ti\ccsv7\tools\compiler\c5500_4.4.1\lib\</path>
         <kind>archive</kind>
         <file>rts55x.lib</file>
         <name>divul.obj</name>
      </input_file>
      <input_file id="fl-43">
         <path>C:\ti\ccsv7\tools\compiler\c5500_4.4.1\lib\</path>
         <kind>archive</kind>
         <file>rts55x.lib</file>
         <name>fgetc.obj</name>
      </input_file>
      <input_file id="fl-44">
         <path>C:\ti\ccsv7\tools\compiler\c5500_4.4.1\lib\</path>
         <kind>archive</kind>
         <file>rts55x.lib</file>
         <name>fputc.obj</name>
      </input_file>
      <input_file id="fl-45">
         <path>C:\ti\ccsv7\tools\compiler\c5500_4.4.1\lib\</path>
         <kind>archive</kind>
         <file>rts55x.lib</file>
         <name>fputs.obj</name>
      </input_file>
      <input_file id="fl-46">
         <path>C:\ti\ccsv7\tools\compiler\c5500_4.4.1\lib\</path>
         <kind>archive</kind>
         <file>rts55x.lib</file>
         <name>frcmpyd.obj</name>
      </input_file>
      <input_file id="fl-47">
         <path>C:\ti\ccsv7\tools\compiler\c5500_4.4.1\lib\</path>
         <kind>archive</kind>
         <file>rts55x.lib</file>
         <name>fseek.obj</name>
      </input_file>
      <input_file id="fl-48">
         <path>C:\ti\ccsv7\tools\compiler\c5500_4.4.1\lib\</path>
         <kind>archive</kind>
         <file>rts55x.lib</file>
         <name>isinf.obj</name>
      </input_file>
      <input_file id="fl-49">
         <path>C:\ti\ccsv7\tools\compiler\c5500_4.4.1\lib\</path>
         <kind>archive</kind>
         <file>rts55x.lib</file>
         <name>llmpy.obj</name>
      </input_file>
      <input_file id="fl-4a">
         <path>C:\ti\ccsv7\tools\compiler\c5500_4.4.1\lib\</path>
         <kind>archive</kind>
         <file>rts55x.lib</file>
         <name>ltoa.obj</name>
      </input_file>
      <input_file id="fl-4b">
         <path>C:\ti\ccsv7\tools\compiler\c5500_4.4.1\lib\</path>
         <kind>archive</kind>
         <file>rts55x.lib</file>
         <name>memccpy.obj</name>
      </input_file>
      <input_file id="fl-4c">
         <path>C:\ti\ccsv7\tools\compiler\c5500_4.4.1\lib\</path>
         <kind>archive</kind>
         <file>rts55x.lib</file>
         <name>negd.obj</name>
      </input_file>
      <input_file id="fl-4d">
         <path>C:\ti\ccsv7\tools\compiler\c5500_4.4.1\lib\</path>
         <kind>archive</kind>
         <file>rts55x.lib</file>
         <name>remli.obj</name>
      </input_file>
      <input_file id="fl-4e">
         <path>C:\ti\ccsv7\tools\compiler\c5500_4.4.1\lib\</path>
         <kind>archive</kind>
         <file>rts55x.lib</file>
         <name>remul.obj</name>
      </input_file>
      <input_file id="fl-4f">
         <path>C:\ti\ccsv7\tools\compiler\c5500_4.4.1\lib\</path>
         <kind>archive</kind>
         <file>rts55x.lib</file>
         <name>setvbuf.obj</name>
      </input_file>
      <input_file id="fl-50">
         <path>C:\ti\ccsv7\tools\compiler\c5500_4.4.1\lib\</path>
         <kind>archive</kind>
         <file>rts55x.lib</file>
         <name>strtod.obj</name>
      </input_file>
      <input_file id="fl-51">
         <path>C:\ti\ccsv7\tools\compiler\c5500_4.4.1\lib\</path>
         <kind>archive</kind>
         <file>rts55x.lib</file>
         <name>strtol.obj</name>
      </input_file>
      <input_file id="fl-52">
         <path>C:\ti\ccsv7\tools\compiler\c5500_4.4.1\lib\</path>
         <kind>archive</kind>
         <file>rts55x.lib</file>
         <name>strtold.obj</name>
      </input_file>
      <input_file id="fl-53">
         <path>C:\ti\ccsv7\tools\compiler\c5500_4.4.1\lib\</path>
         <kind>archive</kind>
         <file>rts55x.lib</file>
         <name>strtoll.obj</name>
      </input_file>
      <input_file id="fl-54">
         <path>C:\ti\ccsv7\tools\compiler\c5500_4.4.1\lib\</path>
         <kind>archive</kind>
         <file>rts55x.lib</file>
         <name>strtoul.obj</name>
      </input_file>
      <input_file id="fl-55">
         <path>C:\ti\ccsv7\tools\compiler\c5500_4.4.1\lib\</path>
         <kind>archive</kind>
         <file>rts55x.lib</file>
         <name>strtoull.obj</name>
      </input_file>
      <input_file id="fl-56">
         <path>C:\ti\ccsv7\tools\compiler\c5500_4.4.1\lib\</path>
         <kind>archive</kind>
         <file>rts55x.lib</file>
         <name>divli.obj</name>
      </input_file>
      <input_file id="fl-57">
         <path>C:\ti\ccsv7\tools\compiler\c5500_4.4.1\lib\</path>
         <kind>archive</kind>
         <file>rts55x.lib</file>
         <name>errno.obj</name>
      </input_file>
      <input_file id="fl-58">
         <path>C:\ti\ccsv7\tools\compiler\c5500_4.4.1\lib\</path>
         <kind>archive</kind>
         <file>rts55x.lib</file>
         <name>idiv.obj</name>
      </input_file>
   </input_file_list>
   <object_component_list>
      <object_component id="oc-10">
         <name>vectors</name>
         <load_address>0xdb30</load_address>
         <run_address>0xdb30</run_address>
         <size>0x100</size>
         <input_file_ref idref="fl-36"/>
      </object_component>
      <object_component id="oc-12">
         <name>.bss</name>
         <uninitialized>true</uninitialized>
         <run_address>0xad14</run_address>
         <size>0x1060</size>
         <input_file_ref idref="fl-2"/>
      </object_component>
      <object_component id="oc-2d">
         <name>.bss</name>
         <uninitialized>true</uninitialized>
         <run_address>0xc240</run_address>
         <size>0x8</size>
         <input_file_ref idref="fl-1d"/>
      </object_component>
      <object_component id="oc-4d">
         <name>.bss</name>
         <uninitialized>true</uninitialized>
         <run_address>0xc22a</run_address>
         <size>0x2</size>
         <input_file_ref idref="fl-24"/>
      </object_component>
      <object_component id="oc-67">
         <name>.bss</name>
         <uninitialized>true</uninitialized>
         <run_address>0xc148</run_address>
         <size>0xe2</size>
         <input_file_ref idref="fl-2a"/>
      </object_component>
      <object_component id="oc-71">
         <name>.bss</name>
         <uninitialized>true</uninitialized>
         <run_address>0xc22c</run_address>
         <size>0xc</size>
         <input_file_ref idref="fl-2c"/>
      </object_component>
      <object_component id="oc-8c">
         <name>.bss</name>
         <uninitialized>true</uninitialized>
         <run_address>0xbfa6</run_address>
         <size>0x1a0</size>
         <input_file_ref idref="fl-32"/>
      </object_component>
      <object_component id="oc-ab">
         <name>.bss</name>
         <uninitialized>true</uninitialized>
         <run_address>0xc238</run_address>
         <size>0x8</size>
         <input_file_ref idref="fl-39"/>
      </object_component>
      <object_component id="oc-cc">
         <name>.bss</name>
         <uninitialized>true</uninitialized>
         <run_address>0xbd74</run_address>
         <size>0x232</size>
         <input_file_ref idref="fl-41"/>
      </object_component>
      <object_component id="oc-127">
         <name>.bss</name>
         <uninitialized>true</uninitialized>
         <run_address>0xc146</run_address>
         <size>0x2</size>
         <input_file_ref idref="fl-57"/>
      </object_component>
      <object_component id="oc-24">
         <name>.stack</name>
         <uninitialized>true</uninitialized>
         <run_address>0x6d14</run_address>
         <size>0x0</size>
         <input_file_ref idref="fl-1b"/>
      </object_component>
      <object_component id="oc-152">
         <name>.stack</name>
         <uninitialized>true</uninitialized>
         <run_address>0x6d14</run_address>
         <size>0x0</size>
      </object_component>
      <object_component id="oc-12f">
         <name>.sysstack</name>
         <uninitialized>true</uninitialized>
         <run_address>0xc248</run_address>
         <size>0x0</size>
         <input_file_ref idref="fl-1b"/>
      </object_component>
      <object_component id="oc-154">
         <name>.sysstack</name>
         <uninitialized>true</uninitialized>
         <run_address>0xc248</run_address>
         <size>0x0</size>
      </object_component>
      <object_component id="oc-74">
         <name>.sysmem</name>
         <uninitialized>true</uninitialized>
         <run_address>0x8d14</run_address>
         <size>0x0</size>
         <input_file_ref idref="fl-2c"/>
      </object_component>
      <object_component id="oc-153">
         <name>.sysmem</name>
         <uninitialized>true</uninitialized>
         <run_address>0x8d14</run_address>
         <size>0x0</size>
      </object_component>
      <object_component id="oc-b0">
         <name>.text</name>
         <load_address>0xc0</load_address>
         <run_address>0xc0</run_address>
         <size>0x15a4</size>
         <input_file_ref idref="fl-3a"/>
      </object_component>
      <object_component id="oc-b6">
         <name>.text</name>
         <load_address>0x1664</load_address>
         <run_address>0x1664</run_address>
         <size>0xedb</size>
         <input_file_ref idref="fl-3b"/>
      </object_component>
      <object_component id="oc-66">
         <name>.text</name>
         <load_address>0x253f</load_address>
         <run_address>0x253f</run_address>
         <size>0x543</size>
         <input_file_ref idref="fl-2a"/>
      </object_component>
      <object_component id="oc-8b">
         <name>.text</name>
         <load_address>0x2a82</load_address>
         <run_address>0x2a82</run_address>
         <size>0x528</size>
         <input_file_ref idref="fl-32"/>
      </object_component>
      <object_component id="oc-70">
         <name>.text</name>
         <load_address>0x2faa</load_address>
         <run_address>0x2faa</run_address>
         <size>0x4b5</size>
         <input_file_ref idref="fl-2c"/>
      </object_component>
      <object_component id="oc-11">
         <name>.text</name>
         <load_address>0x345f</load_address>
         <run_address>0x345f</run_address>
         <size>0x42d</size>
         <input_file_ref idref="fl-2"/>
      </object_component>
      <object_component id="oc-1a">
         <name>.text</name>
         <load_address>0x388c</load_address>
         <run_address>0x388c</run_address>
         <size>0x3d4</size>
         <input_file_ref idref="fl-3"/>
      </object_component>
      <object_component id="oc-28">
         <name>.text</name>
         <load_address>0x3c60</load_address>
         <run_address>0x3c60</run_address>
         <size>0x3cc</size>
         <input_file_ref idref="fl-1c"/>
      </object_component>
      <object_component id="oc-117">
         <name>.text</name>
         <load_address>0x402c</load_address>
         <run_address>0x402c</run_address>
         <size>0x301</size>
         <input_file_ref idref="fl-53"/>
      </object_component>
      <object_component id="oc-109">
         <name>.text</name>
         <load_address>0x432d</load_address>
         <run_address>0x432d</run_address>
         <size>0x2bd</size>
         <input_file_ref idref="fl-50"/>
      </object_component>
      <object_component id="oc-112">
         <name>.text</name>
         <load_address>0x45ea</load_address>
         <run_address>0x45ea</run_address>
         <size>0x29f</size>
         <input_file_ref idref="fl-52"/>
      </object_component>
      <object_component id="oc-4c">
         <name>.text</name>
         <load_address>0x4889</load_address>
         <run_address>0x4889</run_address>
         <size>0x27f</size>
         <input_file_ref idref="fl-24"/>
      </object_component>
      <object_component id="oc-ed">
         <name>.text</name>
         <load_address>0x4b08</load_address>
         <run_address>0x4b08</run_address>
         <size>0x25e</size>
         <input_file_ref idref="fl-49"/>
      </object_component>
      <object_component id="oc-20">
         <name>.text</name>
         <load_address>0x4d66</load_address>
         <run_address>0x4d66</run_address>
         <size>0x25a</size>
         <input_file_ref idref="fl-1a"/>
      </object_component>
      <object_component id="oc-11f">
         <name>.text</name>
         <load_address>0x4fc0</load_address>
         <run_address>0x4fc0</run_address>
         <size>0x24b</size>
         <input_file_ref idref="fl-55"/>
      </object_component>
      <object_component id="oc-10e">
         <name>.text</name>
         <load_address>0x520b</load_address>
         <run_address>0x520b</run_address>
         <size>0x208</size>
         <input_file_ref idref="fl-51"/>
      </object_component>
      <object_component id="oc-5e">
         <name>.text</name>
         <load_address>0x5413</load_address>
         <run_address>0x5413</run_address>
         <size>0x1ee</size>
         <input_file_ref idref="fl-28"/>
      </object_component>
      <object_component id="oc-c6">
         <name>.text</name>
         <load_address>0x5601</load_address>
         <run_address>0x5601</run_address>
         <size>0x1ea</size>
         <input_file_ref idref="fl-3f"/>
      </object_component>
      <object_component id="oc-11b">
         <name>.text</name>
         <load_address>0x57eb</load_address>
         <run_address>0x57eb</run_address>
         <size>0x1d1</size>
         <input_file_ref idref="fl-54"/>
      </object_component>
      <object_component id="oc-dc">
         <name>.text</name>
         <load_address>0x59bc</load_address>
         <run_address>0x59bc</run_address>
         <size>0x163</size>
         <input_file_ref idref="fl-45"/>
      </object_component>
      <object_component id="oc-5a">
         <name>.text</name>
         <load_address>0x5b1f</load_address>
         <run_address>0x5b1f</run_address>
         <size>0x161</size>
         <input_file_ref idref="fl-27"/>
      </object_component>
      <object_component id="oc-77">
         <name>.text</name>
         <load_address>0x5c80</load_address>
         <run_address>0x5c80</run_address>
         <size>0x14c</size>
         <input_file_ref idref="fl-2d"/>
      </object_component>
      <object_component id="oc-56">
         <name>.text</name>
         <load_address>0x5dcc</load_address>
         <run_address>0x5dcc</run_address>
         <size>0x10f</size>
         <input_file_ref idref="fl-26"/>
      </object_component>
      <object_component id="oc-105">
         <name>.text</name>
         <load_address>0x5edb</load_address>
         <run_address>0x5edb</run_address>
         <size>0xe6</size>
         <input_file_ref idref="fl-4f"/>
      </object_component>
      <object_component id="oc-a6">
         <name>.text</name>
         <load_address>0x5fc1</load_address>
         <run_address>0x5fc1</run_address>
         <size>0xdd</size>
         <input_file_ref idref="fl-38"/>
      </object_component>
      <object_component id="oc-37">
         <name>.text</name>
         <load_address>0x609e</load_address>
         <run_address>0x609e</run_address>
         <size>0xc2</size>
         <input_file_ref idref="fl-1f"/>
      </object_component>
      <object_component id="oc-93">
         <name>.text:CIO_breakpoint</name>
         <load_address>0x6160</load_address>
         <run_address>0x6160</run_address>
         <size>0xba</size>
         <input_file_ref idref="fl-33"/>
      </object_component>
      <object_component id="oc-a2">
         <name>.text</name>
         <load_address>0x621a</load_address>
         <run_address>0x621a</run_address>
         <size>0xae</size>
         <input_file_ref idref="fl-37"/>
      </object_component>
      <object_component id="oc-d8">
         <name>.text</name>
         <load_address>0x62c8</load_address>
         <run_address>0x62c8</run_address>
         <size>0xa6</size>
         <input_file_ref idref="fl-44"/>
      </object_component>
      <object_component id="oc-d0">
         <name>.text</name>
         <load_address>0x636e</load_address>
         <run_address>0x636e</run_address>
         <size>0xa1</size>
         <input_file_ref idref="fl-42"/>
      </object_component>
      <object_component id="oc-d4">
         <name>.text</name>
         <load_address>0x640f</load_address>
         <run_address>0x640f</run_address>
         <size>0x9b</size>
         <input_file_ref idref="fl-43"/>
      </object_component>
      <object_component id="oc-9a">
         <name>.text</name>
         <load_address>0x64aa</load_address>
         <run_address>0x64aa</run_address>
         <size>0x9a</size>
         <input_file_ref idref="fl-35"/>
      </object_component>
      <object_component id="oc-f1">
         <name>.text</name>
         <load_address>0x6544</load_address>
         <run_address>0x6544</run_address>
         <size>0x7d</size>
         <input_file_ref idref="fl-4a"/>
      </object_component>
      <object_component id="oc-33">
         <name>.text</name>
         <load_address>0x65c1</load_address>
         <run_address>0x65c1</run_address>
         <size>0x7b</size>
         <input_file_ref idref="fl-1e"/>
      </object_component>
      <object_component id="oc-e1">
         <name>.text</name>
         <load_address>0x663c</load_address>
         <run_address>0x663c</run_address>
         <size>0x76</size>
         <input_file_ref idref="fl-46"/>
      </object_component>
      <object_component id="oc-52">
         <name>.text</name>
         <load_address>0x66b2</load_address>
         <run_address>0x66b2</run_address>
         <size>0x73</size>
         <input_file_ref idref="fl-25"/>
      </object_component>
      <object_component id="oc-101">
         <name>.text</name>
         <load_address>0x6725</load_address>
         <run_address>0x6725</run_address>
         <size>0x72</size>
         <input_file_ref idref="fl-4e"/>
      </object_component>
      <object_component id="oc-3f">
         <name>.text</name>
         <load_address>0x6797</load_address>
         <run_address>0x6797</run_address>
         <size>0x6f</size>
         <input_file_ref idref="fl-21"/>
      </object_component>
      <object_component id="oc-90">
         <name>.text</name>
         <load_address>0x6806</load_address>
         <run_address>0x6806</run_address>
         <size>0x6d</size>
         <input_file_ref idref="fl-33"/>
      </object_component>
      <object_component id="oc-e5">
         <name>.text</name>
         <load_address>0x6873</load_address>
         <run_address>0x6873</run_address>
         <size>0x6b</size>
         <input_file_ref idref="fl-47"/>
      </object_component>
      <object_component id="oc-47">
         <name>.text</name>
         <load_address>0x68de</load_address>
         <run_address>0x68de</run_address>
         <size>0x67</size>
         <input_file_ref idref="fl-23"/>
      </object_component>
      <object_component id="oc-be">
         <name>.text</name>
         <load_address>0x6945</load_address>
         <run_address>0x6945</run_address>
         <size>0x5c</size>
         <input_file_ref idref="fl-3d"/>
      </object_component>
      <object_component id="oc-7b">
         <name>.text</name>
         <load_address>0x69a1</load_address>
         <run_address>0x69a1</run_address>
         <size>0x50</size>
         <input_file_ref idref="fl-2e"/>
      </object_component>
      <object_component id="oc-c2">
         <name>.text</name>
         <load_address>0x69f1</load_address>
         <run_address>0x69f1</run_address>
         <size>0x4d</size>
         <input_file_ref idref="fl-3e"/>
      </object_component>
      <object_component id="oc-ba">
         <name>.text</name>
         <load_address>0x6a3e</load_address>
         <run_address>0x6a3e</run_address>
         <size>0x4b</size>
         <input_file_ref idref="fl-3c"/>
      </object_component>
      <object_component id="oc-fd">
         <name>.text</name>
         <load_address>0x6a89</load_address>
         <run_address>0x6a89</run_address>
         <size>0x4b</size>
         <input_file_ref idref="fl-4d"/>
      </object_component>
      <object_component id="oc-123">
         <name>.text</name>
         <load_address>0x6ad4</load_address>
         <run_address>0x6ad4</run_address>
         <size>0x48</size>
         <input_file_ref idref="fl-56"/>
      </object_component>
      <object_component id="oc-6c">
         <name>.text</name>
         <load_address>0x6b1c</load_address>
         <run_address>0x6b1c</run_address>
         <size>0x3f</size>
         <input_file_ref idref="fl-2b"/>
      </object_component>
      <object_component id="oc-2c">
         <name>.text</name>
         <load_address>0x6b5b</load_address>
         <run_address>0x6b5b</run_address>
         <size>0x3e</size>
         <input_file_ref idref="fl-1d"/>
      </object_component>
      <object_component id="oc-12b">
         <name>.text</name>
         <load_address>0x6b99</load_address>
         <run_address>0x6b99</run_address>
         <size>0x3c</size>
         <input_file_ref idref="fl-58"/>
      </object_component>
      <object_component id="oc-f">
         <name>.text</name>
         <load_address>0x6bd5</load_address>
         <run_address>0x6bd5</run_address>
         <size>0x34</size>
         <input_file_ref idref="fl-1b"/>
      </object_component>
      <object_component id="oc-3b">
         <name>.text</name>
         <load_address>0x6c09</load_address>
         <run_address>0x6c09</run_address>
         <size>0x2a</size>
         <input_file_ref idref="fl-20"/>
      </object_component>
      <object_component id="oc-96">
         <name>.text</name>
         <load_address>0x6c33</load_address>
         <run_address>0x6c33</run_address>
         <size>0x2a</size>
         <input_file_ref idref="fl-34"/>
      </object_component>
      <object_component id="oc-f5">
         <name>.text</name>
         <load_address>0x6c5d</load_address>
         <run_address>0x6c5d</run_address>
         <size>0x23</size>
         <input_file_ref idref="fl-4b"/>
      </object_component>
      <object_component id="oc-e9">
         <name>.text</name>
         <load_address>0x6c80</load_address>
         <run_address>0x6c80</run_address>
         <size>0x1a</size>
         <input_file_ref idref="fl-48"/>
      </object_component>
      <object_component id="oc-87">
         <name>.text</name>
         <load_address>0x6c9a</load_address>
         <run_address>0x6c9a</run_address>
         <size>0x14</size>
         <input_file_ref idref="fl-31"/>
      </object_component>
      <object_component id="oc-62">
         <name>.text</name>
         <load_address>0x6cae</load_address>
         <run_address>0x6cae</run_address>
         <size>0x13</size>
         <input_file_ref idref="fl-29"/>
      </object_component>
      <object_component id="oc-aa">
         <name>.text</name>
         <load_address>0x6cc1</load_address>
         <run_address>0x6cc1</run_address>
         <size>0x12</size>
         <input_file_ref idref="fl-39"/>
      </object_component>
      <object_component id="oc-f9">
         <name>.text</name>
         <load_address>0x6cd3</load_address>
         <run_address>0x6cd3</run_address>
         <size>0x10</size>
         <input_file_ref idref="fl-4c"/>
      </object_component>
      <object_component id="oc-83">
         <name>.text</name>
         <load_address>0x6ce3</load_address>
         <run_address>0x6ce3</run_address>
         <size>0xe</size>
         <input_file_ref idref="fl-30"/>
      </object_component>
      <object_component id="oc-43">
         <name>.text</name>
         <load_address>0x6cf1</load_address>
         <run_address>0x6cf1</run_address>
         <size>0xc</size>
         <input_file_ref idref="fl-22"/>
      </object_component>
      <object_component id="oc-7f">
         <name>.text</name>
         <load_address>0x6cfd</load_address>
         <run_address>0x6cfd</run_address>
         <size>0xa</size>
         <input_file_ref idref="fl-2f"/>
      </object_component>
      <object_component id="oc-30">
         <name>.text:CIO_breakpoint</name>
         <load_address>0x6d07</load_address>
         <run_address>0x6d07</run_address>
         <size>0x7</size>
         <input_file_ref idref="fl-1d"/>
      </object_component>
      <object_component id="oc-9e">
         <name>.text</name>
         <load_address>0x6d0e</load_address>
         <run_address>0x6d0e</run_address>
         <size>0x2</size>
         <input_file_ref idref="fl-36"/>
      </object_component>
      <object_component id="oc-69">
         <name>.cinit</name>
         <load_address>0xda28</load_address>
         <run_address>0xda28</run_address>
         <size>0x5a</size>
         <input_file_ref idref="fl-2a"/>
      </object_component>
      <object_component id="oc-ce">
         <name>.cinit</name>
         <load_address>0xda82</load_address>
         <run_address>0xda82</run_address>
         <size>0x54</size>
         <input_file_ref idref="fl-41"/>
      </object_component>
      <object_component id="oc-14">
         <name>.cinit</name>
         <load_address>0xdad6</load_address>
         <run_address>0xdad6</run_address>
         <size>0x14</size>
         <input_file_ref idref="fl-2"/>
      </object_component>
      <object_component id="oc-ad">
         <name>.cinit</name>
         <load_address>0xdaea</load_address>
         <run_address>0xdaea</run_address>
         <size>0x14</size>
         <input_file_ref idref="fl-39"/>
      </object_component>
      <object_component id="oc-2f">
         <name>.cinit</name>
         <load_address>0xdafe</load_address>
         <run_address>0xdafe</run_address>
         <size>0x14</size>
         <input_file_ref idref="fl-1d"/>
      </object_component>
      <object_component id="oc-129">
         <name>.cinit</name>
         <load_address>0xdb12</load_address>
         <run_address>0xdb12</run_address>
         <size>0x8</size>
         <input_file_ref idref="fl-57"/>
      </object_component>
      <object_component id="oc-4f">
         <name>.cinit</name>
         <load_address>0xdb1a</load_address>
         <run_address>0xdb1a</run_address>
         <size>0x8</size>
         <input_file_ref idref="fl-24"/>
      </object_component>
      <object_component id="oc-73">
         <name>.cinit</name>
         <load_address>0xdb22</load_address>
         <run_address>0xdb22</run_address>
         <size>0x8</size>
         <input_file_ref idref="fl-2c"/>
      </object_component>
      <object_component id="oc-16">
         <name>.const:.string</name>
         <load_address>0xd248</load_address>
         <run_address>0xd248</run_address>
         <size>0x226</size>
         <input_file_ref idref="fl-2"/>
      </object_component>
      <object_component id="oc-135">
         <name>.const:__ctypes_</name>
         <load_address>0xd46e</load_address>
         <run_address>0xd46e</run_address>
         <size>0x202</size>
         <input_file_ref idref="fl-40"/>
      </object_component>
      <object_component id="oc-b3">
         <name>.const:.string</name>
         <load_address>0xd670</load_address>
         <run_address>0xd670</run_address>
         <size>0x48</size>
         <input_file_ref idref="fl-3a"/>
      </object_component>
      <object_component id="oc-138">
         <name>.const:_digits</name>
         <load_address>0xd6b8</load_address>
         <run_address>0xd6b8</run_address>
         <size>0x28</size>
         <input_file_ref idref="fl-50"/>
      </object_component>
      <object_component id="oc-13a">
         <name>.const:_digits</name>
         <load_address>0xd6e0</load_address>
         <run_address>0xd6e0</run_address>
         <size>0x28</size>
         <input_file_ref idref="fl-52"/>
      </object_component>
      <object_component id="oc-139">
         <name>.const:_powerof10</name>
         <load_address>0xd708</load_address>
         <run_address>0xd708</run_address>
         <size>0x18</size>
         <input_file_ref idref="fl-50"/>
      </object_component>
      <object_component id="oc-13b">
         <name>.const:_powerof10</name>
         <load_address>0xd720</load_address>
         <run_address>0xd720</run_address>
         <size>0x18</size>
         <input_file_ref idref="fl-52"/>
      </object_component>
      <object_component id="oc-b2">
         <name>.const</name>
         <load_address>0xd738</load_address>
         <run_address>0xd738</run_address>
         <size>0x18</size>
         <input_file_ref idref="fl-3a"/>
      </object_component>
      <object_component id="oc-130">
         <name>.const:_$P$T0$1</name>
         <load_address>0xd750</load_address>
         <run_address>0xd750</run_address>
         <size>0x10</size>
         <input_file_ref idref="fl-3"/>
      </object_component>
      <object_component id="oc-131">
         <name>.const:_$P$T1$2</name>
         <load_address>0xd760</load_address>
         <run_address>0xd760</run_address>
         <size>0x10</size>
         <input_file_ref idref="fl-3"/>
      </object_component>
      <object_component id="oc-134">
         <name>.const:_initial_approx$1</name>
         <load_address>0xd770</load_address>
         <run_address>0xd770</run_address>
         <size>0x10</size>
         <input_file_ref idref="fl-1c"/>
      </object_component>
      <object_component id="oc-10b">
         <name>.const</name>
         <load_address>0xd780</load_address>
         <run_address>0xd780</run_address>
         <size>0x10</size>
         <input_file_ref idref="fl-50"/>
      </object_component>
      <object_component id="oc-114">
         <name>.const</name>
         <load_address>0xd790</load_address>
         <run_address>0xd790</run_address>
         <size>0x10</size>
         <input_file_ref idref="fl-52"/>
      </object_component>
      <object_component id="oc-136">
         <name>.const:_flit$1</name>
         <load_address>0xd7a0</load_address>
         <run_address>0xd7a0</run_address>
         <size>0xe</size>
         <input_file_ref idref="fl-3b"/>
      </object_component>
      <object_component id="oc-137">
         <name>.const:_barr$2</name>
         <load_address>0xd7ae</load_address>
         <run_address>0xd7ae</run_address>
         <size>0xc</size>
         <input_file_ref idref="fl-3b"/>
      </object_component>
      <object_component id="oc-132">
         <name>.const:_$P$T2$3</name>
         <load_address>0xd7bc</load_address>
         <run_address>0xd7bc</run_address>
         <size>0x8</size>
         <input_file_ref idref="fl-3"/>
      </object_component>
      <object_component id="oc-133">
         <name>.const:_$P$T3$4</name>
         <load_address>0xd7c4</load_address>
         <run_address>0xd7c4</run_address>
         <size>0x8</size>
         <input_file_ref idref="fl-3"/>
      </object_component>
      <object_component id="oc-15">
         <name>.const</name>
         <load_address>0xd7cc</load_address>
         <run_address>0xd7cc</run_address>
         <size>0x8</size>
         <input_file_ref idref="fl-2"/>
      </object_component>
      <object_component id="oc-1c">
         <name>.const</name>
         <load_address>0xd7d4</load_address>
         <run_address>0xd7d4</run_address>
         <size>0x8</size>
         <input_file_ref idref="fl-3"/>
      </object_component>
      <object_component id="oc-de">
         <name>.const:.string</name>
         <load_address>0xd7dc</load_address>
         <run_address>0xd7dc</run_address>
         <size>0x4</size>
         <input_file_ref idref="fl-45"/>
      </object_component>
      <object_component id="oc-49">
         <name>.const</name>
         <load_address>0xd7e0</load_address>
         <run_address>0xd7e0</run_address>
         <size>0x4</size>
         <input_file_ref idref="fl-23"/>
      </object_component>
      <object_component id="oc-92">
         <name>.cio</name>
         <uninitialized>true</uninitialized>
         <run_address>0xd7e8</run_address>
         <size>0x240</size>
         <input_file_ref idref="fl-33"/>
      </object_component>
      <object_component id="oc-13">
         <name>.debug_info</name>
         <load_address>0x0</load_address>
         <run_address>0x0</run_address>
         <size>0xcc3</size>
         <input_file_ref idref="fl-2"/>
      </object_component>
      <object_component id="oc-1b">
         <name>.debug_info</name>
         <load_address>0xcc3</load_address>
         <run_address>0xcc3</run_address>
         <size>0x13ba</size>
         <input_file_ref idref="fl-3"/>
      </object_component>
      <object_component id="oc-21">
         <name>.debug_info</name>
         <load_address>0x207d</load_address>
         <run_address>0x207d</run_address>
         <size>0x5ab</size>
         <input_file_ref idref="fl-1a"/>
      </object_component>
      <object_component id="oc-25">
         <name>.debug_info</name>
         <load_address>0x2628</load_address>
         <run_address>0x2628</run_address>
         <size>0xe8</size>
         <input_file_ref idref="fl-1b"/>
      </object_component>
      <object_component id="oc-29">
         <name>.debug_info</name>
         <load_address>0x2710</load_address>
         <run_address>0x2710</run_address>
         <size>0x7e8</size>
         <input_file_ref idref="fl-1c"/>
      </object_component>
      <object_component id="oc-2e">
         <name>.debug_info</name>
         <load_address>0x2ef8</load_address>
         <run_address>0x2ef8</run_address>
         <size>0x5fb</size>
         <input_file_ref idref="fl-1d"/>
      </object_component>
      <object_component id="oc-34">
         <name>.debug_info</name>
         <load_address>0x34f3</load_address>
         <run_address>0x34f3</run_address>
         <size>0x64f</size>
         <input_file_ref idref="fl-1e"/>
      </object_component>
      <object_component id="oc-38">
         <name>.debug_info</name>
         <load_address>0x3b42</load_address>
         <run_address>0x3b42</run_address>
         <size>0x706</size>
         <input_file_ref idref="fl-1f"/>
      </object_component>
      <object_component id="oc-3c">
         <name>.debug_info</name>
         <load_address>0x4248</load_address>
         <run_address>0x4248</run_address>
         <size>0x4cf</size>
         <input_file_ref idref="fl-20"/>
      </object_component>
      <object_component id="oc-40">
         <name>.debug_info</name>
         <load_address>0x4717</load_address>
         <run_address>0x4717</run_address>
         <size>0x534</size>
         <input_file_ref idref="fl-21"/>
      </object_component>
      <object_component id="oc-44">
         <name>.debug_info</name>
         <load_address>0x4c4b</load_address>
         <run_address>0x4c4b</run_address>
         <size>0x4cf</size>
         <input_file_ref idref="fl-22"/>
      </object_component>
      <object_component id="oc-48">
         <name>.debug_info</name>
         <load_address>0x511a</load_address>
         <run_address>0x511a</run_address>
         <size>0x549</size>
         <input_file_ref idref="fl-23"/>
      </object_component>
      <object_component id="oc-4e">
         <name>.debug_info</name>
         <load_address>0x5663</load_address>
         <run_address>0x5663</run_address>
         <size>0xa1c</size>
         <input_file_ref idref="fl-24"/>
      </object_component>
      <object_component id="oc-53">
         <name>.debug_info</name>
         <load_address>0x607f</load_address>
         <run_address>0x607f</run_address>
         <size>0x53e</size>
         <input_file_ref idref="fl-25"/>
      </object_component>
      <object_component id="oc-57">
         <name>.debug_info</name>
         <load_address>0x65bd</load_address>
         <run_address>0x65bd</run_address>
         <size>0x762</size>
         <input_file_ref idref="fl-26"/>
      </object_component>
      <object_component id="oc-5b">
         <name>.debug_info</name>
         <load_address>0x6d1f</load_address>
         <run_address>0x6d1f</run_address>
         <size>0xa2d</size>
         <input_file_ref idref="fl-27"/>
      </object_component>
      <object_component id="oc-5f">
         <name>.debug_info</name>
         <load_address>0x774c</load_address>
         <run_address>0x774c</run_address>
         <size>0x8f7</size>
         <input_file_ref idref="fl-28"/>
      </object_component>
      <object_component id="oc-63">
         <name>.debug_info</name>
         <load_address>0x8043</load_address>
         <run_address>0x8043</run_address>
         <size>0xbd</size>
         <input_file_ref idref="fl-29"/>
      </object_component>
      <object_component id="oc-68">
         <name>.debug_info</name>
         <load_address>0x8100</load_address>
         <run_address>0x8100</run_address>
         <size>0x144b</size>
         <input_file_ref idref="fl-2a"/>
      </object_component>
      <object_component id="oc-6d">
         <name>.debug_info</name>
         <load_address>0x954b</load_address>
         <run_address>0x954b</run_address>
         <size>0xd1</size>
         <input_file_ref idref="fl-2b"/>
      </object_component>
      <object_component id="oc-72">
         <name>.debug_info</name>
         <load_address>0x961c</load_address>
         <run_address>0x961c</run_address>
         <size>0xb97</size>
         <input_file_ref idref="fl-2c"/>
      </object_component>
      <object_component id="oc-78">
         <name>.debug_info</name>
         <load_address>0xa1b3</load_address>
         <run_address>0xa1b3</run_address>
         <size>0x55b</size>
         <input_file_ref idref="fl-2d"/>
      </object_component>
      <object_component id="oc-7c">
         <name>.debug_info</name>
         <load_address>0xa70e</load_address>
         <run_address>0xa70e</run_address>
         <size>0x76c</size>
         <input_file_ref idref="fl-2e"/>
      </object_component>
      <object_component id="oc-80">
         <name>.debug_info</name>
         <load_address>0xae7a</load_address>
         <run_address>0xae7a</run_address>
         <size>0x510</size>
         <input_file_ref idref="fl-2f"/>
      </object_component>
      <object_component id="oc-84">
         <name>.debug_info</name>
         <load_address>0xb38a</load_address>
         <run_address>0xb38a</run_address>
         <size>0x58a</size>
         <input_file_ref idref="fl-30"/>
      </object_component>
      <object_component id="oc-88">
         <name>.debug_info</name>
         <load_address>0xb914</load_address>
         <run_address>0xb914</run_address>
         <size>0x4de</size>
         <input_file_ref idref="fl-31"/>
      </object_component>
      <object_component id="oc-8d">
         <name>.debug_info</name>
         <load_address>0xbdf2</load_address>
         <run_address>0xbdf2</run_address>
         <size>0xed4</size>
         <input_file_ref idref="fl-32"/>
      </object_component>
      <object_component id="oc-91">
         <name>.debug_info</name>
         <load_address>0xccc6</load_address>
         <run_address>0xccc6</run_address>
         <size>0x744</size>
         <input_file_ref idref="fl-33"/>
      </object_component>
      <object_component id="oc-97">
         <name>.debug_info</name>
         <load_address>0xd40a</load_address>
         <run_address>0xd40a</run_address>
         <size>0xef</size>
         <input_file_ref idref="fl-34"/>
      </object_component>
      <object_component id="oc-9b">
         <name>.debug_info</name>
         <load_address>0xd4f9</load_address>
         <run_address>0xd4f9</run_address>
         <size>0x5c9</size>
         <input_file_ref idref="fl-35"/>
      </object_component>
      <object_component id="oc-9f">
         <name>.debug_info</name>
         <load_address>0xdac2</load_address>
         <run_address>0xdac2</run_address>
         <size>0xbc</size>
         <input_file_ref idref="fl-36"/>
      </object_component>
      <object_component id="oc-a3">
         <name>.debug_info</name>
         <load_address>0xdb7e</load_address>
         <run_address>0xdb7e</run_address>
         <size>0x6b8</size>
         <input_file_ref idref="fl-37"/>
      </object_component>
      <object_component id="oc-a7">
         <name>.debug_info</name>
         <load_address>0xe236</load_address>
         <run_address>0xe236</run_address>
         <size>0x662</size>
         <input_file_ref idref="fl-38"/>
      </object_component>
      <object_component id="oc-ac">
         <name>.debug_info</name>
         <load_address>0xe898</load_address>
         <run_address>0xe898</run_address>
         <size>0x5bc</size>
         <input_file_ref idref="fl-39"/>
      </object_component>
      <object_component id="oc-b1">
         <name>.debug_info</name>
         <load_address>0xee54</load_address>
         <run_address>0xee54</run_address>
         <size>0x27bd</size>
         <input_file_ref idref="fl-3a"/>
      </object_component>
      <object_component id="oc-b7">
         <name>.debug_info</name>
         <load_address>0x11611</load_address>
         <run_address>0x11611</run_address>
         <size>0x1964</size>
         <input_file_ref idref="fl-3b"/>
      </object_component>
      <object_component id="oc-bb">
         <name>.debug_info</name>
         <load_address>0x12f75</load_address>
         <run_address>0x12f75</run_address>
         <size>0x586</size>
         <input_file_ref idref="fl-3c"/>
      </object_component>
      <object_component id="oc-bf">
         <name>.debug_info</name>
         <load_address>0x134fb</load_address>
         <run_address>0x134fb</run_address>
         <size>0x5a4</size>
         <input_file_ref idref="fl-3d"/>
      </object_component>
      <object_component id="oc-c3">
         <name>.debug_info</name>
         <load_address>0x13a9f</load_address>
         <run_address>0x13a9f</run_address>
         <size>0xcd</size>
         <input_file_ref idref="fl-3e"/>
      </object_component>
      <object_component id="oc-c7">
         <name>.debug_info</name>
         <load_address>0x13b6c</load_address>
         <run_address>0x13b6c</run_address>
         <size>0x81f</size>
         <input_file_ref idref="fl-3f"/>
      </object_component>
      <object_component id="oc-ca">
         <name>.debug_info</name>
         <load_address>0x1438b</load_address>
         <run_address>0x1438b</run_address>
         <size>0x498</size>
         <input_file_ref idref="fl-40"/>
      </object_component>
      <object_component id="oc-cd">
         <name>.debug_info</name>
         <load_address>0x14823</load_address>
         <run_address>0x14823</run_address>
         <size>0x57e</size>
         <input_file_ref idref="fl-41"/>
      </object_component>
      <object_component id="oc-d1">
         <name>.debug_info</name>
         <load_address>0x14da1</load_address>
         <run_address>0x14da1</run_address>
         <size>0x534</size>
         <input_file_ref idref="fl-42"/>
      </object_component>
      <object_component id="oc-d5">
         <name>.debug_info</name>
         <load_address>0x152d5</load_address>
         <run_address>0x152d5</run_address>
         <size>0x670</size>
         <input_file_ref idref="fl-43"/>
      </object_component>
      <object_component id="oc-d9">
         <name>.debug_info</name>
         <load_address>0x15945</load_address>
         <run_address>0x15945</run_address>
         <size>0x6aa</size>
         <input_file_ref idref="fl-44"/>
      </object_component>
      <object_component id="oc-dd">
         <name>.debug_info</name>
         <load_address>0x15fef</load_address>
         <run_address>0x15fef</run_address>
         <size>0x942</size>
         <input_file_ref idref="fl-45"/>
      </object_component>
      <object_component id="oc-e2">
         <name>.debug_info</name>
         <load_address>0x16931</load_address>
         <run_address>0x16931</run_address>
         <size>0x4d2</size>
         <input_file_ref idref="fl-46"/>
      </object_component>
      <object_component id="oc-e6">
         <name>.debug_info</name>
         <load_address>0x16e03</load_address>
         <run_address>0x16e03</run_address>
         <size>0x5f7</size>
         <input_file_ref idref="fl-47"/>
      </object_component>
      <object_component id="oc-ea">
         <name>.debug_info</name>
         <load_address>0x173fa</load_address>
         <run_address>0x173fa</run_address>
         <size>0x680</size>
         <input_file_ref idref="fl-48"/>
      </object_component>
      <object_component id="oc-ee">
         <name>.debug_info</name>
         <load_address>0x17a7a</load_address>
         <run_address>0x17a7a</run_address>
         <size>0x7d4</size>
         <input_file_ref idref="fl-49"/>
      </object_component>
      <object_component id="oc-f2">
         <name>.debug_info</name>
         <load_address>0x1824e</load_address>
         <run_address>0x1824e</run_address>
         <size>0x5ad</size>
         <input_file_ref idref="fl-4a"/>
      </object_component>
      <object_component id="oc-f6">
         <name>.debug_info</name>
         <load_address>0x187fb</load_address>
         <run_address>0x187fb</run_address>
         <size>0x574</size>
         <input_file_ref idref="fl-4b"/>
      </object_component>
      <object_component id="oc-fa">
         <name>.debug_info</name>
         <load_address>0x18d6f</load_address>
         <run_address>0x18d6f</run_address>
         <size>0x4b7</size>
         <input_file_ref idref="fl-4c"/>
      </object_component>
      <object_component id="oc-fe">
         <name>.debug_info</name>
         <load_address>0x19226</load_address>
         <run_address>0x19226</run_address>
         <size>0x4f2</size>
         <input_file_ref idref="fl-4d"/>
      </object_component>
      <object_component id="oc-102">
         <name>.debug_info</name>
         <load_address>0x19718</load_address>
         <run_address>0x19718</run_address>
         <size>0x534</size>
         <input_file_ref idref="fl-4e"/>
      </object_component>
      <object_component id="oc-106">
         <name>.debug_info</name>
         <load_address>0x19c4c</load_address>
         <run_address>0x19c4c</run_address>
         <size>0x64a</size>
         <input_file_ref idref="fl-4f"/>
      </object_component>
      <object_component id="oc-10a">
         <name>.debug_info</name>
         <load_address>0x1a296</load_address>
         <run_address>0x1a296</run_address>
         <size>0x84f</size>
         <input_file_ref idref="fl-50"/>
      </object_component>
      <object_component id="oc-10f">
         <name>.debug_info</name>
         <load_address>0x1aae5</load_address>
         <run_address>0x1aae5</run_address>
         <size>0x671</size>
         <input_file_ref idref="fl-51"/>
      </object_component>
      <object_component id="oc-113">
         <name>.debug_info</name>
         <load_address>0x1b156</load_address>
         <run_address>0x1b156</run_address>
         <size>0x860</size>
         <input_file_ref idref="fl-52"/>
      </object_component>
      <object_component id="oc-118">
         <name>.debug_info</name>
         <load_address>0x1b9b6</load_address>
         <run_address>0x1b9b6</run_address>
         <size>0x67d</size>
         <input_file_ref idref="fl-53"/>
      </object_component>
      <object_component id="oc-11c">
         <name>.debug_info</name>
         <load_address>0x1c033</load_address>
         <run_address>0x1c033</run_address>
         <size>0x65a</size>
         <input_file_ref idref="fl-54"/>
      </object_component>
      <object_component id="oc-120">
         <name>.debug_info</name>
         <load_address>0x1c68d</load_address>
         <run_address>0x1c68d</run_address>
         <size>0x665</size>
         <input_file_ref idref="fl-55"/>
      </object_component>
      <object_component id="oc-124">
         <name>.debug_info</name>
         <load_address>0x1ccf2</load_address>
         <run_address>0x1ccf2</run_address>
         <size>0x4f2</size>
         <input_file_ref idref="fl-56"/>
      </object_component>
      <object_component id="oc-128">
         <name>.debug_info</name>
         <load_address>0x1d1e4</load_address>
         <run_address>0x1d1e4</run_address>
         <size>0x47b</size>
         <input_file_ref idref="fl-57"/>
      </object_component>
      <object_component id="oc-12c">
         <name>.debug_info</name>
         <load_address>0x1d65f</load_address>
         <run_address>0x1d65f</run_address>
         <size>0xeb</size>
         <input_file_ref idref="fl-58"/>
      </object_component>
      <object_component id="oc-156">
         <name>.debug_info</name>
         <load_address>0x1d74a</load_address>
         <run_address>0x1d74a</run_address>
         <size>0x6e</size>
      </object_component>
      <object_component id="oc-17">
         <name>.debug_frame</name>
         <load_address>0x0</load_address>
         <run_address>0x0</run_address>
         <size>0x104</size>
         <input_file_ref idref="fl-2"/>
      </object_component>
      <object_component id="oc-1d">
         <name>.debug_frame</name>
         <load_address>0x104</load_address>
         <run_address>0x104</run_address>
         <size>0x158</size>
         <input_file_ref idref="fl-3"/>
      </object_component>
      <object_component id="oc-18">
         <name>.debug_line</name>
         <load_address>0x0</load_address>
         <run_address>0x0</run_address>
         <size>0x137</size>
         <input_file_ref idref="fl-2"/>
      </object_component>
      <object_component id="oc-1e">
         <name>.debug_line</name>
         <load_address>0x137</load_address>
         <run_address>0x137</run_address>
         <size>0x14e</size>
         <input_file_ref idref="fl-3"/>
      </object_component>
      <object_component id="oc-22">
         <name>.debug_line</name>
         <load_address>0x285</load_address>
         <run_address>0x285</run_address>
         <size>0x5c</size>
         <input_file_ref idref="fl-1a"/>
      </object_component>
      <object_component id="oc-26">
         <name>.debug_line</name>
         <load_address>0x2e1</load_address>
         <run_address>0x2e1</run_address>
         <size>0x54</size>
         <input_file_ref idref="fl-1b"/>
      </object_component>
      <object_component id="oc-2a">
         <name>.debug_line</name>
         <load_address>0x335</load_address>
         <run_address>0x335</run_address>
         <size>0x5b</size>
         <input_file_ref idref="fl-1c"/>
      </object_component>
      <object_component id="oc-31">
         <name>.debug_line</name>
         <load_address>0x390</load_address>
         <run_address>0x390</run_address>
         <size>0x51</size>
         <input_file_ref idref="fl-1d"/>
      </object_component>
      <object_component id="oc-35">
         <name>.debug_line</name>
         <load_address>0x3e1</load_address>
         <run_address>0x3e1</run_address>
         <size>0x3d</size>
         <input_file_ref idref="fl-1e"/>
      </object_component>
      <object_component id="oc-39">
         <name>.debug_line</name>
         <load_address>0x41e</load_address>
         <run_address>0x41e</run_address>
         <size>0x5b</size>
         <input_file_ref idref="fl-1f"/>
      </object_component>
      <object_component id="oc-3d">
         <name>.debug_line</name>
         <load_address>0x479</load_address>
         <run_address>0x479</run_address>
         <size>0x3d</size>
         <input_file_ref idref="fl-20"/>
      </object_component>
      <object_component id="oc-41">
         <name>.debug_line</name>
         <load_address>0x4b6</load_address>
         <run_address>0x4b6</run_address>
         <size>0x3d</size>
         <input_file_ref idref="fl-21"/>
      </object_component>
      <object_component id="oc-45">
         <name>.debug_line</name>
         <load_address>0x4f3</load_address>
         <run_address>0x4f3</run_address>
         <size>0x3d</size>
         <input_file_ref idref="fl-22"/>
      </object_component>
      <object_component id="oc-4a">
         <name>.debug_line</name>
         <load_address>0x530</load_address>
         <run_address>0x530</run_address>
         <size>0x44</size>
         <input_file_ref idref="fl-23"/>
      </object_component>
      <object_component id="oc-50">
         <name>.debug_line</name>
         <load_address>0x574</load_address>
         <run_address>0x574</run_address>
         <size>0xd7</size>
         <input_file_ref idref="fl-24"/>
      </object_component>
      <object_component id="oc-54">
         <name>.debug_line</name>
         <load_address>0x64b</load_address>
         <run_address>0x64b</run_address>
         <size>0x40</size>
         <input_file_ref idref="fl-25"/>
      </object_component>
      <object_component id="oc-58">
         <name>.debug_line</name>
         <load_address>0x68b</load_address>
         <run_address>0x68b</run_address>
         <size>0x4d</size>
         <input_file_ref idref="fl-26"/>
      </object_component>
      <object_component id="oc-5c">
         <name>.debug_line</name>
         <load_address>0x6d8</load_address>
         <run_address>0x6d8</run_address>
         <size>0xa7</size>
         <input_file_ref idref="fl-27"/>
      </object_component>
      <object_component id="oc-60">
         <name>.debug_line</name>
         <load_address>0x77f</load_address>
         <run_address>0x77f</run_address>
         <size>0x97</size>
         <input_file_ref idref="fl-28"/>
      </object_component>
      <object_component id="oc-64">
         <name>.debug_line</name>
         <load_address>0x816</load_address>
         <run_address>0x816</run_address>
         <size>0x3c</size>
         <input_file_ref idref="fl-29"/>
      </object_component>
      <object_component id="oc-6a">
         <name>.debug_line</name>
         <load_address>0x852</load_address>
         <run_address>0x852</run_address>
         <size>0x1b0</size>
         <input_file_ref idref="fl-2a"/>
      </object_component>
      <object_component id="oc-6e">
         <name>.debug_line</name>
         <load_address>0xa02</load_address>
         <run_address>0xa02</run_address>
         <size>0x4d</size>
         <input_file_ref idref="fl-2b"/>
      </object_component>
      <object_component id="oc-75">
         <name>.debug_line</name>
         <load_address>0xa4f</load_address>
         <run_address>0xa4f</run_address>
         <size>0x112</size>
         <input_file_ref idref="fl-2c"/>
      </object_component>
      <object_component id="oc-79">
         <name>.debug_line</name>
         <load_address>0xb61</load_address>
         <run_address>0xb61</run_address>
         <size>0x3c</size>
         <input_file_ref idref="fl-2d"/>
      </object_component>
      <object_component id="oc-7d">
         <name>.debug_line</name>
         <load_address>0xb9d</load_address>
         <run_address>0xb9d</run_address>
         <size>0x69</size>
         <input_file_ref idref="fl-2e"/>
      </object_component>
      <object_component id="oc-81">
         <name>.debug_line</name>
         <load_address>0xc06</load_address>
         <run_address>0xc06</run_address>
         <size>0x39</size>
         <input_file_ref idref="fl-2f"/>
      </object_component>
      <object_component id="oc-85">
         <name>.debug_line</name>
         <load_address>0xc3f</load_address>
         <run_address>0xc3f</run_address>
         <size>0x3b</size>
         <input_file_ref idref="fl-30"/>
      </object_component>
      <object_component id="oc-89">
         <name>.debug_line</name>
         <load_address>0xc7a</load_address>
         <run_address>0xc7a</run_address>
         <size>0x37</size>
         <input_file_ref idref="fl-31"/>
      </object_component>
      <object_component id="oc-8e">
         <name>.debug_line</name>
         <load_address>0xcb1</load_address>
         <run_address>0xcb1</run_address>
         <size>0x15d</size>
         <input_file_ref idref="fl-32"/>
      </object_component>
      <object_component id="oc-94">
         <name>.debug_line</name>
         <load_address>0xe0e</load_address>
         <run_address>0xe0e</run_address>
         <size>0x6a</size>
         <input_file_ref idref="fl-33"/>
      </object_component>
      <object_component id="oc-98">
         <name>.debug_line</name>
         <load_address>0xe78</load_address>
         <run_address>0xe78</run_address>
         <size>0x58</size>
         <input_file_ref idref="fl-34"/>
      </object_component>
      <object_component id="oc-9c">
         <name>.debug_line</name>
         <load_address>0xed0</load_address>
         <run_address>0xed0</run_address>
         <size>0x3d</size>
         <input_file_ref idref="fl-35"/>
      </object_component>
      <object_component id="oc-a0">
         <name>.debug_line</name>
         <load_address>0xf0d</load_address>
         <run_address>0xf0d</run_address>
         <size>0x37</size>
         <input_file_ref idref="fl-36"/>
      </object_component>
      <object_component id="oc-a4">
         <name>.debug_line</name>
         <load_address>0xf44</load_address>
         <run_address>0xf44</run_address>
         <size>0x4c</size>
         <input_file_ref idref="fl-37"/>
      </object_component>
      <object_component id="oc-a8">
         <name>.debug_line</name>
         <load_address>0xf90</load_address>
         <run_address>0xf90</run_address>
         <size>0x57</size>
         <input_file_ref idref="fl-38"/>
      </object_component>
      <object_component id="oc-ae">
         <name>.debug_line</name>
         <load_address>0xfe7</load_address>
         <run_address>0xfe7</run_address>
         <size>0x57</size>
         <input_file_ref idref="fl-39"/>
      </object_component>
      <object_component id="oc-b4">
         <name>.debug_line</name>
         <load_address>0x103e</load_address>
         <run_address>0x103e</run_address>
         <size>0x328</size>
         <input_file_ref idref="fl-3a"/>
      </object_component>
      <object_component id="oc-b8">
         <name>.debug_line</name>
         <load_address>0x1366</load_address>
         <run_address>0x1366</run_address>
         <size>0x152</size>
         <input_file_ref idref="fl-3b"/>
      </object_component>
      <object_component id="oc-bc">
         <name>.debug_line</name>
         <load_address>0x14b8</load_address>
         <run_address>0x14b8</run_address>
         <size>0x41</size>
         <input_file_ref idref="fl-3c"/>
      </object_component>
      <object_component id="oc-c0">
         <name>.debug_line</name>
         <load_address>0x14f9</load_address>
         <run_address>0x14f9</run_address>
         <size>0x46</size>
         <input_file_ref idref="fl-3d"/>
      </object_component>
      <object_component id="oc-c4">
         <name>.debug_line</name>
         <load_address>0x153f</load_address>
         <run_address>0x153f</run_address>
         <size>0x55</size>
         <input_file_ref idref="fl-3e"/>
      </object_component>
      <object_component id="oc-c8">
         <name>.debug_line</name>
         <load_address>0x1594</load_address>
         <run_address>0x1594</run_address>
         <size>0xad</size>
         <input_file_ref idref="fl-3f"/>
      </object_component>
      <object_component id="oc-d2">
         <name>.debug_line</name>
         <load_address>0x1641</load_address>
         <run_address>0x1641</run_address>
         <size>0x44</size>
         <input_file_ref idref="fl-42"/>
      </object_component>
      <object_component id="oc-d6">
         <name>.debug_line</name>
         <load_address>0x1685</load_address>
         <run_address>0x1685</run_address>
         <size>0x56</size>
         <input_file_ref idref="fl-43"/>
      </object_component>
      <object_component id="oc-da">
         <name>.debug_line</name>
         <load_address>0x16db</load_address>
         <run_address>0x16db</run_address>
         <size>0x56</size>
         <input_file_ref idref="fl-44"/>
      </object_component>
      <object_component id="oc-df">
         <name>.debug_line</name>
         <load_address>0x1731</load_address>
         <run_address>0x1731</run_address>
         <size>0xa8</size>
         <input_file_ref idref="fl-45"/>
      </object_component>
      <object_component id="oc-e3">
         <name>.debug_line</name>
         <load_address>0x17d9</load_address>
         <run_address>0x17d9</run_address>
         <size>0x3a</size>
         <input_file_ref idref="fl-46"/>
      </object_component>
      <object_component id="oc-e7">
         <name>.debug_line</name>
         <load_address>0x1813</load_address>
         <run_address>0x1813</run_address>
         <size>0x3c</size>
         <input_file_ref idref="fl-47"/>
      </object_component>
      <object_component id="oc-eb">
         <name>.debug_line</name>
         <load_address>0x184f</load_address>
         <run_address>0x184f</run_address>
         <size>0x38</size>
         <input_file_ref idref="fl-48"/>
      </object_component>
      <object_component id="oc-ef">
         <name>.debug_line</name>
         <load_address>0x1887</load_address>
         <run_address>0x1887</run_address>
         <size>0xa8</size>
         <input_file_ref idref="fl-49"/>
      </object_component>
      <object_component id="oc-f3">
         <name>.debug_line</name>
         <load_address>0x192f</load_address>
         <run_address>0x192f</run_address>
         <size>0x40</size>
         <input_file_ref idref="fl-4a"/>
      </object_component>
      <object_component id="oc-f7">
         <name>.debug_line</name>
         <load_address>0x196f</load_address>
         <run_address>0x196f</run_address>
         <size>0x3c</size>
         <input_file_ref idref="fl-4b"/>
      </object_component>
      <object_component id="oc-fb">
         <name>.debug_line</name>
         <load_address>0x19ab</load_address>
         <run_address>0x19ab</run_address>
         <size>0x37</size>
         <input_file_ref idref="fl-4c"/>
      </object_component>
      <object_component id="oc-ff">
         <name>.debug_line</name>
         <load_address>0x19e2</load_address>
         <run_address>0x19e2</run_address>
         <size>0x3c</size>
         <input_file_ref idref="fl-4d"/>
      </object_component>
      <object_component id="oc-103">
         <name>.debug_line</name>
         <load_address>0x1a1e</load_address>
         <run_address>0x1a1e</run_address>
         <size>0x44</size>
         <input_file_ref idref="fl-4e"/>
      </object_component>
      <object_component id="oc-107">
         <name>.debug_line</name>
         <load_address>0x1a62</load_address>
         <run_address>0x1a62</run_address>
         <size>0x3f</size>
         <input_file_ref idref="fl-4f"/>
      </object_component>
      <object_component id="oc-10c">
         <name>.debug_line</name>
         <load_address>0x1aa1</load_address>
         <run_address>0x1aa1</run_address>
         <size>0x69</size>
         <input_file_ref idref="fl-50"/>
      </object_component>
      <object_component id="oc-110">
         <name>.debug_line</name>
         <load_address>0x1b0a</load_address>
         <run_address>0x1b0a</run_address>
         <size>0x3d</size>
         <input_file_ref idref="fl-51"/>
      </object_component>
      <object_component id="oc-115">
         <name>.debug_line</name>
         <load_address>0x1b47</load_address>
         <run_address>0x1b47</run_address>
         <size>0x6a</size>
         <input_file_ref idref="fl-52"/>
      </object_component>
      <object_component id="oc-119">
         <name>.debug_line</name>
         <load_address>0x1bb1</load_address>
         <run_address>0x1bb1</run_address>
         <size>0x3e</size>
         <input_file_ref idref="fl-53"/>
      </object_component>
      <object_component id="oc-11d">
         <name>.debug_line</name>
         <load_address>0x1bef</load_address>
         <run_address>0x1bef</run_address>
         <size>0x3f</size>
         <input_file_ref idref="fl-54"/>
      </object_component>
      <object_component id="oc-121">
         <name>.debug_line</name>
         <load_address>0x1c2e</load_address>
         <run_address>0x1c2e</run_address>
         <size>0x40</size>
         <input_file_ref idref="fl-55"/>
      </object_component>
      <object_component id="oc-125">
         <name>.debug_line</name>
         <load_address>0x1c6e</load_address>
         <run_address>0x1c6e</run_address>
         <size>0x3c</size>
         <input_file_ref idref="fl-56"/>
      </object_component>
      <object_component id="oc-12d">
         <name>.debug_line</name>
         <load_address>0x1caa</load_address>
         <run_address>0x1caa</run_address>
         <size>0x5c</size>
         <input_file_ref idref="fl-58"/>
      </object_component>
      <object_component id="oc-19">
         <name>.debug_abbrev</name>
         <load_address>0x0</load_address>
         <run_address>0x0</run_address>
         <size>0x160</size>
         <input_file_ref idref="fl-2"/>
      </object_component>
      <object_component id="oc-1f">
         <name>.debug_abbrev</name>
         <load_address>0x160</load_address>
         <run_address>0x160</run_address>
         <size>0x11b</size>
         <input_file_ref idref="fl-3"/>
      </object_component>
      <object_component id="oc-23">
         <name>.debug_abbrev</name>
         <load_address>0x27b</load_address>
         <run_address>0x27b</run_address>
         <size>0xd4</size>
         <input_file_ref idref="fl-1a"/>
      </object_component>
      <object_component id="oc-27">
         <name>.debug_abbrev</name>
         <load_address>0x34f</load_address>
         <run_address>0x34f</run_address>
         <size>0x3a</size>
         <input_file_ref idref="fl-1b"/>
      </object_component>
      <object_component id="oc-2b">
         <name>.debug_abbrev</name>
         <load_address>0x389</load_address>
         <run_address>0x389</run_address>
         <size>0x112</size>
         <input_file_ref idref="fl-1c"/>
      </object_component>
      <object_component id="oc-32">
         <name>.debug_abbrev</name>
         <load_address>0x49b</load_address>
         <run_address>0x49b</run_address>
         <size>0xf7</size>
         <input_file_ref idref="fl-1d"/>
      </object_component>
      <object_component id="oc-36">
         <name>.debug_abbrev</name>
         <load_address>0x592</load_address>
         <run_address>0x592</run_address>
         <size>0x118</size>
         <input_file_ref idref="fl-1e"/>
      </object_component>
      <object_component id="oc-3a">
         <name>.debug_abbrev</name>
         <load_address>0x6aa</load_address>
         <run_address>0x6aa</run_address>
         <size>0x136</size>
         <input_file_ref idref="fl-1f"/>
      </object_component>
      <object_component id="oc-3e">
         <name>.debug_abbrev</name>
         <load_address>0x7e0</load_address>
         <run_address>0x7e0</run_address>
         <size>0x8f</size>
         <input_file_ref idref="fl-20"/>
      </object_component>
      <object_component id="oc-42">
         <name>.debug_abbrev</name>
         <load_address>0x86f</load_address>
         <run_address>0x86f</run_address>
         <size>0xb7</size>
         <input_file_ref idref="fl-21"/>
      </object_component>
      <object_component id="oc-46">
         <name>.debug_abbrev</name>
         <load_address>0x926</load_address>
         <run_address>0x926</run_address>
         <size>0x8f</size>
         <input_file_ref idref="fl-22"/>
      </object_component>
      <object_component id="oc-4b">
         <name>.debug_abbrev</name>
         <load_address>0x9b5</load_address>
         <run_address>0x9b5</run_address>
         <size>0xc2</size>
         <input_file_ref idref="fl-23"/>
      </object_component>
      <object_component id="oc-51">
         <name>.debug_abbrev</name>
         <load_address>0xa77</load_address>
         <run_address>0xa77</run_address>
         <size>0x1a2</size>
         <input_file_ref idref="fl-24"/>
      </object_component>
      <object_component id="oc-55">
         <name>.debug_abbrev</name>
         <load_address>0xc19</load_address>
         <run_address>0xc19</run_address>
         <size>0x9a</size>
         <input_file_ref idref="fl-25"/>
      </object_component>
      <object_component id="oc-59">
         <name>.debug_abbrev</name>
         <load_address>0xcb3</load_address>
         <run_address>0xcb3</run_address>
         <size>0x111</size>
         <input_file_ref idref="fl-26"/>
      </object_component>
      <object_component id="oc-5d">
         <name>.debug_abbrev</name>
         <load_address>0xdc4</load_address>
         <run_address>0xdc4</run_address>
         <size>0x1a2</size>
         <input_file_ref idref="fl-27"/>
      </object_component>
      <object_component id="oc-61">
         <name>.debug_abbrev</name>
         <load_address>0xf66</load_address>
         <run_address>0xf66</run_address>
         <size>0x11e</size>
         <input_file_ref idref="fl-28"/>
      </object_component>
      <object_component id="oc-65">
         <name>.debug_abbrev</name>
         <load_address>0x1084</load_address>
         <run_address>0x1084</run_address>
         <size>0x38</size>
         <input_file_ref idref="fl-29"/>
      </object_component>
      <object_component id="oc-6b">
         <name>.debug_abbrev</name>
         <load_address>0x10bc</load_address>
         <run_address>0x10bc</run_address>
         <size>0x225</size>
         <input_file_ref idref="fl-2a"/>
      </object_component>
      <object_component id="oc-6f">
         <name>.debug_abbrev</name>
         <load_address>0x12e1</load_address>
         <run_address>0x12e1</run_address>
         <size>0x38</size>
         <input_file_ref idref="fl-2b"/>
      </object_component>
      <object_component id="oc-76">
         <name>.debug_abbrev</name>
         <load_address>0x1319</load_address>
         <run_address>0x1319</run_address>
         <size>0x1de</size>
         <input_file_ref idref="fl-2c"/>
      </object_component>
      <object_component id="oc-7a">
         <name>.debug_abbrev</name>
         <load_address>0x14f7</load_address>
         <run_address>0x14f7</run_address>
         <size>0xdc</size>
         <input_file_ref idref="fl-2d"/>
      </object_component>
      <object_component id="oc-7e">
         <name>.debug_abbrev</name>
         <load_address>0x15d3</load_address>
         <run_address>0x15d3</run_address>
         <size>0x145</size>
         <input_file_ref idref="fl-2e"/>
      </object_component>
      <object_component id="oc-82">
         <name>.debug_abbrev</name>
         <load_address>0x1718</load_address>
[...]
         <value>0x4d66</value>
         <object_component_ref idref="oc-20"/>
      </symbol>
      <symbol id="sm-ea">
         <name>__sysstack</name>
         <value>0xc248</value>
         <object_component_ref idref="oc-12f"/>
      </symbol>
      <symbol id="sm-eb">
         <name>_c_int00</name>
         <value>0x6bd5</value>
         <object_component_ref idref="oc-f"/>
      </symbol>
      <symbol id="sm-ec">
         <name>__stack</name>
         <value>0x6d14</value>
         <object_component_ref idref="oc-24"/>
      </symbol>
      <symbol id="sm-f8">
         <name>__divd</name>
         <value>0x3c60</value>
         <object_component_ref idref="oc-28"/>
      </symbol>
      <symbol id="sm-108">
         <name>C$$EXIT</name>
         <value>0x6d08</value>
         <object_component_ref idref="oc-30"/>
      </symbol>
      <symbol id="sm-109">
         <name>_exit</name>
         <value>0x6b5b</value>
         <object_component_ref idref="oc-2c"/>
      </symbol>
      <symbol id="sm-10a">
         <name>_abort</name>
         <value>0x6d07</value>
         <object_component_ref idref="oc-30"/>
      </symbol>
      <symbol id="sm-10b">
         <name>__cleanup_ptr</name>
         <value>0xc240</value>
         <object_component_ref idref="oc-2d"/>
      </symbol>
      <symbol id="sm-10c">
         <name>__dtors_ptr</name>
         <value>0xc244</value>
         <object_component_ref idref="oc-2d"/>
      </symbol>
      <symbol id="sm-116">
         <name>_fclose</name>
         <value>0x65c1</value>
         <object_component_ref idref="oc-33"/>
      </symbol>
      <symbol id="sm-120">
         <name>__doflush</name>
         <value>0x609e</value>
         <object_component_ref idref="oc-37"/>
      </symbol>
      <symbol id="sm-121">
         <name>_fflush</name>
         <value>0x6107</value>
         <object_component_ref idref="oc-37"/>
      </symbol>
      <symbol id="sm-12b">
         <name>__fixdi</name>
         <value>0x6c09</value>
         <object_component_ref idref="oc-3b"/>
      </symbol>
      <symbol id="sm-135">
         <name>__fixdli</name>
         <value>0x6797</value>
         <object_component_ref idref="oc-3f"/>
      </symbol>
      <symbol id="sm-13f">
         <name>__fltid</name>
         <value>0x6cf1</value>
         <object_component_ref idref="oc-43"/>
      </symbol>
      <symbol id="sm-14b">
         <name>__fltlid</name>
         <value>0x68de</value>
         <object_component_ref idref="oc-47"/>
      </symbol>
      <symbol id="sm-15a">
         <name>__cleanup</name>
         <value>0x49aa</value>
         <object_component_ref idref="oc-4c"/>
      </symbol>
      <symbol id="sm-15b">
         <name>_fopen</name>
         <value>0x4acd</value>
         <object_component_ref idref="oc-4c"/>
      </symbol>
      <symbol id="sm-15c">
         <name>_freopen</name>
         <value>0x4a04</value>
         <object_component_ref idref="oc-4c"/>
      </symbol>
      <symbol id="sm-166">
         <name>__frcmpyd_div</name>
         <value>0x66b2</value>
         <object_component_ref idref="oc-52"/>
      </symbol>
      <symbol id="sm-170">
         <name>_fread</name>
         <value>0x5dcc</value>
         <object_component_ref idref="oc-56"/>
      </symbol>
      <symbol id="sm-17a">
         <name>_fscanf</name>
         <value>0x5b5b</value>
         <object_component_ref idref="oc-5a"/>
      </symbol>
      <symbol id="sm-17b">
         <name>_scanf</name>
         <value>0x5b1f</value>
         <object_component_ref idref="oc-5a"/>
      </symbol>
      <symbol id="sm-187">
         <name>_fwrite</name>
         <value>0x5413</value>
         <object_component_ref idref="oc-5e"/>
      </symbol>
      <symbol id="sm-18f">
         <name>__mpyli</name>
         <value>0x6cae</value>
         <object_component_ref idref="oc-62"/>
      </symbol>
      <symbol id="sm-190">
         <name>I$$LMPY</name>
         <value>0x6cae</value>
         <object_component_ref idref="oc-62"/>
      </symbol>
      <symbol id="sm-1a2">
         <name>_add_device</name>
         <value>0x2992</value>
         <object_component_ref idref="oc-66"/>
      </symbol>
      <symbol id="sm-1a3">
         <name>_rename</name>
         <value>0x26b4</value>
         <object_component_ref idref="oc-66"/>
      </symbol>
      <symbol id="sm-1a4">
         <name>_read</name>
         <value>0x2743</value>
         <object_component_ref idref="oc-66"/>
      </symbol>
      <symbol id="sm-1a5">
         <name>_unlink</name>
         <value>0x2681</value>
         <object_component_ref idref="oc-66"/>
      </symbol>
      <symbol id="sm-1a6">
         <name>_remove_device</name>
         <value>0x270d</value>
         <object_component_ref idref="oc-66"/>
      </symbol>
      <symbol id="sm-1a7">
         <name>_open</name>
         <value>0x27f1</value>
         <object_component_ref idref="oc-66"/>
      </symbol>
      <symbol id="sm-1a8">
         <name>_find_registered_device</name>
         <value>0x2916</value>
         <object_component_ref idref="oc-66"/>
      </symbol>
      <symbol id="sm-1a9">
         <name>_lseek</name>
         <value>0x28b0</value>
         <object_component_ref idref="oc-66"/>
      </symbol>
      <symbol id="sm-1aa">
         <name>_close</name>
         <value>0x291f</value>
         <object_component_ref idref="oc-66"/>
      </symbol>
      <symbol id="sm-1ab">
         <name>_write</name>
         <value>0x253f</value>
         <object_component_ref idref="oc-66"/>
      </symbol>
      <symbol id="sm-1b3">
         <name>_memcpy</name>
         <value>0x6b1c</value>
         <object_component_ref idref="oc-6c"/>
      </symbol>
      <symbol id="sm-1c3">
         <name>__sys_memory</name>
         <value>0x8d14</value>
         <object_component_ref idref="oc-74"/>
      </symbol>
      <symbol id="sm-1c4">
         <name>_chkheap</name>
         <value>0x3431</value>
         <object_component_ref idref="oc-70"/>
      </symbol>
      <symbol id="sm-1c5">
         <name>_realloc</name>
         <value>0x31d0</value>
         <object_component_ref idref="oc-70"/>
      </symbol>
      <symbol id="sm-1c6">
         <name>_free_memory</name>
         <value>0x33db</value>
         <object_component_ref idref="oc-70"/>
      </symbol>
      <symbol id="sm-1c7">
         <name>_max_free</name>
         <value>0x3381</value>
         <object_component_ref idref="oc-70"/>
      </symbol>
      <symbol id="sm-1c8">
         <name>_free</name>
         <value>0x2faa</value>
         <object_component_ref idref="oc-70"/>
      </symbol>
      <symbol id="sm-1c9">
         <name>_calloc</name>
         <value>0x3439</value>
         <object_component_ref idref="oc-70"/>
      </symbol>
      <symbol id="sm-1ca">
         <name>_malloc</name>
         <value>0x30db</value>
         <object_component_ref idref="oc-70"/>
      </symbol>
      <symbol id="sm-1cb">
         <name>_minit</name>
         <value>0x3076</value>
         <object_component_ref idref="oc-70"/>
      </symbol>
      <symbol id="sm-1d5">
         <name>__mpyd</name>
         <value>0x5c80</value>
         <object_component_ref idref="oc-77"/>
      </symbol>
      <symbol id="sm-1df">
         <name>_printf</name>
         <value>0x69a1</value>
         <object_component_ref idref="oc-7b"/>
      </symbol>
      <symbol id="sm-1e9">
         <name>_remove</name>
         <value>0x6cfd</value>
         <object_component_ref idref="oc-7f"/>
      </symbol>
      <symbol id="sm-1f3">
         <name>_rewind</name>
         <value>0x6ce3</value>
         <object_component_ref idref="oc-83"/>
      </symbol>
      <symbol id="sm-1fd">
         <name>__subd</name>
         <value>0x6c9a</value>
         <object_component_ref idref="oc-87"/>
      </symbol>
      <symbol id="sm-209">
         <name>_HOSTopen</name>
         <value>0x2d8d</value>
         <object_component_ref idref="oc-8b"/>
      </symbol>
      <symbol id="sm-20a">
         <name>_HOSTread</name>
         <value>0x2d00</value>
         <object_component_ref idref="oc-8b"/>
      </symbol>
      <symbol id="sm-20b">
         <name>_HOSTtime</name>
         <value>0x2bf4</value>
         <object_component_ref idref="oc-8b"/>
      </symbol>
      <symbol id="sm-20c">
         <name>_getenv</name>
         <value>0x2a82</value>
         <object_component_ref idref="oc-8b"/>
      </symbol>
      <symbol id="sm-20d">
         <name>_HOSTrename</name>
         <value>0x2c52</value>
         <object_component_ref idref="oc-8b"/>
      </symbol>
      <symbol id="sm-20e">
         <name>_HOSTclock</name>
         <value>0x2f4c</value>
         <object_component_ref idref="oc-8b"/>
      </symbol>
      <symbol id="sm-20f">
         <name>_HOSTwrite</name>
         <value>0x2afd</value>
         <object_component_ref idref="oc-8b"/>
      </symbol>
      <symbol id="sm-210">
         <name>_HOSTlseek</name>
         <value>0x2e2c</value>
         <object_component_ref idref="oc-8b"/>
      </symbol>
      <symbol id="sm-211">
         <name>_HOSTunlink</name>
         <value>0x2b8a</value>
         <object_component_ref idref="oc-8b"/>
      </symbol>
      <symbol id="sm-212">
         <name>_HOSTclose</name>
         <value>0x2ee1</value>
         <object_component_ref idref="oc-8b"/>
      </symbol>
      <symbol id="sm-224">
         <name>C$$IO$$</name>
         <value>0x6215</value>
         <object_component_ref idref="oc-93"/>
      </symbol>
      <symbol id="sm-225">
         <name>__CIOBUF_</name>
         <value>0xd7e8</value>
         <object_component_ref idref="oc-92"/>
      </symbol>
      <symbol id="sm-226">
         <name>_readmsg</name>
         <value>0x6806</value>
         <object_component_ref idref="oc-90"/>
      </symbol>
      <symbol id="sm-227">
         <name>_writemsg</name>
         <value>0x6160</value>
         <object_component_ref idref="oc-93"/>
      </symbol>
      <symbol id="sm-22f">
         <name>__remu</name>
         <value>0x6c48</value>
         <object_component_ref idref="oc-96"/>
      </symbol>
      <symbol id="sm-230">
         <name>__divu</name>
         <value>0x6c33</value>
         <object_component_ref idref="oc-96"/>
      </symbol>
      <symbol id="sm-231">
         <name>I$$UMOD</name>
         <value>0x6c48</value>
         <object_component_ref idref="oc-96"/>
      </symbol>
      <symbol id="sm-232">
         <name>I$$UDIV</name>
         <value>0x6c33</value>
         <object_component_ref idref="oc-96"/>
      </symbol>
      <symbol id="sm-23c">
         <name>_ungetc</name>
         <value>0x64aa</value>
         <object_component_ref idref="oc-9a"/>
      </symbol>
      <symbol id="sm-246">
         <name>_Reset</name>
         <value>0xdb30</value>
         <object_component_ref idref="oc-10"/>
      </symbol>
      <symbol id="sm-250">
         <name>__buff_read</name>
         <value>0x621a</value>
         <object_component_ref idref="oc-a2"/>
      </symbol>
      <symbol id="sm-25a">
         <name>__rd_ok</name>
         <value>0x6041</value>
         <object_component_ref idref="oc-a6"/>
      </symbol>
      <symbol id="sm-25b">
         <name>__wrt_ok</name>
         <value>0x5fc1</value>
         <object_component_ref idref="oc-a6"/>
      </symbol>
      <symbol id="sm-269">
         <name>__unlock</name>
         <value>0xc23c</value>
         <object_component_ref idref="oc-ab"/>
      </symbol>
      <symbol id="sm-26a">
         <name>__lock</name>
         <value>0xc238</value>
         <object_component_ref idref="oc-ab"/>
      </symbol>
      <symbol id="sm-26b">
         <name>__register_lock</name>
         <value>0x6cc9</value>
         <object_component_ref idref="oc-aa"/>
      </symbol>
      <symbol id="sm-26c">
         <name>__nop</name>
         <value>0x6cd1</value>
         <object_component_ref idref="oc-aa"/>
      </symbol>
      <symbol id="sm-26d">
         <name>__register_unlock</name>
         <value>0x6cc1</value>
         <object_component_ref idref="oc-aa"/>
      </symbol>
      <symbol id="sm-27f">
         <name>__printfi</name>
         <value>0x1422</value>
         <object_component_ref idref="oc-b0"/>
      </symbol>
      <symbol id="sm-28d">
         <name>__scanfi</name>
         <value>0x2037</value>
         <object_component_ref idref="oc-b6"/>
      </symbol>
      <symbol id="sm-297">
         <name>__args_main</name>
         <value>0x6a3e</value>
         <object_component_ref idref="oc-ba"/>
      </symbol>
      <symbol id="sm-298">
         <name>__TI_args_main</name>
         <value>0x1</value>
      </symbol>
      <symbol id="sm-2a2">
         <name>_atoi</name>
         <value>0x6945</value>
         <object_component_ref idref="oc-be"/>
      </symbol>
      <symbol id="sm-2aa">
         <name>_auto_init</name>
         <value>0x69f1</value>
         <object_component_ref idref="oc-c2"/>
      </symbol>
      <symbol id="sm-2b4">
         <name>__eqld</name>
         <value>0x575f</value>
         <object_component_ref idref="oc-c6"/>
      </symbol>
      <symbol id="sm-2b5">
         <name>__cmpd</name>
         <value>0x5793</value>
         <object_component_ref idref="oc-c6"/>
      </symbol>
      <symbol id="sm-2b6">
         <name>__neqd</name>
         <value>0x5601</value>
         <object_component_ref idref="oc-c6"/>
      </symbol>
      <symbol id="sm-2b7">
         <name>__gtrd</name>
         <value>0x56ca</value>
         <object_component_ref idref="oc-c6"/>
      </symbol>
      <symbol id="sm-2b8">
         <name>__geqd</name>
         <value>0x5715</value>
         <object_component_ref idref="oc-c6"/>
      </symbol>
      <symbol id="sm-2b9">
         <name>__leqd</name>
         <value>0x567d</value>
         <object_component_ref idref="oc-c6"/>
      </symbol>
      <symbol id="sm-2ba">
         <name>__lssd</name>
         <value>0x5635</value>
         <object_component_ref idref="oc-c6"/>
      </symbol>
      <symbol id="sm-2c2">
         <name>__ctypes_</name>
         <value>0xd46e</value>
         <object_component_ref idref="oc-135"/>
      </symbol>
      <symbol id="sm-2cc">
         <name>__tmpnams</name>
         <value>0xbe64</value>
         <object_component_ref idref="oc-cc"/>
      </symbol>
      <symbol id="sm-2cd">
         <name>__ft_end</name>
         <value>0xbfa4</value>
         <object_component_ref idref="oc-cc"/>
      </symbol>
      <symbol id="sm-2ce">
         <name>__ftable</name>
         <value>0xbd74</value>
         <object_component_ref idref="oc-cc"/>
      </symbol>
      <symbol id="sm-2d9">
         <name>__divul</name>
         <value>0x636e</value>
         <object_component_ref idref="oc-d0"/>
      </symbol>
      <symbol id="sm-2e3">
         <name>_getchar</name>
         <value>0x649b</value>
         <object_component_ref idref="oc-d4"/>
      </symbol>
      <symbol id="sm-2e4">
         <name>_getc</name>
         <value>0x640f</value>
         <object_component_ref idref="oc-d4"/>
      </symbol>
      <symbol id="sm-2e5">
         <name>_fgetc</name>
         <value>0x640f</value>
         <object_component_ref idref="oc-d4"/>
      </symbol>
      <symbol id="sm-2ef">
         <name>_putchar</name>
         <value>0x635f</value>
         <object_component_ref idref="oc-d8"/>
      </symbol>
      <symbol id="sm-2f0">
         <name>_putc</name>
         <value>0x62c8</value>
         <object_component_ref idref="oc-d8"/>
      </symbol>
      <symbol id="sm-2f1">
         <name>_fputc</name>
         <value>0x62c8</value>
         <object_component_ref idref="oc-d8"/>
      </symbol>
      <symbol id="sm-2ff">
         <name>_puts</name>
         <value>0x5af1</value>
         <object_component_ref idref="oc-dc"/>
      </symbol>
      <symbol id="sm-300">
         <name>_fputs</name>
         <value>0x59bc</value>
         <object_component_ref idref="oc-dc"/>
      </symbol>
      <symbol id="sm-30a">
         <name>__frcmpyd</name>
         <value>0x663c</value>
         <object_component_ref idref="oc-e1"/>
      </symbol>
      <symbol id="sm-314">
         <name>_fseek</name>
         <value>0x6873</value>
         <object_component_ref idref="oc-e5"/>
      </symbol>
      <symbol id="sm-31e">
         <name>___isinf</name>
         <value>0x6c80</value>
         <object_component_ref idref="oc-e9"/>
      </symbol>
      <symbol id="sm-328">
         <name>__divull</name>
         <value>0x4c3d</value>
         <object_component_ref idref="oc-ed"/>
      </symbol>
      <symbol id="sm-329">
         <name>__mpylli</name>
         <value>0x4b85</value>
         <object_component_ref idref="oc-ed"/>
      </symbol>
      <symbol id="sm-32a">
         <name>__remlli</name>
         <value>0x4b56</value>
         <object_component_ref idref="oc-ed"/>
      </symbol>
      <symbol id="sm-32b">
         <name>__divlli</name>
         <value>0x4d31</value>
         <object_component_ref idref="oc-ed"/>
      </symbol>
      <symbol id="sm-32c">
         <name>__remull</name>
         <value>0x4b08</value>
         <object_component_ref idref="oc-ed"/>
      </symbol>
      <symbol id="sm-336">
         <name>_ltoa</name>
         <value>0x6544</value>
         <object_component_ref idref="oc-f1"/>
      </symbol>
      <symbol id="sm-341">
         <name>_memccpy</name>
         <value>0x6c5d</value>
         <object_component_ref idref="oc-f5"/>
      </symbol>
      <symbol id="sm-34b">
         <name>__negd</name>
         <value>0x6cd3</value>
         <object_component_ref idref="oc-f9"/>
      </symbol>
      <symbol id="sm-355">
         <name>__remli</name>
         <value>0x6a89</value>
         <object_component_ref idref="oc-fd"/>
      </symbol>
      <symbol id="sm-360">
         <name>__remul</name>
         <value>0x6725</value>
         <object_component_ref idref="oc-101"/>
      </symbol>
      <symbol id="sm-36a">
         <name>_setvbuf</name>
         <value>0x5edb</value>
         <object_component_ref idref="oc-105"/>
      </symbol>
      <symbol id="sm-37a">
         <name>_strtod</name>
         <value>0x432d</value>
         <object_component_ref idref="oc-109"/>
      </symbol>
      <symbol id="sm-384">
         <name>_strtol</name>
         <value>0x520b</value>
         <object_component_ref idref="oc-10e"/>
      </symbol>
      <symbol id="sm-394">
         <name>_strtold</name>
         <value>0x45ea</value>
         <object_component_ref idref="oc-112"/>
      </symbol>
      <symbol id="sm-39e">
         <name>_strtoll</name>
         <value>0x402c</value>
         <object_component_ref idref="oc-117"/>
      </symbol>
      <symbol id="sm-3a8">
         <name>_strtoul</name>
         <value>0x57eb</value>
         <object_component_ref idref="oc-11b"/>
      </symbol>
      <symbol id="sm-3b2">
         <name>_strtoull</name>
         <value>0x4fc0</value>
         <object_component_ref idref="oc-11f"/>
      </symbol>
      <symbol id="sm-3bc">
         <name>__divli</name>
         <value>0x6ad4</value>
         <object_component_ref idref="oc-123"/>
      </symbol>
      <symbol id="sm-3c6">
         <name>_errno</name>
         <value>0xc146</value>
         <object_component_ref idref="oc-127"/>
      </symbol>
      <symbol id="sm-3ce">
         <name>__remi</name>
         <value>0x6bb8</value>
         <object_component_ref idref="oc-12b"/>
      </symbol>
      <symbol id="sm-3cf">
         <name>__divi</name>
         <value>0x6b99</value>
         <object_component_ref idref="oc-12b"/>
      </symbol>
      <symbol id="sm-3d0">
         <name>I$$MOD</name>
         <value>0x6bb8</value>
         <object_component_ref idref="oc-12b"/>
      </symbol>
      <symbol id="sm-3d1">
         <name>I$$DIV</name>
         <value>0x6b99</value>
         <object_component_ref idref="oc-12b"/>
      </symbol>
   </symbol_table>
</link_info>
