******************************************************************************
              TMS320C55x Linker PC v4.4.1                      
******************************************************************************
>> Linked Mon Dec 16 22:47:55 2024

OUTPUT FILE NAME:   <Teste16.out>
ENTRY POINT SYMBOL: "_c_int00"  address: 000039f2


MEMORY CONFIGURATION

         name            origin    length      used     unused   attr    fill
                        (bytes)   (bytes)    (bytes)   (bytes)
----------------------  --------  ---------  --------  --------  ----  --------
PAGE 0:
  MMR                   00000000   000000c0  00000000  000000c0  RWIX
  BTRSVD                000000c0   00000240  00000100  00000140  RWIX
  DARAM                 00000300   0000fb00  00005590  0000a570  RWIX
  VECS                  0000fe00   00000200  00000100  00000100  RWIX
  CE0                   00010000   003f0000  00000000  003f0000  RWIX
  CE1                   00400000   00400000  00000000  00400000  RWIX
  CE2                   00800000   00400000  00000000  00400000  RWIX
  CE3                   00c00000   003f8000  00000000  003f8000  RWIX
  PDROM                 00ff8000   00008000  00000000  00008000  R IX

PAGE 2:
  IOPORT                00000000   00020000  00000000  00020000  RWI 


SECTION ALLOCATION MAP
(Addresses surrounded by []'s are displayed for convenience only!)

output                                                          attributes/
section   page  orgn(bytes) orgn(words) len(bytes) len(words)   input sections
--------  ----  ----------- ----------- ---------- ----------   --------------
vectors      0     000000c0  [ 00000060 ] 00000100          *   
                   000000c0  [ 00000060 ] 00000100          *   rts55x.lib : vectors.obj (vectors)

.stack       0   [ 00000300 ]  00000180          *   00001000   
                 [ 00000300 ]  00000180          *   00001000   --HOLE-- [fill = 00]

.data        0   [ 00000300 ]  00000180          *   00000000   

.pinit       0   [ 00000300 ]  00000180          *   00000000   

.text        0     00002300  [ 00001180 ] 000017cc          *   
                   00002300  [ 00001180 ] 00000261          *   csl5502x.lib : mcbsp_rst.obj (.text:MCBSP_reset)
                   00002561  [ 000012b0+] 00000002          *   rts55x.lib : vectors.obj (.text)
                   00002563  [ 000012b1 ] 00000001          *   --HOLE-- [fill = 20]
                   00002564  [ 000012b2 ] 000001ca          *   csl5502x.lib : dma_reset.obj (.text:DMA_reset)
                   0000272e  [ 00001397 ] 000001bd          *   dma.obj (.text)
                   000028eb  [ 00001475+] 000001b8          *   aic3204.obj (.text)
                   00002aa3  [ 00001551 ] 00000001          *   --HOLE-- [fill = 20]
                   00002aa4  [ 00001552 ] 0000018e          *   csl5502x.lib : i2c_write.obj (.text:I2C_write)
                   00002c32  [ 00001619 ] 00000002          *   vector.obj (.text)
                   00002c34  [ 0000161a ] 0000015d          *   csl5502x.lib : i2c_read.obj (.text:I2C_read)
                   00002d91  [ 000016c8+] 0000014e          *   ezdsp5502bsl.lib : ezdsp5502_i2cgpio.obj (.text)
                   00002edf  [ 0000176f ] 00000001          *   --HOLE-- [fill = 20]
                   00002ee0  [ 00001770 ] 00000130          *   csl5502x.lib : mcbsp_cfg.obj (.text:MCBSP_config)
                   00003010  [ 00001808 ] 0000010e          *                : dma_cfg.obj (.text:DMA_config)
                   0000311e  [ 0000188f ] 00000002          *   --HOLE-- [fill = 20]
                   00003120  [ 00001890 ] 000000ee          *                : mcbsp_open.obj (.text:MCBSP_open)
                   0000320e  [ 00001907 ] 00000002          *   --HOLE-- [fill = 20]
                   00003210  [ 00001908 ] 000000cb          *                : dma_open.obj (.text:DMA_open)
                   000032db  [ 0000196d+] 000000ba          *   ezdsp5502bsl.lib : ezdsp5502_mcbsp.obj (.text)
                   00003395  [ 000019ca ] 00000003          *   --HOLE-- [fill = 20]
                   00003398  [ 000019cc ] 000000ae          *   csl5502x.lib : pll_cfg.obj (.text:PLL_config)
                   00003446  [ 00001a23 ] 00000002          *   --HOLE-- [fill = 20]
                   00003448  [ 00001a24 ] 000000a8          *                : pll_setfrq.obj (.text)
                   000034f0  [ 00001a78 ] 00000089          *                : irq_pluga.obj (.text)
                   00003579  [ 00001abc+] 00000084          *   main.obj (.text)
                   000035fd  [ 00001afe ] 00000003          *   --HOLE-- [fill = 20]
                   00003600  [ 00001b00 ] 00000082          *   csl5502x.lib : mcbsp_start.obj (.text:MCBSP_start)
                   00003682  [ 00001b41 ] 00000002          *   --HOLE-- [fill = 20]
                   00003684  [ 00001b42 ] 00000072          *                : i2c_cfg.obj (.text:I2C_config)
                   000036f6  [ 00001b7b ] 0000006f          *   ezdsp5502bsl.lib : ezdsp5502.obj (.text)
                   00003765  [ 00001bb2+] 0000006d          *                    : ezdsp5502_i2c.obj (.text)
                   000037d2  [ 00001be9 ] 00000002          *   --HOLE-- [fill = 20]
                   000037d4  [ 00001bea ] 00000068          *   csl5502x.lib : irq_enab.obj (.text:IRQ_enable)
                   0000383c  [ 00001c1e ] 0000004d          *   rts55x.lib : autoinit.obj (.text)
                   00003889  [ 00001c44+] 0000004b          *              : args_main.obj (.text)
                   000038d4  [ 00001c6a ] 0000003e          *              : exit.obj (.text)
                   00003912  [ 00001c89 ] 00000038          *   dma.obj (.text:retain)
                   0000394a  [ 00001ca5 ] 00000002          *   --HOLE-- [fill = 20]
                   0000394c  [ 00001ca6 ] 00000037          *   csl5502x.lib : irq_clear.obj (.text:IRQ_clear)
                   00003983  [ 00001cc1 ] 00000001          *   --HOLE-- [fill = 20]
                   00003984  [ 00001cc2 ] 00000037          *                : irq_setvecs.obj (.text:IRQ_setVecs)
                   000039bb  [ 00001cdd ] 00000001          *   --HOLE-- [fill = 20]
                   000039bc  [ 00001cde ] 00000036          *                : mcbsp_cls.obj (.text:MCBSP_close)
                   000039f2  [ 00001cf9 ] 00000034          *   rts55x.lib : boot.obj (.text)
                   00003a26  [ 00001d13 ] 00000022          *   pll.obj (.text)
                   00003a48  [ 00001d24 ] 00000012          *   rts55x.lib : _lock.obj (.text)
                   00003a5a  [ 00001d2d ] 00000002          *   --HOLE-- [fill = 20]
                   00003a5c  [ 00001d2e ] 0000000f          *   csl5502x.lib : irq_gdisab.obj (.text:IRQ_globalDisable)
                   00003a6b  [ 00001d35 ] 00000001          *   --HOLE-- [fill = 20]
                   00003a6c  [ 00001d36 ] 0000000f          *                : irq_genab.obj (.text:IRQ_globalEnable)
                   00003a7b  [ 00001d3d ] 00000001          *   --HOLE-- [fill = 20]
                   00003a7c  [ 00001d3e ] 0000000d          *                : _csl_init.obj (.text:_CSL_init)
                   00003a89  [ 00001d44 ] 00000003          *   --HOLE-- [fill = 20]
                   00003a8c  [ 00001d46 ] 0000000c          *                : csl.obj (.text:CSL_init)
                   00003a98  [ 00001d4c ] 0000000c          *                : irq_grest.obj (.text:IRQ_globalRestore)
                   00003aa4  [ 00001d52 ] 0000000c          *   dataMove.obj (.text)
                   00003ab0  [ 00001d58 ] 00000007          *   rts55x.lib : exit.obj (.text:CIO_breakpoint)
                   00003ab7  [ 00001d5b ] 00000001          *   --HOLE-- [fill = 20]
                   00003ab8  [ 00001d5c ] 00000007          *   csl5502x.lib : mcbsp_r16.obj (.text:MCBSP_read16)
                   00003abf  [ 00001d5f ] 00000001          *   --HOLE-- [fill = 20]
                   00003ac0  [ 00001d60 ] 00000007          *                : mcbsp_w16.obj (.text:MCBSP_write16)
                   00003ac7  [ 00001d63 ] 00000001          *   --HOLE-- [fill = 20]
                   00003ac8  [ 00001d64 ] 00000002          *                : csl.obj (.text)
                   00003aca  [ 00001d65 ] 00000002          *   --HOLE-- [fill = 20]

.sysstack 
*            0   [ 00003ae0 ]  00001d70          *   00000800   
                 [ 00003ae0 ]  00001d70          *   00000800   --HOLE-- [fill = 00]

.bss         0   [ 00004ae0 ]  00002570          *   00000446   
                 [ 00004ae0 ]  00002570          *   00000400   main.obj (.bss) [fill = 00]
                 [ 000052e0 ]  00002970          *   00000031   dma.obj (.bss) [fill = 00]
                 [ 00005342 ]  000029a1          *   0000000a   pll.obj (.bss) [fill = 00]
                 [ 00005356 ]  000029ab          *   00000001   --HOLE-- [fill = 00]
                 [ 00005358 ]  000029ac          *   00000004   rts55x.lib : _lock.obj (.bss) [fill = 00]
                 [ 00005360 ]  000029b0          *   00000004              : exit.obj (.bss) [fill = 00]
                 [ 00005368 ]  000029b4          *   00000002   ezdsp5502bsl.lib : ezdsp5502_mcbsp.obj (.bss) [fill = 00]

.cinit       0   [ 0000536c ]  000029b6          *   00000171   
                 [ 0000536c ]  000029b6          *   00000081   csl5502x.lib : csl_dmadat.obj (.cinit)
                 [ 0000546e ]  00002a37          *   00000069                : csl_mcbspdat.obj (.cinit)
                 [ 00005540 ]  00002aa0          *   00000040   dma.obj (.cinit)
                 [ 000055c0 ]  00002ae0          *   00000025   csl5502x.lib : csl_csldat.obj (.cinit)
                 [ 0000560a ]  00002b05          *   0000000d   pll.obj (.cinit)
                 [ 00005624 ]  00002b12          *   0000000a   rts55x.lib : _lock.obj (.cinit)
                 [ 00005638 ]  00002b1c          *   0000000a              : exit.obj (.cinit)
                 [ 0000564c ]  00002b26          *   00000001   --HOLE-- [fill = 0]

.csldata     0   [ 00005680 ]  00002b40          *   00000106   
                 [ 00005680 ]  00002b40          *   0000007e   csl5502x.lib : csl_dmadat.obj (.csldata:DMA_data) [fill = 00]
                 [ 0000577c ]  00002bbe          *   00000066                : csl_mcbspdat.obj (.csldata:MCBSP_data) [fill = 00]
                 [ 00005848 ]  00002c24          *   00000022                : csl_csldat.obj (.csldata:SYS_data) [fill = 00]

.const       0   [ 000058a0 ]  00002c50          *   00000025   
                 [ 000058a0 ]  00002c50          *   0000001b   ezdsp5502bsl.lib : ezdsp5502_mcbsp.obj (.const:_$P$T0$1)
                 [ 000058d6 ]  00002c6b          *   0000000a                    : ezdsp5502_i2c.obj (.const:_$P$T0$1)

.vectors     0     0000fe00  [ 00007f00 ] 00000100          *   
                   0000fe00  [ 00007f00 ] 00000100          *   vector.obj (.vectors)


GLOBAL SYMBOLS: SORTED ALPHABETICALLY BY Name 

abs. value/
byte addr   word addr   name
---------   ---------   ----
00000002                $TI_capability$C5500$CallingConvention
00000002                $TI_capability$C5500$MemoryModel
00000001                $TI_capability_requires_rev2
            00002570    .bss
            00000180    .data
00002300                .text
00003ab1                C$$EXIT
00002915                _AIC3204_init
000028eb                _AIC3204_rset
00003ac8                _CSL5502_LIB_
            00002b40    _CSL_DmaData
            00002bbe    _CSL_McbspData
            00002c24    _CSL_SysData
00003a8c                _CSL_init
00003010                _DMA_config
00003210                _DMA_open
00002564                _DMA_reset
00002d91                _EZDSP5502_I2CGPIO_configLine
00002e68                _EZDSP5502_I2CGPIO_read
00002de4                _EZDSP5502_I2CGPIO_readLine
00002eb5                _EZDSP5502_I2CGPIO_write
00002e15                _EZDSP5502_I2CGPIO_writeLine
00003765                _EZDSP5502_I2C_init
000037ae                _EZDSP5502_I2C_read
00003782                _EZDSP5502_I2C_reset
0000378c                _EZDSP5502_I2C_write
0000331f                _EZDSP5502_MCBSP_close
000032db                _EZDSP5502_MCBSP_init
00003361                _EZDSP5502_MCBSP_read
00003331                _EZDSP5502_MCBSP_write
0000374c                _EZDSP5502_init
00003706                _EZDSP5502_wait
0000373a                _EZDSP5502_waitusec
00003684                _I2C_config
00002c34                _I2C_read
00002aa4                _I2C_write
0000394c                _IRQ_clear
000037d4                _IRQ_enable
00003a5c                _IRQ_globalDisable
00003a6c                _IRQ_globalEnable
00003a98                _IRQ_globalRestore
000034f0                _IRQ_plug
00003984                _IRQ_setVecs
000039bc                _MCBSP_close
00002ee0                _MCBSP_config
00003120                _MCBSP_open
00003ab8                _MCBSP_read16
00002300                _MCBSP_reset
00003600                _MCBSP_start
00003ac0                _MCBSP_write16
00003398                _PLL_config
00003448                _PLL_setFreq
            00002570    _RcvBuffer1
000000c0                _Reset
0000fe00                _VECSTART
            00002770    _XmitBuffer1
00003a7c                __CSL_init
            00001180    __STACK_END
00002000                __STACK_SIZE
00001000                __SYSSTACK_SIZE
00000001                __TI_args_main
ffffffff                ___binit__
            00002570    ___bss__
ffffffff                ___c_args__
            000029b6    ___cinit__
            00000180    ___data__
            00000180    ___edata__
            000029b6    ___end__
00003acc                ___etext__
ffffffff                ___pinit__
00002300                ___text__
00003889                __args_main
            000029b0    __cleanup_ptr
            000029b2    __dtors_ptr
            000029ac    __lock
00003a58                __nop
00003a50                __register_lock
00003a48                __register_unlock
            00000180    __stack
            00001d70    __sysstack
            000029ae    __unlock
00003ab0                _abort
            000029b4    _aicMcbsp
0000383c                _auto_init
000039f2                _c_int00
000027b9                _configAudioDma
            00002970    _counter
            0000299f    _currentRxBuffer
            0000299e    _currentTxBuffer
00003aa4                _dataMove
0000392e                _dmaRcvIsr
            0000299a    _dmaReception
            00002988    _dmaRx1Config
            0000299c    _dmaTransmition
            00002976    _dmaTx1Config
00003912                _dmaXmtIsr
000035e6                _dsp_process
000038d4                _exit
00003a26                _initPLL
            00002971    _isActive
00003579                _main
            000029a1    _myConfig
            00002974    _old_intm
            00002973    _rcvEventId
            000029a0    _readyBuffer
0000289f                _startAudioDma
000028c9                _stopAudioDma
            00002975    _transferComplete
            00002972    _xmtEventId
ffffffff                binit
            000029b6    cinit
            00000180    edata
            000029b6    end
00003acc                etext
0000fe10                int0
0000fe18                int1
0000fe60                int10
0000fe68                int11
0000fe70                int12
0000fe78                int13
0000fe80                int14
0000fe88                int15
0000fe90                int16
0000fe98                int17
0000fea0                int18
0000fea8                int19
0000fe20                int2
0000feb0                int20
0000feb8                int21
0000fec0                int22
0000fec8                int23
0000fed0                int24
0000fed8                int25
0000fee0                int26
0000fee8                int27
0000fef0                int28
0000fef8                int29
0000fe28                int3
0000fe30                int4
0000fe38                int5
0000fe40                int6
0000fe48                int7
0000fe50                int8
0000fe58                int9
0000fe08                nmi
00002c32                no_isr
ffffffff                pinit


GLOBAL SYMBOLS: SORTED BY Symbol Address 

abs. value/
byte addr   word addr   name
---------   ---------   ----
00000001                $TI_capability_requires_rev2
00000001                __TI_args_main
00000002                $TI_capability$C5500$CallingConvention
00000002                $TI_capability$C5500$MemoryModel
000000c0                _Reset
            00000180    .data
            00000180    ___data__
            00000180    ___edata__
            00000180    __stack
            00000180    edata
00001000                __SYSSTACK_SIZE
00002000                __STACK_SIZE
00002300                .text
00002300                _MCBSP_reset
            00001180    __STACK_END
00002300                ___text__
00002564                _DMA_reset
000027b9                _configAudioDma
0000289f                _startAudioDma
000028c9                _stopAudioDma
000028eb                _AIC3204_rset
00002915                _AIC3204_init
00002aa4                _I2C_write
00002c32                no_isr
00002c34                _I2C_read
00002d91                _EZDSP5502_I2CGPIO_configLine
00002de4                _EZDSP5502_I2CGPIO_readLine
00002e15                _EZDSP5502_I2CGPIO_writeLine
00002e68                _EZDSP5502_I2CGPIO_read
00002eb5                _EZDSP5502_I2CGPIO_write
00002ee0                _MCBSP_config
00003010                _DMA_config
00003120                _MCBSP_open
00003210                _DMA_open
000032db                _EZDSP5502_MCBSP_init
0000331f                _EZDSP5502_MCBSP_close
00003331                _EZDSP5502_MCBSP_write
00003361                _EZDSP5502_MCBSP_read
00003398                _PLL_config
00003448                _PLL_setFreq
000034f0                _IRQ_plug
00003579                _main
000035e6                _dsp_process
00003600                _MCBSP_start
00003684                _I2C_config
00003706                _EZDSP5502_wait
0000373a                _EZDSP5502_waitusec
0000374c                _EZDSP5502_init
00003765                _EZDSP5502_I2C_init
00003782                _EZDSP5502_I2C_reset
0000378c                _EZDSP5502_I2C_write
000037ae                _EZDSP5502_I2C_read
000037d4                _IRQ_enable
0000383c                _auto_init
00003889                __args_main
000038d4                _exit
00003912                _dmaXmtIsr
0000392e                _dmaRcvIsr
0000394c                _IRQ_clear
00003984                _IRQ_setVecs
000039bc                _MCBSP_close
000039f2                _c_int00
00003a26                _initPLL
00003a48                __register_unlock
00003a50                __register_lock
00003a58                __nop
00003a5c                _IRQ_globalDisable
00003a6c                _IRQ_globalEnable
00003a7c                __CSL_init
00003a8c                _CSL_init
00003a98                _IRQ_globalRestore
00003aa4                _dataMove
00003ab0                _abort
00003ab1                C$$EXIT
00003ab8                _MCBSP_read16
00003ac0                _MCBSP_write16
00003ac8                _CSL5502_LIB_
00003acc                ___etext__
00003acc                etext
            00001d70    __sysstack
            00002570    .bss
            00002570    _RcvBuffer1
            00002570    ___bss__
            00002770    _XmitBuffer1
            00002970    _counter
            00002971    _isActive
            00002972    _xmtEventId
            00002973    _rcvEventId
            00002974    _old_intm
            00002975    _transferComplete
            00002976    _dmaTx1Config
            00002988    _dmaRx1Config
            0000299a    _dmaReception
            0000299c    _dmaTransmition
            0000299e    _currentTxBuffer
            0000299f    _currentRxBuffer
            000029a0    _readyBuffer
            000029a1    _myConfig
            000029ac    __lock
            000029ae    __unlock
            000029b0    __cleanup_ptr
            000029b2    __dtors_ptr
            000029b4    _aicMcbsp
            000029b6    ___cinit__
            000029b6    ___end__
            000029b6    cinit
            000029b6    end
            00002b40    _CSL_DmaData
            00002bbe    _CSL_McbspData
            00002c24    _CSL_SysData
0000fe00                _VECSTART
0000fe08                nmi
0000fe10                int0
0000fe18                int1
0000fe20                int2
0000fe28                int3
0000fe30                int4
0000fe38                int5
0000fe40                int6
0000fe48                int7
0000fe50                int8
0000fe58                int9
0000fe60                int10
0000fe68                int11
0000fe70                int12
0000fe78                int13
0000fe80                int14
0000fe88                int15
0000fe90                int16
0000fe98                int17
0000fea0                int18
0000fea8                int19
0000feb0                int20
0000feb8                int21
0000fec0                int22
0000fec8                int23
0000fed0                int24
0000fed8                int25
0000fee0                int26
0000fee8                int27
0000fef0                int28
0000fef8                int29
ffffffff                ___binit__
ffffffff                ___c_args__
ffffffff                ___pinit__
ffffffff                binit
ffffffff                pinit

[147 symbols]
