******************************************************************************
              TMS320C55x Linker PC v4.4.1                      
******************************************************************************
>> Linked Sun Feb 02 22:12:09 2025

OUTPUT FILE NAME:   <FINAL - Teste01.out>
ENTRY POINT SYMBOL: "_c_int00"  address: 000069cc


MEMORY CONFIGURATION

         name            origin    length      used     unused   attr    fill
                        (bytes)   (bytes)    (bytes)   (bytes)
----------------------  --------  ---------  --------  --------  ----  --------
  MMR                   00000000   000000c0  00000000  000000c0  RW  
  DARAM                 000000c0   0000ff40  0000cd6c  000031d4  RW  
  SARAM                 00030000   0001e000  00000000  0001e000  RW  
  SAROM_0               00fe0000   00008000  00000000  00008000  R  X
  SAROM_1               00fe8000   00008000  00000000  00008000  R  X
  SAROM_2               00ff0000   00008000  00000000  00008000  R  X
  SAROM_3               00ff8000   00008000  00000000  00008000  R  X


SECTION ALLOCATION MAP
(Addresses surrounded by []'s are displayed for convenience only!)

output                                                          attributes/
section   page  orgn(bytes) orgn(words) len(bytes) len(words)   input sections
--------  ----  ----------- ----------- ---------- ----------   --------------
.text        0     000000c0  [ 00000060 ] 00006a48          *   
                   000000c0  [ 00000060 ] 000015a4          *   rts55x.lib : _printfi.obj (.text)
                   00001664  [ 00000b32 ] 00000edb          *              : _scanfi.obj (.text)
                   0000253f  [ 0000129f+] 00000543          *              : lowlev.obj (.text)
                   00002a82  [ 00001541 ] 00000528          *              : trgdrv.obj (.text)
                   00002faa  [ 000017d5 ] 000004b5          *              : memory.obj (.text)
                   0000345f  [ 00001a2f+] 000003cc          *              : divd.obj (.text)
                   0000382b  [ 00001c15+] 0000039f          *   main.obj (.text)
                   00003bca  [ 00001de5 ] 00000301          *   rts55x.lib : strtoll.obj (.text)
                   00003ecb  [ 00001f65+] 000002bd          *              : strtod.obj (.text)
                   00004188  [ 000020c4 ] 0000029f          *              : strtold.obj (.text)
                   00004427  [ 00002213+] 0000027f          *              : fopen.obj (.text)
                   000046a6  [ 00002353 ] 0000025e          *              : llmpy.obj (.text)
                   00004904  [ 00002482 ] 0000025a          *              : addd.obj (.text)
                   00004b5e  [ 000025af ] 0000024b          *              : strtoull.obj (.text)
                   00004da9  [ 000026d4+] 00000208          *              : strtol.obj (.text)
                   00004fb1  [ 000027d8+] 000001fe          *   tremolo.obj (.text)
                   000051af  [ 000028d7+] 000001ee          *   rts55x.lib : fwrite.obj (.text)
                   0000539d  [ 000029ce+] 000001ea          *              : cmpd.obj (.text)
                   00005587  [ 00002ac3+] 000001d1          *              : strtoul.obj (.text)
                   00005758  [ 00002bac ] 00000163          *              : fputs.obj (.text)
                   000058bb  [ 00002c5d+] 00000161          *              : fscanf.obj (.text)
                   00005a1c  [ 00002d0e ] 0000014c          *              : mpyd.obj (.text)
                   00005b68  [ 00002db4 ] 0000010f          *              : fread.obj (.text)
                   00005c77  [ 00002e3b+] 000000e6          *              : setvbuf.obj (.text)
                   00005d5d  [ 00002eae+] 000000dd          *              : _io_perm.obj (.text)
                   00005e3a  [ 00002f1d ] 000000c2          *              : fflush.obj (.text)
                   00005efc  [ 00002f7e ] 000000ba          *              : trgmsg.obj (.text:CIO_breakpoint)
                   00005fb6  [ 00002fdb ] 000000ae          *              : _bufread.obj (.text)
                   00006064  [ 00003032 ] 000000a6          *              : fputc.obj (.text)
                   0000610a  [ 00003085 ] 000000a1          *              : divul.obj (.text)
                   000061ab  [ 000030d5+] 0000009b          *              : fgetc.obj (.text)
                   00006246  [ 00003123 ] 0000009a          *              : ungetc.obj (.text)
                   000062e0  [ 00003170 ] 0000007d          *              : ltoa.obj (.text)
                   0000635d  [ 000031ae+] 0000007b          *              : fclose.obj (.text)
                   000063d8  [ 000031ec ] 00000076          *              : frcmpyd.obj (.text)
                   0000644e  [ 00003227 ] 00000073          *              : frcmpyd_div.obj (.text)
                   000064c1  [ 00003260+] 00000072          *              : remul.obj (.text)
                   00006533  [ 00003299+] 0000006f          *              : fixdli.obj (.text)
                   000065a2  [ 000032d1 ] 0000006d          *              : trgmsg.obj (.text)
                   0000660f  [ 00003307+] 0000006b          *              : fseek.obj (.text)
                   0000667a  [ 0000333d ] 00000067          *              : fltlid.obj (.text)
                   000066e1  [ 00003370+] 0000005c          *              : atoi.obj (.text)
                   0000673d  [ 0000339e+] 0000005b          *              : fltuld.obj (.text)
                   00006798  [ 000033cc ] 00000050          *              : printf.obj (.text)
                   000067e8  [ 000033f4 ] 0000004d          *              : autoinit.obj (.text)
                   00006835  [ 0000341a+] 0000004b          *              : args_main.obj (.text)
                   00006880  [ 00003440 ] 0000004b          *              : remli.obj (.text)
                   000068cb  [ 00003465+] 00000048          *              : divli.obj (.text)
                   00006913  [ 00003489+] 0000003f          *              : memcpy.obj (.text)
                   00006952  [ 000034a9 ] 0000003e          *              : exit.obj (.text)
                   00006990  [ 000034c8 ] 0000003c          *              : idiv.obj (.text)
                   000069cc  [ 000034e6 ] 00000034          *              : boot.obj (.text)
                   00006a00  [ 00003500 ] 0000002a          *              : fixdi.obj (.text)
                   00006a2a  [ 00003515 ] 0000002a          *              : udiv.obj (.text)
                   00006a54  [ 0000352a ] 00000023          *              : memccpy.obj (.text)
                   00006a77  [ 0000353b+] 0000001a          *              : isinf.obj (.text)
                   00006a91  [ 00003548+] 00000014          *              : subd.obj (.text)
                   00006aa5  [ 00003552+] 00000013          *              : lmpy.obj (.text)
                   00006ab8  [ 0000355c ] 00000012          *              : _lock.obj (.text)
                   00006aca  [ 00003565 ] 00000010          *              : negd.obj (.text)
                   00006ada  [ 0000356d ] 0000000e          *              : rewind.obj (.text)
                   00006ae8  [ 00003574 ] 0000000c          *              : fltid.obj (.text)
                   00006af4  [ 0000357a ] 0000000a          *              : remove.obj (.text)
                   00006afe  [ 0000357f ] 00000007          *              : exit.obj (.text:CIO_breakpoint)
                   00006b05  [ 00003582+] 00000002          *              : vectors.obj (.text)
                   00006b07  [ 00003583 ] 00000001          *   --HOLE-- [fill = 20]

.data        0   [ 000000c0 ]  00000060          *   00000000   UNINITIALIZED

.stack       0   [ 00006b08 ]  00003584          *   00001000   UNINITIALIZED
                 [ 00006b08 ]  00003584          *   00001000   --HOLE--

.sysmem      0   [ 00008b08 ]  00004584          *   00001000   UNINITIALIZED
                 [ 00008b08 ]  00004584          *   00001000   --HOLE--

.sysstack 
*            0   [ 0000ab08 ]  00005584          *   00000800   UNINITIALIZED
                 [ 0000ab08 ]  00005584          *   00000800   --HOLE--

.bss         0   [ 0000bb08 ]  00005d84          *   00000496   UNINITIALIZED
                 [ 0000bb08 ]  00005d84          *   0000022c   main.obj (.bss)
                 [ 0000bf60 ]  00005fb0          *   00000119   rts55x.lib : defs.obj (.bss)
                 [ 0000c192 ]  000060c9          *   000000d0              : trgdrv.obj (.bss)
                 [ 0000c332 ]  00006199          *   00000001              : errno.obj (.bss)
                 [ 0000c334 ]  0000619a          *   00000071              : lowlev.obj (.bss)
                 [ 0000c416 ]  0000620b          *   00000001              : fopen.obj (.bss)
                 [ 0000c418 ]  0000620c          *   00000006              : memory.obj (.bss)
                 [ 0000c424 ]  00006212          *   00000004              : _lock.obj (.bss)
                 [ 0000c42c ]  00006216          *   00000004              : exit.obj (.bss)

.const       0   [ 0000c434 ]  0000621a          *   000002e4   
                 [ 0000c434 ]  0000621a          *   00000138   main.obj (.const:.string)
                 [ 0000c6a4 ]  00006352          *   00000101   rts55x.lib : ctype.obj (.const:__ctypes_)
                 [ 0000c8a6 ]  00006453          *   00000001   --HOLE-- [fill = 0]
                 [ 0000c8a8 ]  00006454          *   00000024              : _printfi.obj (.const:.string)
                 [ 0000c8f0 ]  00006478          *   00000014              : strtod.obj (.const:_digits)
                 [ 0000c918 ]  0000648c          *   00000014              : strtold.obj (.const:_digits)
                 [ 0000c940 ]  000064a0          *   0000000c              : strtod.obj (.const:_powerof10)
                 [ 0000c958 ]  000064ac          *   0000000c              : strtold.obj (.const:_powerof10)
                 [ 0000c970 ]  000064b8          *   0000000c              : _printfi.obj (.const)
                 [ 0000c988 ]  000064c4          *   0000000c   tremolo.obj (.const)
                 [ 0000c9a0 ]  000064d0          *   00000008   rts55x.lib : divd.obj (.const:_initial_approx$1)
                 [ 0000c9b0 ]  000064d8          *   00000008              : strtod.obj (.const)
                 [ 0000c9c0 ]  000064e0          *   00000008              : strtold.obj (.const)
                 [ 0000c9d0 ]  000064e8          *   00000007              : _scanfi.obj (.const:_flit$1)
                 [ 0000c9de ]  000064ef          *   00000006              : _scanfi.obj (.const:_barr$2)
                 [ 0000c9ea ]  000064f5          *   00000001   --HOLE-- [fill = 0]
                 [ 0000c9ec ]  000064f6          *   00000002              : fputs.obj (.const:.string)
                 [ 0000c9f0 ]  000064f8          *   00000002   main.obj (.const)
                 [ 0000c9f4 ]  000064fa          *   00000002   rts55x.lib : fltlid.obj (.const)
                 [ 0000c9f8 ]  000064fc          *   00000002              : fltuld.obj (.const)

.cio         0   [ 0000ca00 ]  00006500          *   00000120   UNINITIALIZED
                 [ 0000ca00 ]  00006500          *   00000120   rts55x.lib : trgmsg.obj (.cio)

.cinit       0   [ 0000cc40 ]  00006620          *   00000078   
                 [ 0000cc40 ]  00006620          *   0000002d   rts55x.lib : lowlev.obj (.cinit)
                 [ 0000cc9a ]  0000664d          *   0000002a              : defs.obj (.cinit)
                 [ 0000ccee ]  00006677          *   0000000a              : _lock.obj (.cinit)
                 [ 0000cd02 ]  00006681          *   0000000a              : exit.obj (.cinit)
                 [ 0000cd16 ]  0000668b          *   00000004              : errno.obj (.cinit)
                 [ 0000cd1e ]  0000668f          *   00000004              : fopen.obj (.cinit)
                 [ 0000cd26 ]  00006693          *   00000004              : memory.obj (.cinit)
                 [ 0000cd2e ]  00006697          *   00000001   --HOLE-- [fill = 0]

vectors      0     0000cd30  [ 00006698 ] 00000100          *   NOLOAD SECTION
                   0000cd30  [ 00006698 ] 00000100          *   rts55x.lib : vectors.obj (vectors)


GLOBAL SYMBOLS: SORTED ALPHABETICALLY BY Name 

abs. value/
byte addr   word addr   name
---------   ---------   ----
00000002                $TI_capability$C5500$CallingConvention
00000002                $TI_capability$C5500$MemoryModel
00000001                $TI_capability_requires_rev2
            00005d84    .bss
            00000060    .data
000000c0                .text
00006aff                C$$EXIT
00005fb1                C$$IO$$
00006990                I$$DIV
00006aa5                I$$LMPY
000069af                I$$MOD
00006a2a                I$$UDIV
00006a3f                I$$UMOD
00002f4c                _HOSTclock
00002ee1                _HOSTclose
00002e2c                _HOSTlseek
00002d8d                _HOSTopen
00002d00                _HOSTread
00002c52                _HOSTrename
00002bf4                _HOSTtime
00002b8a                _HOSTunlink
00002afd                _HOSTwrite
0000cd30                _Reset
            00006500    __CIOBUF_
            00004584    __STACK_END
00002000                __STACK_SIZE
00002000                __SYSMEM_SIZE
00001000                __SYSSTACK_SIZE
00000001                __TI_args_main
ffffffff                ___binit__
            00005d84    ___bss__
ffffffff                ___c_args__
            00006620    ___cinit__
            00000060    ___data__
            00000060    ___edata__
            0000621a    ___end__
00006b08                ___etext__
00006a77                ___isinf
ffffffff                ___pinit__
000000c0                ___text__
00004904                __addd
00006835                __args_main
00005fb6                __buff_read
00004548                __cleanup
            00006216    __cleanup_ptr
0000552f                __cmpd
            00006352    __ctypes_
0000345f                __divd
00006990                __divi
000068cb                __divli
000048cf                __divlli
00006a2a                __divu
0000610a                __divul
000047db                __divull
00005e3a                __doflush
            00006218    __dtors_ptr
000054fb                __eqld
00006a00                __fixdi
00006533                __fixdli
00006ae8                __fltid
0000667a                __fltlid
0000673d                __fltuld
000063d8                __frcmpyd
0000644e                __frcmpyd_div
            000060c8    __ft_end
            00005fb0    __ftable
000054b1                __geqd
00005466                __gtrd
00005419                __leqd
            00006212    __lock
000053d1                __lssd
00005a1c                __mpyd
00006aa5                __mpyli
00004723                __mpylli
00006aca                __negd
0000539d                __neqd
00006ac8                __nop
00001422                __printfi
00005ddd                __rd_ok
00006ac0                __register_lock
00006ab8                __register_unlock
000069af                __remi
00006880                __remli
000046f4                __remlli
00006a3f                __remu
000064c1                __remul
000046a6                __remull
00002037                __scanfi
            00003584    __stack
00006a91                __subd
            00004584    __sys_memory
            00005584    __sysstack
            00006028    __tmpnams
            00006214    __unlock
00005d5d                __wrt_ok
00006afe                _abort
00002992                _add_device
00005009                _apply_tremolo
000066e1                _atoi
000067e8                _auto_init
000069cc                _c_int00
00003439                _calloc
00003431                _chkheap
0000291f                _close
            00006199    _errno
00006952                _exit
0000635d                _fclose
00005ea3                _fflush
000061ab                _fgetc
00002916                _find_registered_device
0000466b                _fopen
00006064                _fputc
00005758                _fputs
00005b68                _fread
00002faa                _free
000033db                _free_memory
000045a2                _freopen
000058f7                _fscanf
0000660f                _fseek
000051af                _fwrite
000061ab                _getc
00006237                _getchar
00002a82                _getenv
000028b0                _lseek
000062e0                _ltoa
0000382b                _main
000030db                _malloc
00003381                _max_free
00006a54                _memccpy
00006913                _memcpy
00003076                _minit
000027f1                _open
00006798                _printf
00006064                _putc
000060fb                _putchar
0000588d                _puts
00002743                _read
000065a2                _readmsg
000031d0                _realloc
00006af4                _remove
0000270d                _remove_device
000026b4                _rename
00006ada                _rewind
000058bb                _scanf
00005c77                _setvbuf
00003ecb                _strtod
00004da9                _strtol
00004188                _strtold
00003bca                _strtoll
00005587                _strtoul
00004b5e                _strtoull
            00005d84    _temp
00006246                _ungetc
00002681                _unlink
00003a3a                _wHeader
            00005f84    _waveHeader
0000253f                _write
00005efc                _writemsg
ffffffff                binit
            00006620    cinit
            00000060    edata
            0000621a    end
00006b08                etext
ffffffff                pinit


GLOBAL SYMBOLS: SORTED BY Symbol Address 

abs. value/
byte addr   word addr   name
---------   ---------   ----
00000001                $TI_capability_requires_rev2
00000001                __TI_args_main
00000002                $TI_capability$C5500$CallingConvention
00000002                $TI_capability$C5500$MemoryModel
            00000060    .data
000000c0                .text
            00000060    ___data__
            00000060    ___edata__
000000c0                ___text__
            00000060    edata
00001000                __SYSSTACK_SIZE
00001422                __printfi
00002000                __STACK_SIZE
00002000                __SYSMEM_SIZE
00002037                __scanfi
0000253f                _write
00002681                _unlink
000026b4                _rename
0000270d                _remove_device
00002743                _read
000027f1                _open
000028b0                _lseek
00002916                _find_registered_device
0000291f                _close
00002992                _add_device
00002a82                _getenv
00002afd                _HOSTwrite
00002b8a                _HOSTunlink
00002bf4                _HOSTtime
00002c52                _HOSTrename
00002d00                _HOSTread
00002d8d                _HOSTopen
00002e2c                _HOSTlseek
00002ee1                _HOSTclose
00002f4c                _HOSTclock
00002faa                _free
00003076                _minit
000030db                _malloc
000031d0                _realloc
00003381                _max_free
000033db                _free_memory
00003431                _chkheap
00003439                _calloc
0000345f                __divd
0000382b                _main
00003a3a                _wHeader
00003bca                _strtoll
00003ecb                _strtod
00004188                _strtold
00004548                __cleanup
000045a2                _freopen
0000466b                _fopen
000046a6                __remull
000046f4                __remlli
00004723                __mpylli
000047db                __divull
000048cf                __divlli
00004904                __addd
00004b5e                _strtoull
00004da9                _strtol
00005009                _apply_tremolo
000051af                _fwrite
0000539d                __neqd
000053d1                __lssd
00005419                __leqd
00005466                __gtrd
000054b1                __geqd
000054fb                __eqld
0000552f                __cmpd
00005587                _strtoul
00005758                _fputs
0000588d                _puts
000058bb                _scanf
000058f7                _fscanf
00005a1c                __mpyd
00005b68                _fread
00005c77                _setvbuf
00005d5d                __wrt_ok
00005ddd                __rd_ok
00005e3a                __doflush
00005ea3                _fflush
00005efc                _writemsg
00005fb1                C$$IO$$
00005fb6                __buff_read
00006064                _fputc
00006064                _putc
000060fb                _putchar
0000610a                __divul
000061ab                _fgetc
000061ab                _getc
00006237                _getchar
00006246                _ungetc
000062e0                _ltoa
0000635d                _fclose
000063d8                __frcmpyd
0000644e                __frcmpyd_div
000064c1                __remul
00006533                __fixdli
000065a2                _readmsg
0000660f                _fseek
0000667a                __fltlid
000066e1                _atoi
0000673d                __fltuld
00006798                _printf
000067e8                _auto_init
00006835                __args_main
00006880                __remli
000068cb                __divli
00006913                _memcpy
00006952                _exit
00006990                I$$DIV
00006990                __divi
000069af                I$$MOD
000069af                __remi
000069cc                _c_int00
00006a00                __fixdi
00006a2a                I$$UDIV
00006a2a                __divu
00006a3f                I$$UMOD
00006a3f                __remu
00006a54                _memccpy
00006a77                ___isinf
00006a91                __subd
00006aa5                I$$LMPY
00006aa5                __mpyli
00006ab8                __register_unlock
00006ac0                __register_lock
00006ac8                __nop
00006aca                __negd
00006ada                _rewind
00006ae8                __fltid
00006af4                _remove
00006afe                _abort
00006aff                C$$EXIT
00006b08                ___etext__
            00003584    __stack
00006b08                etext
            00004584    __STACK_END
            00004584    __sys_memory
            00005584    __sysstack
            00005d84    .bss
            00005d84    ___bss__
            00005d84    _temp
            00005f84    _waveHeader
            00005fb0    __ftable
            00006028    __tmpnams
            000060c8    __ft_end
            00006199    _errno
            00006212    __lock
            00006214    __unlock
            00006216    __cleanup_ptr
            00006218    __dtors_ptr
            0000621a    ___end__
            0000621a    end
            00006352    __ctypes_
            00006500    __CIOBUF_
            00006620    ___cinit__
            00006620    cinit
0000cd30                _Reset
ffffffff                ___binit__
ffffffff                ___c_args__
ffffffff                ___pinit__
ffffffff                binit
ffffffff                pinit

[164 symbols]
