******************************************************************************
              TMS320C55x Linker PC v4.4.1                      
******************************************************************************
>> Linked Sun Dec 15 17:55:02 2024

OUTPUT FILE NAME:   <Teste16.out>
ENTRY POINT SYMBOL: "_c_int00"  address: 00003d8e


MEMORY CONFIGURATION

         name            origin    length      used     unused   attr    fill
                        (bytes)   (bytes)    (bytes)   (bytes)
----------------------  --------  ---------  --------  --------  ----  --------
PAGE 0:
  MMR                   00000000   000000c0  00000000  000000c0  RWIX
  BTRSVD                000000c0   00000240  00000100  00000140  RWIX
  DARAM                 00000300   0000fb00  000061c4  0000993c  RWIX
  VECS                  0000fe00   00000200  00000100  00000100  RWIX
  CE0                   00010000   003f0000  00000000  003f0000  RWIX
  CE1                   00400000   00400000  00000000  00400000  RWIX
  CE2                   00800000   00400000  00000000  00400000  RWIX
  CE3                   00c00000   003f8000  00000000  003f8000  RWIX
  PDROM                 00ff8000   00008000  00000000  00008000  R IX

PAGE 2:
  IOPORT                00000000   00020000  00000000  00020000  RWI 


SECTION ALLOCATION MAP
(Addresses surrounded by []'s are displayed for convenience only!)

output                                                          attributes/
section   page  orgn(bytes) orgn(words) len(bytes) len(words)   input sections
--------  ----  ----------- ----------- ---------- ----------   --------------
vectors      0     000000c0  [ 00000060 ] 00000100          *   
                   000000c0  [ 00000060 ] 00000100          *   rts55x.lib : vectors.obj (vectors)

.stack       0   [ 00000300 ]  00000180          *   00001000   
                 [ 00000300 ]  00000180          *   00001000   --HOLE-- [fill = 00]

.data        0   [ 00000300 ]  00000180          *   00000000   

.pinit       0   [ 00000300 ]  00000180          *   00000000   

.text        0     00002300  [ 00001180 ] 00001b68          *   
                   00002300  [ 00001180 ] 000002c8          *   dma.obj (.text:retain)
                   000025c8  [ 000012e4 ] 00000261          *   csl5502x.lib : mcbsp_rst.obj (.text:MCBSP_reset)
                   00002829  [ 00001414+] 000001f1          *   dma.obj (.text)
                   00002a1a  [ 0000150d ] 00000002          *   rts55x.lib : vectors.obj (.text)
                   00002a1c  [ 0000150e ] 000001ca          *   csl5502x.lib : dma_reset.obj (.text:DMA_reset)
                   00002be6  [ 000015f3 ] 000001b8          *   aic3204.obj (.text)
                   00002d9e  [ 000016cf ] 00000002          *   vector.obj (.text)
                   00002da0  [ 000016d0 ] 0000018e          *   csl5502x.lib : i2c_write.obj (.text:I2C_write)
                   00002f2e  [ 00001797 ] 00000002          *   --HOLE-- [fill = 20]
                   00002f30  [ 00001798 ] 0000015d          *                : i2c_read.obj (.text:I2C_read)
                   0000308d  [ 00001846+] 0000014e          *   ezdsp5502bsl.lib : ezdsp5502_i2cgpio.obj (.text)
                   000031db  [ 000018ed ] 00000001          *   --HOLE-- [fill = 20]
                   000031dc  [ 000018ee ] 00000130          *   csl5502x.lib : mcbsp_cfg.obj (.text:MCBSP_config)
                   0000330c  [ 00001986 ] 0000010e          *                : dma_cfg.obj (.text:DMA_config)
                   0000341a  [ 00001a0d ] 00000002          *   --HOLE-- [fill = 20]
                   0000341c  [ 00001a0e ] 000000ee          *                : mcbsp_open.obj (.text:MCBSP_open)
                   0000350a  [ 00001a85 ] 000000ec          *   main.obj (.text)
                   000035f6  [ 00001afb ] 00000002          *   --HOLE-- [fill = 20]
                   000035f8  [ 00001afc ] 000000cb          *   csl5502x.lib : dma_open.obj (.text:DMA_open)
                   000036c3  [ 00001b61+] 000000ba          *   ezdsp5502bsl.lib : ezdsp5502_mcbsp.obj (.text)
                   0000377d  [ 00001bbe ] 00000003          *   --HOLE-- [fill = 20]
                   00003780  [ 00001bc0 ] 000000ae          *   csl5502x.lib : pll_cfg.obj (.text:PLL_config)
                   0000382e  [ 00001c17 ] 00000002          *   --HOLE-- [fill = 20]
                   00003830  [ 00001c18 ] 000000a8          *                : pll_setfrq.obj (.text)
                   000038d8  [ 00001c6c ] 00000089          *                : irq_pluga.obj (.text)
                   00003961  [ 00001cb0 ] 00000003          *   --HOLE-- [fill = 20]
                   00003964  [ 00001cb2 ] 00000082          *                : mcbsp_start.obj (.text:MCBSP_start)
                   000039e6  [ 00001cf3 ] 00000002          *   --HOLE-- [fill = 20]
                   000039e8  [ 00001cf4 ] 00000072          *                : i2c_cfg.obj (.text:I2C_config)
                   00003a5a  [ 00001d2d ] 00000002          *   --HOLE-- [fill = 20]
                   00003a5c  [ 00001d2e ] 0000006f          *                : irq_disa.obj (.text:IRQ_disable)
                   00003acb  [ 00001d65+] 0000006f          *   ezdsp5502bsl.lib : ezdsp5502.obj (.text)
                   00003b3a  [ 00001d9d ] 0000006d          *                    : ezdsp5502_i2c.obj (.text)
                   00003ba7  [ 00001dd3 ] 00000001          *   --HOLE-- [fill = 20]
                   00003ba8  [ 00001dd4 ] 00000068          *   csl5502x.lib : irq_enab.obj (.text:IRQ_enable)
                   00003c10  [ 00001e08 ] 0000004d          *   rts55x.lib : autoinit.obj (.text)
                   00003c5d  [ 00001e2e+] 0000004b          *              : args_main.obj (.text)
                   00003ca8  [ 00001e54 ] 0000003e          *              : exit.obj (.text)
                   00003ce6  [ 00001e73 ] 00000002          *   --HOLE-- [fill = 20]
                   00003ce8  [ 00001e74 ] 00000037          *   csl5502x.lib : irq_clear.obj (.text:IRQ_clear)
                   00003d1f  [ 00001e8f ] 00000001          *   --HOLE-- [fill = 20]
                   00003d20  [ 00001e90 ] 00000037          *                : irq_setvecs.obj (.text:IRQ_setVecs)
                   00003d57  [ 00001eab ] 00000001          *   --HOLE-- [fill = 20]
                   00003d58  [ 00001eac ] 00000036          *                : mcbsp_cls.obj (.text:MCBSP_close)
                   00003d8e  [ 00001ec7 ] 00000034          *   rts55x.lib : boot.obj (.text)
                   00003dc2  [ 00001ee1 ] 00000022          *   pll.obj (.text)
                   00003de4  [ 00001ef2 ] 00000012          *   rts55x.lib : _lock.obj (.text)
                   00003df6  [ 00001efb ] 00000002          *   --HOLE-- [fill = 20]
                   00003df8  [ 00001efc ] 0000000f          *   csl5502x.lib : irq_gdisab.obj (.text:IRQ_globalDisable)
                   00003e07  [ 00001f03 ] 00000001          *   --HOLE-- [fill = 20]
                   00003e08  [ 00001f04 ] 0000000f          *                : irq_genab.obj (.text:IRQ_globalEnable)
                   00003e17  [ 00001f0b ] 00000001          *   --HOLE-- [fill = 20]
                   00003e18  [ 00001f0c ] 0000000d          *                : _csl_init.obj (.text:_CSL_init)
                   00003e25  [ 00001f12 ] 00000003          *   --HOLE-- [fill = 20]
                   00003e28  [ 00001f14 ] 0000000c          *                : csl.obj (.text:CSL_init)
                   00003e34  [ 00001f1a ] 0000000c          *                : irq_grest.obj (.text:IRQ_globalRestore)
                   00003e40  [ 00001f20 ] 0000000c          *   dataMove.obj (.text)
                   00003e4c  [ 00001f26 ] 00000007          *   rts55x.lib : exit.obj (.text:CIO_breakpoint)
                   00003e53  [ 00001f29 ] 00000001          *   --HOLE-- [fill = 20]
                   00003e54  [ 00001f2a ] 00000007          *   csl5502x.lib : mcbsp_r16.obj (.text:MCBSP_read16)
                   00003e5b  [ 00001f2d ] 00000001          *   --HOLE-- [fill = 20]
                   00003e5c  [ 00001f2e ] 00000007          *                : mcbsp_w16.obj (.text:MCBSP_write16)
                   00003e63  [ 00001f31 ] 00000001          *   --HOLE-- [fill = 20]
                   00003e64  [ 00001f32 ] 00000002          *                : csl.obj (.text)
                   00003e66  [ 00001f33 ] 00000002          *   --HOLE-- [fill = 20]

.bss         0   [ 00003e80 ]  00001f40          *   0000086a   
                 [ 00003e80 ]  00001f40          *   00000800   main.obj (.bss) [fill = 00]
                 [ 00004e80 ]  00002740          *   00000055   dma.obj (.bss) [fill = 00]
                 [ 00004f2a ]  00002795          *   0000000a   pll.obj (.bss) [fill = 00]
                 [ 00004f3e ]  0000279f          *   00000001   --HOLE-- [fill = 00]
                 [ 00004f40 ]  000027a0          *   00000004   rts55x.lib : _lock.obj (.bss) [fill = 00]
                 [ 00004f48 ]  000027a4          *   00000004              : exit.obj (.bss) [fill = 00]
                 [ 00004f50 ]  000027a8          *   00000002   ezdsp5502bsl.lib : ezdsp5502_mcbsp.obj (.bss) [fill = 00]

.sysstack 
*            0   [ 00004f60 ]  000027b0          *   00000800   
                 [ 00004f60 ]  000027b0          *   00000800   --HOLE-- [fill = 00]

.cinit       0   [ 00005f60 ]  00002fb0          *   00000199   
                 [ 00005f60 ]  00002fb0          *   00000081   csl5502x.lib : csl_dmadat.obj (.cinit)
                 [ 00006062 ]  00003031          *   00000069                : csl_mcbspdat.obj (.cinit)
                 [ 00006134 ]  0000309a          *   00000068   dma.obj (.cinit)
                 [ 00006204 ]  00003102          *   00000025   csl5502x.lib : csl_csldat.obj (.cinit)
                 [ 0000624e ]  00003127          *   0000000d   pll.obj (.cinit)
                 [ 00006268 ]  00003134          *   0000000a   rts55x.lib : _lock.obj (.cinit)
                 [ 0000627c ]  0000313e          *   0000000a              : exit.obj (.cinit)
                 [ 00006290 ]  00003148          *   00000001   --HOLE-- [fill = 0]

.csldata     0   [ 000062c0 ]  00003160          *   00000106   
                 [ 000062c0 ]  00003160          *   0000007e   csl5502x.lib : csl_dmadat.obj (.csldata:DMA_data) [fill = 00]
                 [ 000063bc ]  000031de          *   00000066                : csl_mcbspdat.obj (.csldata:MCBSP_data) [fill = 00]
                 [ 00006488 ]  00003244          *   00000022                : csl_csldat.obj (.csldata:SYS_data) [fill = 00]

.const       0   [ 000064e0 ]  00003270          *   00000025   
                 [ 000064e0 ]  00003270          *   0000001b   ezdsp5502bsl.lib : ezdsp5502_mcbsp.obj (.const:_$P$T0$1)
                 [ 00006516 ]  0000328b          *   0000000a                    : ezdsp5502_i2c.obj (.const:_$P$T0$1)

.vectors     0     0000fe00  [ 00007f00 ] 00000100          *   
                   0000fe00  [ 00007f00 ] 00000100          *   vector.obj (.vectors)


GLOBAL SYMBOLS: SORTED ALPHABETICALLY BY Name 

abs. value/
byte addr   word addr   name
---------   ---------   ----
00000002                $TI_capability$C5500$CallingConvention
00000002                $TI_capability$C5500$MemoryModel
00000001                $TI_capability_requires_rev2
            00001f40    .bss
            00000180    .data
00002300                .text
00003e4d                C$$EXIT
00002c10                _AIC3204_init
00002be6                _AIC3204_rset
00003e64                _CSL5502_LIB_
            00003160    _CSL_DmaData
            000031de    _CSL_McbspData
            00003244    _CSL_SysData
00003e28                _CSL_init
0000330c                _DMA_config
000035f8                _DMA_open
00002a1c                _DMA_reset
0000308d                _EZDSP5502_I2CGPIO_configLine
00003164                _EZDSP5502_I2CGPIO_read
000030e0                _EZDSP5502_I2CGPIO_readLine
000031b1                _EZDSP5502_I2CGPIO_write
00003111                _EZDSP5502_I2CGPIO_writeLine
00003b3a                _EZDSP5502_I2C_init
00003b83                _EZDSP5502_I2C_read
00003b57                _EZDSP5502_I2C_reset
00003b61                _EZDSP5502_I2C_write
00003707                _EZDSP5502_MCBSP_close
000036c3                _EZDSP5502_MCBSP_init
00003749                _EZDSP5502_MCBSP_read
00003719                _EZDSP5502_MCBSP_write
00003b21                _EZDSP5502_init
00003adb                _EZDSP5502_wait
00003b0f                _EZDSP5502_waitusec
000039e8                _I2C_config
00002f30                _I2C_read
00002da0                _I2C_write
00003ce8                _IRQ_clear
00003a5c                _IRQ_disable
00003ba8                _IRQ_enable
00003df8                _IRQ_globalDisable
00003e08                _IRQ_globalEnable
00003e34                _IRQ_globalRestore
000038d8                _IRQ_plug
00003d20                _IRQ_setVecs
00003d58                _MCBSP_close
000031dc                _MCBSP_config
0000341c                _MCBSP_open
00003e54                _MCBSP_read16
000025c8                _MCBSP_reset
00003964                _MCBSP_start
00003e5c                _MCBSP_write16
00003780                _PLL_config
00003830                _PLL_setFreq
            00001f40    _RcvBuffer1
            00002140    _RcvBuffer2
000000c0                _Reset
0000fe00                _VECSTART
            00002340    _XmitBuffer1
            00002540    _XmitBuffer2
00003e18                __CSL_init
            00001180    __STACK_END
00002000                __STACK_SIZE
00001000                __SYSSTACK_SIZE
00000001                __TI_args_main
ffffffff                ___binit__
            00001f40    ___bss__
ffffffff                ___c_args__
            00002fb0    ___cinit__
            00000180    ___data__
            00000180    ___edata__
            000027aa    ___end__
00003e68                ___etext__
ffffffff                ___pinit__
00002300                ___text__
00003c5d                __args_main
            000027a4    __cleanup_ptr
            000027a6    __dtors_ptr
            000027a0    __lock
00003df4                __nop
00003dec                __register_lock
00003de4                __register_unlock
            00000180    __stack
            000027b0    __sysstack
            000027a2    __unlock
00003e4c                _abort
            000027a8    _aicMcbsp
00003c10                _auto_init
00003d8e                _c_int00
000028b4                _configAudioDma
            00002740    _counter
            00002793    _currentRxBuffer
            00002792    _currentTxBuffer
00003e40                _dataMove
0000245e                _dmaRcvIsr
            0000278e    _dmaReception
            0000276a    _dmaRx1Config
            0000277c    _dmaRx2Config
            00002790    _dmaTransmition
            00002746    _dmaTx1Config
            00002758    _dmaTx2Config
00002300                _dmaXmtIsr
00003ca8                _exit
00003dc2                _initPLL
            00002741    _isActive
0000350a                _main
            00002795    _myConfig
            00002744    _old_intm
            00002743    _rcvEventId
            00002794    _readyBuffer
000029ce                _startAudioDma
000029f8                _stopAudioDma
            00002745    _transferComplete
            00002742    _xmtEventId
ffffffff                binit
            00002fb0    cinit
            00000180    edata
            000027aa    end
00003e68                etext
0000fe10                int0
0000fe18                int1
0000fe60                int10
0000fe68                int11
0000fe70                int12
0000fe78                int13
0000fe80                int14
0000fe88                int15
0000fe90                int16
0000fe98                int17
0000fea0                int18
0000fea8                int19
0000fe20                int2
0000feb0                int20
0000feb8                int21
0000fec0                int22
0000fec8                int23
0000fed0                int24
0000fed8                int25
0000fee0                int26
0000fee8                int27
0000fef0                int28
0000fef8                int29
0000fe28                int3
0000fe30                int4
0000fe38                int5
0000fe40                int6
0000fe48                int7
0000fe50                int8
0000fe58                int9
0000fe08                nmi
00002d9e                no_isr
ffffffff                pinit


GLOBAL SYMBOLS: SORTED BY Symbol Address 

abs. value/
byte addr   word addr   name
---------   ---------   ----
00000001                $TI_capability_requires_rev2
00000001                __TI_args_main
00000002                $TI_capability$C5500$CallingConvention
00000002                $TI_capability$C5500$MemoryModel
000000c0                _Reset
            00000180    .data
            00000180    ___data__
            00000180    ___edata__
            00000180    __stack
            00000180    edata
00001000                __SYSSTACK_SIZE
00002000                __STACK_SIZE
00002300                .text
            00001180    __STACK_END
00002300                ___text__
00002300                _dmaXmtIsr
0000245e                _dmaRcvIsr
000025c8                _MCBSP_reset
000028b4                _configAudioDma
000029ce                _startAudioDma
000029f8                _stopAudioDma
00002a1c                _DMA_reset
00002be6                _AIC3204_rset
00002c10                _AIC3204_init
00002d9e                no_isr
00002da0                _I2C_write
00002f30                _I2C_read
0000308d                _EZDSP5502_I2CGPIO_configLine
000030e0                _EZDSP5502_I2CGPIO_readLine
00003111                _EZDSP5502_I2CGPIO_writeLine
00003164                _EZDSP5502_I2CGPIO_read
000031b1                _EZDSP5502_I2CGPIO_write
000031dc                _MCBSP_config
0000330c                _DMA_config
0000341c                _MCBSP_open
0000350a                _main
000035f8                _DMA_open
000036c3                _EZDSP5502_MCBSP_init
00003707                _EZDSP5502_MCBSP_close
00003719                _EZDSP5502_MCBSP_write
00003749                _EZDSP5502_MCBSP_read
00003780                _PLL_config
00003830                _PLL_setFreq
000038d8                _IRQ_plug
00003964                _MCBSP_start
000039e8                _I2C_config
00003a5c                _IRQ_disable
00003adb                _EZDSP5502_wait
00003b0f                _EZDSP5502_waitusec
00003b21                _EZDSP5502_init
00003b3a                _EZDSP5502_I2C_init
00003b57                _EZDSP5502_I2C_reset
00003b61                _EZDSP5502_I2C_write
00003b83                _EZDSP5502_I2C_read
00003ba8                _IRQ_enable
00003c10                _auto_init
00003c5d                __args_main
00003ca8                _exit
00003ce8                _IRQ_clear
00003d20                _IRQ_setVecs
00003d58                _MCBSP_close
00003d8e                _c_int00
00003dc2                _initPLL
00003de4                __register_unlock
00003dec                __register_lock
00003df4                __nop
00003df8                _IRQ_globalDisable
00003e08                _IRQ_globalEnable
00003e18                __CSL_init
00003e28                _CSL_init
00003e34                _IRQ_globalRestore
00003e40                _dataMove
00003e4c                _abort
00003e4d                C$$EXIT
00003e54                _MCBSP_read16
00003e5c                _MCBSP_write16
00003e64                _CSL5502_LIB_
00003e68                ___etext__
00003e68                etext
            00001f40    .bss
            00001f40    _RcvBuffer1
            00001f40    ___bss__
            00002140    _RcvBuffer2
            00002340    _XmitBuffer1
            00002540    _XmitBuffer2
            00002740    _counter
            00002741    _isActive
            00002742    _xmtEventId
            00002743    _rcvEventId
            00002744    _old_intm
            00002745    _transferComplete
            00002746    _dmaTx1Config
            00002758    _dmaTx2Config
            0000276a    _dmaRx1Config
            0000277c    _dmaRx2Config
            0000278e    _dmaReception
            00002790    _dmaTransmition
            00002792    _currentTxBuffer
            00002793    _currentRxBuffer
            00002794    _readyBuffer
            00002795    _myConfig
            000027a0    __lock
            000027a2    __unlock
            000027a4    __cleanup_ptr
            000027a6    __dtors_ptr
            000027a8    _aicMcbsp
            000027aa    ___end__
            000027aa    end
            000027b0    __sysstack
            00002fb0    ___cinit__
            00002fb0    cinit
            00003160    _CSL_DmaData
            000031de    _CSL_McbspData
            00003244    _CSL_SysData
0000fe00                _VECSTART
0000fe08                nmi
0000fe10                int0
0000fe18                int1
0000fe20                int2
0000fe28                int3
0000fe30                int4
0000fe38                int5
0000fe40                int6
0000fe48                int7
0000fe50                int8
0000fe58                int9
0000fe60                int10
0000fe68                int11
0000fe70                int12
0000fe78                int13
0000fe80                int14
0000fe88                int15
0000fe90                int16
0000fe98                int17
0000fea0                int18
0000fea8                int19
0000feb0                int20
0000feb8                int21
0000fec0                int22
0000fec8                int23
0000fed0                int24
0000fed8                int25
0000fee0                int26
0000fee8                int27
0000fef0                int28
0000fef8                int29
ffffffff                ___binit__
ffffffff                ___c_args__
ffffffff                ___pinit__
ffffffff                binit
ffffffff                pinit

[151 symbols]
