******************************************************************************
              TMS320C55x Linker PC v4.4.1                      
******************************************************************************
>> Linked Wed Nov 27 21:24:06 2024

OUTPUT FILE NAME:   <flanger.out>
ENTRY POINT SYMBOL: "_c_int00"  address: 00006cd3


MEMORY CONFIGURATION

         name            origin    length      used     unused   attr    fill
                        (bytes)   (bytes)    (bytes)   (bytes)
----------------------  --------  ---------  --------  --------  ----  --------
  MMR                   00000000   000000c0  00000000  000000c0  RW  
  DARAM                 000000c0   0000ff40  0000e4a3  00001a9d  RW  
  SARAM                 00030000   0001e000  00000000  0001e000  RW  
  SAROM_0               00fe0000   00008000  00000000  00008000  R  X
  SAROM_1               00fe8000   00008000  00000000  00008000  R  X
  SAROM_2               00ff0000   00008000  00000000  00008000  R  X
  SAROM_3               00ff8000   00008000  00000000  00008000  R  X


SECTION ALLOCATION MAP
(Addresses surrounded by []'s are displayed for convenience only!)

output                                                          attributes/
section   page  orgn(bytes) orgn(words) len(bytes) len(words)   input sections
--------  ----  ----------- ----------- ---------- ----------   --------------
.text        0     000000c0  [ 00000060 ] 00006d4f          *   
                   000000c0  [ 00000060 ] 000015a4          *   rts55x.lib : _printfi.obj (.text)
                   00001664  [ 00000b32 ] 00000edb          *              : _scanfi.obj (.text)
                   0000253f  [ 0000129f+] 00000543          *              : lowlev.obj (.text)
                   00002a82  [ 00001541 ] 00000528          *              : trgdrv.obj (.text)
                   00002faa  [ 000017d5 ] 000004b5          *              : memory.obj (.text)
                   0000345f  [ 00001a2f+] 00000415          *   flangerTest.obj (.text)
                   00003874  [ 00001c3a ] 000003cc          *   rts55x.lib : divd.obj (.text)
                   00003c40  [ 00001e20 ] 00000301          *              : strtoll.obj (.text)
                   00003f41  [ 00001fa0+] 000002bd          *              : strtod.obj (.text)
                   000041fe  [ 000020ff ] 0000029f          *              : strtold.obj (.text)
                   0000449d  [ 0000224e+] 0000027f          *              : fopen.obj (.text)
                   0000471c  [ 0000238e ] 0000025e          *              : llmpy.obj (.text)
                   0000497a  [ 000024bd ] 0000025a          *              : addd.obj (.text)
                   00004bd4  [ 000025ea ] 0000024b          *              : strtoull.obj (.text)
                   00004e1f  [ 0000270f+] 00000208          *              : strtol.obj (.text)
                   00005027  [ 00002813+] 000001f2          *              : sin.obj (.text)
                   00005219  [ 0000290c+] 000001ee          *              : fwrite.obj (.text)
                   00005407  [ 00002a03+] 000001ea          *              : cmpd.obj (.text)
                   000055f1  [ 00002af8+] 000001d1          *              : strtoul.obj (.text)
                   000057c2  [ 00002be1 ] 00000199          *   flanger.obj (.text)
                   0000595b  [ 00002cad+] 00000163          *   rts55x.lib : fputs.obj (.text)
                   00005abe  [ 00002d5f ] 00000161          *              : fscanf.obj (.text)
                   00005c1f  [ 00002e0f+] 0000014c          *              : mpyd.obj (.text)
                   00005d6b  [ 00002eb5+] 0000010f          *              : fread.obj (.text)
                   00005e7a  [ 00002f3d ] 000000e6          *              : setvbuf.obj (.text)
                   00005f60  [ 00002fb0 ] 000000dd          *              : _io_perm.obj (.text)
                   0000603d  [ 0000301e+] 000000c2          *              : fflush.obj (.text)
                   000060ff  [ 0000307f+] 000000bf          *              : modf.obj (.text)
                   000061be  [ 000030df ] 000000ba          *              : trgmsg.obj (.text:CIO_breakpoint)
                   00006278  [ 0000313c ] 000000ae          *              : _bufread.obj (.text)
                   00006326  [ 00003193 ] 000000a6          *              : fputc.obj (.text)
                   000063cc  [ 000031e6 ] 000000a1          *              : divul.obj (.text)
                   0000646d  [ 00003236+] 0000009b          *              : fgetc.obj (.text)
                   00006508  [ 00003284 ] 0000009a          *              : ungetc.obj (.text)
                   000065a2  [ 000032d1 ] 0000007d          *              : ltoa.obj (.text)
                   0000661f  [ 0000330f+] 0000007b          *              : fclose.obj (.text)
                   0000669a  [ 0000334d ] 00000076          *              : frcmpyd.obj (.text)
                   00006710  [ 00003388 ] 00000073          *              : frcmpyd_div.obj (.text)
                   00006783  [ 000033c1+] 00000072          *              : remul.obj (.text)
                   000067f5  [ 000033fa+] 0000006f          *              : fixdli.obj (.text)
                   00006864  [ 00003432 ] 0000006d          *              : trgmsg.obj (.text)
                   000068d1  [ 00003468+] 0000006b          *              : fseek.obj (.text)
                   0000693c  [ 0000349e ] 00000067          *              : fltlid.obj (.text)
                   000069a3  [ 000034d1+] 0000005f          *              : round.obj (.text)
                   00006a02  [ 00003501 ] 0000005c          *              : atoi.obj (.text)
                   00006a5e  [ 0000352f ] 00000050          *              : printf.obj (.text)
                   00006aae  [ 00003557 ] 0000004d          *              : autoinit.obj (.text)
                   00006afb  [ 0000357d+] 0000004b          *              : args_main.obj (.text)
                   00006b46  [ 000035a3 ] 0000004b          *              : remli.obj (.text)
                   00006b91  [ 000035c8+] 00000048          *              : divli.obj (.text)
                   00006bd9  [ 000035ec+] 00000041          *              : trunc.obj (.text)
                   00006c1a  [ 0000360d ] 0000003f          *              : memcpy.obj (.text)
                   00006c59  [ 0000362c+] 0000003e          *              : exit.obj (.text)
                   00006c97  [ 0000364b+] 0000003c          *              : idiv.obj (.text)
                   00006cd3  [ 00003669+] 00000034          *              : boot.obj (.text)
                   00006d07  [ 00003683+] 0000002a          *              : fixdi.obj (.text)
                   00006d31  [ 00003698+] 0000002a          *              : udiv.obj (.text)
                   00006d5b  [ 000036ad+] 00000023          *              : memccpy.obj (.text)
                   00006d7e  [ 000036bf ] 0000001a          *              : isinf.obj (.text)
                   00006d98  [ 000036cc ] 00000014          *              : subd.obj (.text)
                   00006dac  [ 000036d6 ] 00000013          *              : lmpy.obj (.text)
                   00006dbf  [ 000036df+] 00000012          *              : _lock.obj (.text)
                   00006dd1  [ 000036e8+] 00000010          *              : negd.obj (.text)
                   00006de1  [ 000036f0+] 0000000e          *              : rewind.obj (.text)
                   00006def  [ 000036f7+] 0000000c          *              : fltid.obj (.text)
                   00006dfb  [ 000036fd+] 0000000a          *              : remove.obj (.text)
                   00006e05  [ 00003702+] 00000007          *              : exit.obj (.text:CIO_breakpoint)
                   00006e0c  [ 00003706 ] 00000002          *              : vectors.obj (.text)
                   00006e0e  [ 00003707 ] 00000001          *   --HOLE-- [fill = 20]

.data        0   [ 000000c0 ]  00000060          *   00000000   UNINITIALIZED

.stack       0   [ 00006e10 ]  00003708          *   00001000   UNINITIALIZED
                 [ 00006e10 ]  00003708          *   00001000   --HOLE--

.sysmem      0   [ 00008e10 ]  00004708          *   00001000   UNINITIALIZED
                 [ 00008e10 ]  00004708          *   00001000   --HOLE--

.bss         0   [ 0000ae10 ]  00005708          *   00000eac   UNINITIALIZED
                 [ 0000ae10 ]  00005708          *   00000c3a   flangerTest.obj (.bss)
                 [ 0000c684 ]  00006342          *   00000119   rts55x.lib : defs.obj (.bss)
                 [ 0000c8b6 ]  0000645b          *   000000d0              : trgdrv.obj (.bss)
                 [ 0000ca56 ]  0000652b          *   00000001              : errno.obj (.bss)
                 [ 0000ca58 ]  0000652c          *   00000071              : lowlev.obj (.bss)
                 [ 0000cb3a ]  0000659d          *   00000001              : fopen.obj (.bss)
                 [ 0000cb3c ]  0000659e          *   00000008              : sin.obj (.bss)
                 [ 0000cb4c ]  000065a6          *   00000006              : memory.obj (.bss)
                 [ 0000cb58 ]  000065ac          *   00000004              : _lock.obj (.bss)
                 [ 0000cb60 ]  000065b0          *   00000004              : exit.obj (.bss)

.sysstack 
*            0   [ 0000cb68 ]  000065b4          *   00000800   UNINITIALIZED
                 [ 0000cb68 ]  000065b4          *   00000800   --HOLE--

.const       0   [ 0000db68 ]  00006db4          *   000002d6   
                 [ 0000db68 ]  00006db4          *   0000010d   flangerTest.obj (.const:.string)
                 [ 0000dd82 ]  00006ec1          *   00000101   rts55x.lib : ctype.obj (.const:__ctypes_)
                 [ 0000df84 ]  00006fc2          *   00000024              : _printfi.obj (.const:.string)
                 [ 0000dfcc ]  00006fe6          *   00000014              : strtod.obj (.const:_digits)
                 [ 0000dff4 ]  00006ffa          *   00000014              : strtold.obj (.const:_digits)
                 [ 0000e01c ]  0000700e          *   00000014              : sin.obj (.const)
                 [ 0000e044 ]  00007022          *   0000000c              : strtod.obj (.const:_powerof10)
                 [ 0000e05c ]  0000702e          *   0000000c              : strtold.obj (.const:_powerof10)
                 [ 0000e074 ]  0000703a          *   0000000c              : _printfi.obj (.const)
                 [ 0000e08c ]  00007046          *   00000008              : divd.obj (.const:_initial_approx$1)
                 [ 0000e09c ]  0000704e          *   00000008              : round.obj (.const)
                 [ 0000e0ac ]  00007056          *   00000008              : strtod.obj (.const)
                 [ 0000e0bc ]  0000705e          *   00000008              : strtold.obj (.const)
                 [ 0000e0cc ]  00007066          *   00000007              : _scanfi.obj (.const:_flit$1)
                 [ 0000e0da ]  0000706d          *   00000006              : _scanfi.obj (.const:_barr$2)
                 [ 0000e0e6 ]  00007073          *   00000001   --HOLE-- [fill = 0]
                 [ 0000e0e8 ]  00007074          *   00000006   flanger.obj (.const)
                 [ 0000e0f4 ]  0000707a          *   00000006   rts55x.lib : modf.obj (.const)
                 [ 0000e100 ]  00007080          *   00000004              : trunc.obj (.const)
                 [ 0000e108 ]  00007084          *   00000002              : fputs.obj (.const:.string)
                 [ 0000e10c ]  00007086          *   00000002   flangerTest.obj (.const)
                 [ 0000e110 ]  00007088          *   00000002   rts55x.lib : fltlid.obj (.const)

.cio         0   [ 0000e118 ]  0000708c          *   00000120   UNINITIALIZED
                 [ 0000e118 ]  0000708c          *   00000120   rts55x.lib : trgmsg.obj (.cio)

.cinit       0   [ 0000e358 ]  000071ac          *   00000088   
                 [ 0000e358 ]  000071ac          *   0000002d   rts55x.lib : lowlev.obj (.cinit)
                 [ 0000e3b2 ]  000071d9          *   0000002a              : defs.obj (.cinit)
                 [ 0000e406 ]  00007203          *   0000000b              : sin.obj (.cinit)
                 [ 0000e41c ]  0000720e          *   0000000a              : _lock.obj (.cinit)
                 [ 0000e430 ]  00007218          *   0000000a              : exit.obj (.cinit)
                 [ 0000e444 ]  00007222          *   00000005   flangerTest.obj (.cinit)
                 [ 0000e44e ]  00007227          *   00000004   rts55x.lib : errno.obj (.cinit)
                 [ 0000e456 ]  0000722b          *   00000004              : fopen.obj (.cinit)
                 [ 0000e45e ]  0000722f          *   00000004              : memory.obj (.cinit)
                 [ 0000e466 ]  00007233          *   00000001   --HOLE-- [fill = 0]

vectors      0     0000e468  [ 00007234 ] 00000100          *   NOLOAD SECTION
                   0000e468  [ 00007234 ] 00000100          *   rts55x.lib : vectors.obj (vectors)


GLOBAL SYMBOLS: SORTED ALPHABETICALLY BY Name 

abs. value/
byte addr   word addr   name
---------   ---------   ----
00000002                $TI_capability$C5500$CallingConvention
00000002                $TI_capability$C5500$MemoryModel
00000001                $TI_capability_requires_rev2
            00005708    .bss
            00000060    .data
000000c0                .text
00006e06                C$$EXIT
00006273                C$$IO$$
00006c97                I$$DIV
00006dac                I$$LMPY
00006cb6                I$$MOD
00006d31                I$$UDIV
00006d46                I$$UMOD
000057f3                _Flanger_process
000058ff                _Flanger_sweep
00002f4c                _HOSTclock
00002ee1                _HOSTclose
00002e2c                _HOSTlseek
00002d8d                _HOSTopen
00002d00                _HOSTread
00002c52                _HOSTrename
00002bf4                _HOSTtime
00002b8a                _HOSTunlink
00002afd                _HOSTwrite
0000e468                _Reset
            0000708c    __CIOBUF_
            00004708    __STACK_END
00002000                __STACK_SIZE
00002000                __SYSMEM_SIZE
00001000                __SYSSTACK_SIZE
00000001                __TI_args_main
ffffffff                ___binit__
            00005708    ___bss__
ffffffff                ___c_args__
            000071ac    ___cinit__
            00000060    ___data__
            00000060    ___edata__
            000065b4    ___end__
00006e0f                ___etext__
00006d7e                ___isinf
ffffffff                ___pinit__
000000c0                ___text__
0000497a                __addd
00006afb                __args_main
00006278                __buff_read
000045be                __cleanup
            000065b0    __cleanup_ptr
00005599                __cmpd
            00006ec1    __ctypes_
00003874                __divd
00006c97                __divi
00006b91                __divli
00004945                __divlli
00006d31                __divu
000063cc                __divul
00004851                __divull
0000603d                __doflush
            000065b2    __dtors_ptr
00005565                __eqld
00006d07                __fixdi
000067f5                __fixdli
00006def                __fltid
0000693c                __fltlid
0000669a                __frcmpyd
00006710                __frcmpyd_div
            0000645a    __ft_end
            00006342    __ftable
0000551b                __geqd
000054d0                __gtrd
00005483                __leqd
            000065ac    __lock
0000543b                __lssd
00005c1f                __mpyd
00006dac                __mpyli
00004799                __mpylli
00006dd1                __negd
00005407                __neqd
00006dcf                __nop
000069a3                __nround
00001422                __printfi
00005fe0                __rd_ok
00006dc7                __register_lock
00006dbf                __register_unlock
00006cb6                __remi
00006b46                __remli
0000476a                __remlli
00006d46                __remu
00006783                __remul
0000471c                __remull
00002037                __scanfi
            00003708    __stack
00006d98                __subd
            00004708    __sys_memory
            000065b4    __sysstack
            000063ba    __tmpnams
00006bd9                __trunc
            000065ae    __unlock
00005f60                __wrt_ok
00006e05                _abort
00002992                _add_device
00006a02                _atoi
00006aae                _auto_init
00006cd3                _c_int00
00003439                _calloc
00003431                _chkheap
0000291f                _close
            00005708    _d_buffer
            00006334    _depth
            0000652b    _errno
00006c59                _exit
0000661f                _fclose
000060a6                _fflush
0000646d                _fgetc
00002916                _find_registered_device
000057c2                _flangerInit
000046e1                _fopen
00006326                _fputc
0000595b                _fputs
00005d6b                _fread
00002faa                _free
000033db                _free_memory
00004618                _freopen
00005afa                _fscanf
000068d1                _fseek
00005219                _fwrite
0000646d                _getc
000064f9                _getchar
00002a82                _getenv
000028b0                _lseek
000065a2                _ltoa
0000345f                _main
000030db                _malloc
00003381                _max_free
00006d5b                _memccpy
00006c1a                _memcpy
00003076                _minit
000060ff                _modf
000027f1                _open
            00006336    _param
00006a5e                _printf
00006326                _putc
000063bd                _putchar
00005a90                _puts
00002743                _read
00006864                _readmsg
000031d0                _realloc
00006dfb                _remove
0000270d                _remove_device
000026b4                _rename
00006de1                _rewind
00005abe                _scanf
00005e7a                _setvbuf
00005027                _sin
00003f41                _strtod
00004e1f                _strtol
000041fe                _strtold
00003c40                _strtoll
000055f1                _strtoul
00004bd4                _strtoull
            00006340    _t
            00005b08    _temp
00006508                _ungetc
00002681                _unlink
000036e4                _wHeader
            00006308    _waveHeader
0000253f                _write
000061be                _writemsg
ffffffff                binit
            000071ac    cinit
            00000060    edata
            000065b4    end
00006e0f                etext
ffffffff                pinit


GLOBAL SYMBOLS: SORTED BY Symbol Address 

abs. value/
byte addr   word addr   name
---------   ---------   ----
00000001                $TI_capability_requires_rev2
00000001                __TI_args_main
00000002                $TI_capability$C5500$CallingConvention
00000002                $TI_capability$C5500$MemoryModel
            00000060    .data
000000c0                .text
            00000060    ___data__
            00000060    ___edata__
000000c0                ___text__
            00000060    edata
00001000                __SYSSTACK_SIZE
00001422                __printfi
00002000                __STACK_SIZE
00002000                __SYSMEM_SIZE
00002037                __scanfi
0000253f                _write
00002681                _unlink
000026b4                _rename
0000270d                _remove_device
00002743                _read
000027f1                _open
000028b0                _lseek
00002916                _find_registered_device
0000291f                _close
00002992                _add_device
00002a82                _getenv
00002afd                _HOSTwrite
00002b8a                _HOSTunlink
00002bf4                _HOSTtime
00002c52                _HOSTrename
00002d00                _HOSTread
00002d8d                _HOSTopen
00002e2c                _HOSTlseek
00002ee1                _HOSTclose
00002f4c                _HOSTclock
00002faa                _free
00003076                _minit
000030db                _malloc
000031d0                _realloc
00003381                _max_free
000033db                _free_memory
00003431                _chkheap
00003439                _calloc
0000345f                _main
000036e4                _wHeader
00003874                __divd
00003c40                _strtoll
00003f41                _strtod
000041fe                _strtold
000045be                __cleanup
00004618                _freopen
000046e1                _fopen
0000471c                __remull
0000476a                __remlli
00004799                __mpylli
00004851                __divull
00004945                __divlli
0000497a                __addd
00004bd4                _strtoull
00004e1f                _strtol
00005027                _sin
00005219                _fwrite
00005407                __neqd
0000543b                __lssd
00005483                __leqd
000054d0                __gtrd
0000551b                __geqd
00005565                __eqld
00005599                __cmpd
000055f1                _strtoul
000057c2                _flangerInit
000057f3                _Flanger_process
000058ff                _Flanger_sweep
0000595b                _fputs
00005a90                _puts
00005abe                _scanf
00005afa                _fscanf
00005c1f                __mpyd
00005d6b                _fread
00005e7a                _setvbuf
00005f60                __wrt_ok
00005fe0                __rd_ok
0000603d                __doflush
000060a6                _fflush
000060ff                _modf
000061be                _writemsg
00006273                C$$IO$$
00006278                __buff_read
00006326                _fputc
00006326                _putc
000063bd                _putchar
000063cc                __divul
0000646d                _fgetc
0000646d                _getc
000064f9                _getchar
00006508                _ungetc
000065a2                _ltoa
0000661f                _fclose
0000669a                __frcmpyd
00006710                __frcmpyd_div
00006783                __remul
000067f5                __fixdli
00006864                _readmsg
000068d1                _fseek
0000693c                __fltlid
000069a3                __nround
00006a02                _atoi
00006a5e                _printf
00006aae                _auto_init
00006afb                __args_main
00006b46                __remli
00006b91                __divli
00006bd9                __trunc
00006c1a                _memcpy
00006c59                _exit
00006c97                I$$DIV
00006c97                __divi
00006cb6                I$$MOD
00006cb6                __remi
00006cd3                _c_int00
00006d07                __fixdi
00006d31                I$$UDIV
00006d31                __divu
00006d46                I$$UMOD
00006d46                __remu
00006d5b                _memccpy
00006d7e                ___isinf
00006d98                __subd
00006dac                I$$LMPY
00006dac                __mpyli
00006dbf                __register_unlock
00006dc7                __register_lock
00006dcf                __nop
00006dd1                __negd
00006de1                _rewind
00006def                __fltid
00006dfb                _remove
00006e05                _abort
00006e06                C$$EXIT
00006e0f                ___etext__
00006e0f                etext
            00003708    __stack
            00004708    __STACK_END
            00004708    __sys_memory
            00005708    .bss
            00005708    ___bss__
            00005708    _d_buffer
            00005b08    _temp
            00006308    _waveHeader
            00006334    _depth
            00006336    _param
            00006340    _t
            00006342    __ftable
            000063ba    __tmpnams
            0000645a    __ft_end
            0000652b    _errno
            000065ac    __lock
            000065ae    __unlock
            000065b0    __cleanup_ptr
            000065b2    __dtors_ptr
            000065b4    ___end__
            000065b4    __sysstack
            000065b4    end
            00006ec1    __ctypes_
            0000708c    __CIOBUF_
            000071ac    ___cinit__
            000071ac    cinit
0000e468                _Reset
ffffffff                ___binit__
ffffffff                ___c_args__
ffffffff                ___pinit__
ffffffff                binit
ffffffff                pinit

[173 symbols]
