<?xml version="1.0"?>
<link_info>
   <banner>TMS320C55x Linker PC v4.4.1</banner>
   <copyright>Copyright (c) 1996-2012 Texas Instruments Incorporated</copyright>
   <link_time>0x67980e95</link_time>
   <output_file>Teste18.out</output_file>
   <entry_point>
      <name>_c_int00</name>
      <address>0x3542</address>
   </entry_point>
   <input_file_list>
      <input_file id="fl-2">
         <path>.\</path>
         <kind>object</kind>
         <file>aic3204.obj</file>
         <name>aic3204.obj</name>
      </input_file>
      <input_file id="fl-3">
         <path>.\</path>
         <kind>object</kind>
         <file>dataMove.obj</file>
         <name>dataMove.obj</name>
      </input_file>
      <input_file id="fl-4">
         <path>.\</path>
         <kind>object</kind>
         <file>dma.obj</file>
         <name>dma.obj</name>
      </input_file>
      <input_file id="fl-5">
         <path>.\</path>
         <kind>object</kind>
         <file>main.obj</file>
         <name>main.obj</name>
      </input_file>
      <input_file id="fl-6">
         <path>.\</path>
         <kind>object</kind>
         <file>pll.obj</file>
         <name>pll.obj</name>
      </input_file>
      <input_file id="fl-7">
         <path>.\</path>
         <kind>object</kind>
         <file>reverb.obj</file>
         <name>reverb.obj</name>
      </input_file>
      <input_file id="fl-8">
         <path>.\</path>
         <kind>object</kind>
         <file>tremolo.obj</file>
         <name>tremolo.obj</name>
      </input_file>
      <input_file id="fl-9">
         <path>.\</path>
         <kind>object</kind>
         <file>tremoloInt16.obj</file>
         <name>tremoloInt16.obj</name>
      </input_file>
      <input_file id="fl-a">
         <path>.\</path>
         <kind>object</kind>
         <file>vector.obj</file>
         <name>vector.obj</name>
      </input_file>
      <input_file id="fl-24">
         <path>C:\ti\ccsv7\tools\compiler\c5500_4.4.1\lib\</path>
         <kind>archive</kind>
         <file>rts55x.lib</file>
         <name>addd.obj</name>
      </input_file>
      <input_file id="fl-25">
         <path>C:\ti\ccsv7\tools\compiler\c5500_4.4.1\lib\</path>
         <kind>archive</kind>
         <file>rts55x.lib</file>
         <name>boot.obj</name>
      </input_file>
      <input_file id="fl-26">
         <path>C:\ti\ccsv7\tools\compiler\c5500_4.4.1\lib\</path>
         <kind>archive</kind>
         <file>rts55x.lib</file>
         <name>cmpd.obj</name>
      </input_file>
      <input_file id="fl-27">
         <path>C:\ti\ccsv7\tools\compiler\c5500_4.4.1\lib\</path>
         <kind>archive</kind>
         <file>rts55x.lib</file>
         <name>divd.obj</name>
      </input_file>
      <input_file id="fl-28">
         <path>C:\ti\ccsv7\tools\compiler\c5500_4.4.1\lib\</path>
         <kind>archive</kind>
         <file>rts55x.lib</file>
         <name>divli.obj</name>
      </input_file>
      <input_file id="fl-29">
         <path>C:\ti\ccsv7\tools\compiler\c5500_4.4.1\lib\</path>
         <kind>archive</kind>
         <file>rts55x.lib</file>
         <name>divul.obj</name>
      </input_file>
      <input_file id="fl-2a">
         <path>C:\ti\ccsv7\tools\compiler\c5500_4.4.1\lib\</path>
         <kind>archive</kind>
         <file>rts55x.lib</file>
         <name>exit.obj</name>
      </input_file>
      <input_file id="fl-2b">
         <path>C:\ti\ccsv7\tools\compiler\c5500_4.4.1\lib\</path>
         <kind>archive</kind>
         <file>rts55x.lib</file>
         <name>fixdi.obj</name>
      </input_file>
      <input_file id="fl-2c">
         <path>C:\ti\ccsv7\tools\compiler\c5500_4.4.1\lib\</path>
         <kind>archive</kind>
         <file>rts55x.lib</file>
         <name>fixdli.obj</name>
      </input_file>
      <input_file id="fl-2d">
         <path>C:\ti\ccsv7\tools\compiler\c5500_4.4.1\lib\</path>
         <kind>archive</kind>
         <file>rts55x.lib</file>
         <name>fltid.obj</name>
      </input_file>
      <input_file id="fl-2e">
         <path>C:\ti\ccsv7\tools\compiler\c5500_4.4.1\lib\</path>
         <kind>archive</kind>
         <file>rts55x.lib</file>
         <name>fltlid.obj</name>
      </input_file>
      <input_file id="fl-2f">
         <path>C:\ti\ccsv7\tools\compiler\c5500_4.4.1\lib\</path>
         <kind>archive</kind>
         <file>rts55x.lib</file>
         <name>fltuld.obj</name>
      </input_file>
      <input_file id="fl-30">
         <path>C:\ti\ccsv7\tools\compiler\c5500_4.4.1\lib\</path>
         <kind>archive</kind>
         <file>rts55x.lib</file>
         <name>frcmpyd_div.obj</name>
      </input_file>
      <input_file id="fl-31">
         <path>C:\ti\ccsv7\tools\compiler\c5500_4.4.1\lib\</path>
         <kind>archive</kind>
         <file>rts55x.lib</file>
         <name>lmpy.obj</name>
      </input_file>
      <input_file id="fl-32">
         <path>C:\ti\ccsv7\tools\compiler\c5500_4.4.1\lib\</path>
         <kind>archive</kind>
         <file>rts55x.lib</file>
         <name>memcpy.obj</name>
      </input_file>
      <input_file id="fl-33">
         <path>C:\ti\ccsv7\tools\compiler\c5500_4.4.1\lib\</path>
         <kind>archive</kind>
         <file>rts55x.lib</file>
         <name>memory.obj</name>
      </input_file>
      <input_file id="fl-34">
         <path>C:\ti\ccsv7\tools\compiler\c5500_4.4.1\lib\</path>
         <kind>archive</kind>
         <file>rts55x.lib</file>
         <name>memset.obj</name>
      </input_file>
      <input_file id="fl-35">
         <path>C:\ti\ccsv7\tools\compiler\c5500_4.4.1\lib\</path>
         <kind>archive</kind>
         <file>rts55x.lib</file>
         <name>mpyd.obj</name>
      </input_file>
      <input_file id="fl-36">
         <path>C:\ti\ccsv7\tools\compiler\c5500_4.4.1\lib\</path>
         <kind>archive</kind>
         <file>rts55x.lib</file>
         <name>negd.obj</name>
      </input_file>
      <input_file id="fl-37">
         <path>C:\ti\ccsv7\tools\compiler\c5500_4.4.1\lib\</path>
         <kind>archive</kind>
         <file>rts55x.lib</file>
         <name>subd.obj</name>
      </input_file>
      <input_file id="fl-38">
         <path>C:\ti\ccsv7\tools\compiler\c5500_4.4.1\lib\</path>
         <kind>archive</kind>
         <file>rts55x.lib</file>
         <name>vectors.obj</name>
      </input_file>
      <input_file id="fl-39">
         <path>C:\ti\ccsv7\tools\compiler\c5500_4.4.1\lib\</path>
         <kind>archive</kind>
         <file>rts55x.lib</file>
         <name>_lock.obj</name>
      </input_file>
      <input_file id="fl-3a">
         <path>C:\ti\ccsv7\tools\compiler\c5500_4.4.1\lib\</path>
         <kind>archive</kind>
         <file>rts55x.lib</file>
         <name>args_main.obj</name>
      </input_file>
      <input_file id="fl-3b">
         <path>C:\ti\ccsv7\tools\compiler\c5500_4.4.1\lib\</path>
         <kind>archive</kind>
         <file>rts55x.lib</file>
         <name>autoinit.obj</name>
      </input_file>
      <input_file id="fl-3c">
         <path>C:\ti\ccsv7\tools\compiler\c5500_4.4.1\lib\</path>
         <kind>archive</kind>
         <file>rts55x.lib</file>
         <name>frcmpyd.obj</name>
      </input_file>
      <input_file id="fl-3d">
         <path>C:\ti\ezdsp5502_v1\lib\</path>
         <kind>archive</kind>
         <file>ezdsp5502bsl.lib</file>
         <name>ezdsp5502.obj</name>
      </input_file>
      <input_file id="fl-3e">
         <path>C:\ti\ezdsp5502_v1\lib\</path>
         <kind>archive</kind>
         <file>ezdsp5502bsl.lib</file>
         <name>ezdsp5502_i2c.obj</name>
      </input_file>
      <input_file id="fl-3f">
         <path>C:\ti\ezdsp5502_v1\lib\</path>
         <kind>archive</kind>
         <file>ezdsp5502bsl.lib</file>
         <name>ezdsp5502_i2cgpio.obj</name>
      </input_file>
      <input_file id="fl-40">
         <path>C:\ti\ezdsp5502_v1\lib\</path>
         <kind>archive</kind>
         <file>ezdsp5502bsl.lib</file>
         <name>ezdsp5502_mcbsp.obj</name>
      </input_file>
      <input_file id="fl-41">
         <path>C:\ti\ezdsp5502_v1\C55xxCSL\lib\</path>
         <kind>archive</kind>
         <file>csl5502x.lib</file>
         <name>_csl_init.obj</name>
      </input_file>
      <input_file id="fl-42">
         <path>C:\ti\ezdsp5502_v1\C55xxCSL\lib\</path>
         <kind>archive</kind>
         <file>csl5502x.lib</file>
         <name>csl.obj</name>
      </input_file>
      <input_file id="fl-43">
         <path>C:\ti\ezdsp5502_v1\C55xxCSL\lib\</path>
         <kind>archive</kind>
         <file>csl5502x.lib</file>
         <name>csl_csldat.obj</name>
      </input_file>
      <input_file id="fl-44">
         <path>C:\ti\ezdsp5502_v1\C55xxCSL\lib\</path>
         <kind>archive</kind>
         <file>csl5502x.lib</file>
         <name>dma_cfg.obj</name>
      </input_file>
      <input_file id="fl-45">
         <path>C:\ti\ezdsp5502_v1\C55xxCSL\lib\</path>
         <kind>archive</kind>
         <file>csl5502x.lib</file>
         <name>dma_open.obj</name>
      </input_file>
      <input_file id="fl-46">
         <path>C:\ti\ezdsp5502_v1\C55xxCSL\lib\</path>
         <kind>archive</kind>
         <file>csl5502x.lib</file>
         <name>dma_reset.obj</name>
      </input_file>
      <input_file id="fl-47">
         <path>C:\ti\ezdsp5502_v1\C55xxCSL\lib\</path>
         <kind>archive</kind>
         <file>csl5502x.lib</file>
         <name>i2c_cfg.obj</name>
      </input_file>
      <input_file id="fl-48">
         <path>C:\ti\ezdsp5502_v1\C55xxCSL\lib\</path>
         <kind>archive</kind>
         <file>csl5502x.lib</file>
         <name>i2c_read.obj</name>
      </input_file>
      <input_file id="fl-49">
         <path>C:\ti\ezdsp5502_v1\C55xxCSL\lib\</path>
         <kind>archive</kind>
         <file>csl5502x.lib</file>
         <name>i2c_write.obj</name>
      </input_file>
      <input_file id="fl-4a">
         <path>C:\ti\ezdsp5502_v1\C55xxCSL\lib\</path>
         <kind>archive</kind>
         <file>csl5502x.lib</file>
         <name>irq_clear.obj</name>
      </input_file>
      <input_file id="fl-4b">
         <path>C:\ti\ezdsp5502_v1\C55xxCSL\lib\</path>
         <kind>archive</kind>
         <file>csl5502x.lib</file>
         <name>irq_disa.obj</name>
      </input_file>
      <input_file id="fl-4c">
         <path>C:\ti\ezdsp5502_v1\C55xxCSL\lib\</path>
         <kind>archive</kind>
         <file>csl5502x.lib</file>
         <name>irq_enab.obj</name>
      </input_file>
      <input_file id="fl-4d">
         <path>C:\ti\ezdsp5502_v1\C55xxCSL\lib\</path>
         <kind>archive</kind>
         <file>csl5502x.lib</file>
         <name>irq_gdisab.obj</name>
      </input_file>
      <input_file id="fl-4e">
         <path>C:\ti\ezdsp5502_v1\C55xxCSL\lib\</path>
         <kind>archive</kind>
         <file>csl5502x.lib</file>
         <name>irq_genab.obj</name>
      </input_file>
      <input_file id="fl-4f">
         <path>C:\ti\ezdsp5502_v1\C55xxCSL\lib\</path>
         <kind>archive</kind>
         <file>csl5502x.lib</file>
         <name>irq_grest.obj</name>
      </input_file>
      <input_file id="fl-50">
         <path>C:\ti\ezdsp5502_v1\C55xxCSL\lib\</path>
         <kind>archive</kind>
         <file>csl5502x.lib</file>
         <name>irq_pluga.obj</name>
      </input_file>
      <input_file id="fl-51">
         <path>C:\ti\ezdsp5502_v1\C55xxCSL\lib\</path>
         <kind>archive</kind>
         <file>csl5502x.lib</file>
         <name>irq_setvecs.obj</name>
      </input_file>
      <input_file id="fl-52">
         <path>C:\ti\ezdsp5502_v1\C55xxCSL\lib\</path>
         <kind>archive</kind>
         <file>csl5502x.lib</file>
         <name>mcbsp_cfg.obj</name>
      </input_file>
      <input_file id="fl-53">
         <path>C:\ti\ezdsp5502_v1\C55xxCSL\lib\</path>
         <kind>archive</kind>
         <file>csl5502x.lib</file>
         <name>mcbsp_cls.obj</name>
      </input_file>
      <input_file id="fl-54">
         <path>C:\ti\ezdsp5502_v1\C55xxCSL\lib\</path>
         <kind>archive</kind>
         <file>csl5502x.lib</file>
         <name>mcbsp_open.obj</name>
      </input_file>
      <input_file id="fl-55">
         <path>C:\ti\ezdsp5502_v1\C55xxCSL\lib\</path>
         <kind>archive</kind>
         <file>csl5502x.lib</file>
         <name>mcbsp_r16.obj</name>
      </input_file>
      <input_file id="fl-56">
         <path>C:\ti\ezdsp5502_v1\C55xxCSL\lib\</path>
         <kind>archive</kind>
         <file>csl5502x.lib</file>
         <name>mcbsp_rst.obj</name>
      </input_file>
      <input_file id="fl-57">
         <path>C:\ti\ezdsp5502_v1\C55xxCSL\lib\</path>
         <kind>archive</kind>
         <file>csl5502x.lib</file>
         <name>mcbsp_start.obj</name>
      </input_file>
      <input_file id="fl-58">
         <path>C:\ti\ezdsp5502_v1\C55xxCSL\lib\</path>
         <kind>archive</kind>
         <file>csl5502x.lib</file>
         <name>mcbsp_w16.obj</name>
      </input_file>
      <input_file id="fl-59">
         <path>C:\ti\ezdsp5502_v1\C55xxCSL\lib\</path>
         <kind>archive</kind>
         <file>csl5502x.lib</file>
         <name>pll_cfg.obj</name>
      </input_file>
      <input_file id="fl-5a">
         <path>C:\ti\ezdsp5502_v1\C55xxCSL\lib\</path>
         <kind>archive</kind>
         <file>csl5502x.lib</file>
         <name>pll_setfrq.obj</name>
      </input_file>
      <input_file id="fl-5b">
         <path>C:\ti\ezdsp5502_v1\C55xxCSL\lib\</path>
         <kind>archive</kind>
         <file>csl5502x.lib</file>
         <name>csl_dmadat.obj</name>
      </input_file>
      <input_file id="fl-5c">
         <path>C:\ti\ezdsp5502_v1\C55xxCSL\lib\</path>
         <kind>archive</kind>
         <file>csl5502x.lib</file>
         <name>csl_mcbspdat.obj</name>
      </input_file>
   </input_file_list>
   <object_component_list>
      <object_component id="oc-8d">
         <name>.text</name>
         <load_address>0x300</load_address>
         <run_address>0x300</run_address>
         <size>0x4b5</size>
         <input_file_ref idref="fl-33"/>
      </object_component>
      <object_component id="oc-58">
         <name>.text</name>
         <load_address>0x7b5</load_address>
         <run_address>0x7b5</run_address>
         <size>0x3cc</size>
         <input_file_ref idref="fl-27"/>
      </object_component>
      <object_component id="oc-34">
         <name>.text</name>
         <load_address>0xb81</load_address>
         <run_address>0xb81</run_address>
         <size>0x3bb</size>
         <input_file_ref idref="fl-7"/>
      </object_component>
      <object_component id="oc-1e">
         <name>.text</name>
         <load_address>0xf3c</load_address>
         <run_address>0xf3c</run_address>
         <size>0x2be</size>
         <input_file_ref idref="fl-4"/>
      </object_component>
      <object_component id="oc-a4">
         <name>.text</name>
         <load_address>0x11fa</load_address>
         <run_address>0x11fa</run_address>
         <size>0x2</size>
         <input_file_ref idref="fl-38"/>
      </object_component>
      <object_component id="oc-e6">
         <name>.text:MCBSP_reset</name>
         <load_address>0x11fc</load_address>
         <run_address>0x11fc</run_address>
         <size>0x261</size>
         <input_file_ref idref="fl-56"/>
      </object_component>
      <object_component id="oc-4c">
         <name>.text</name>
         <load_address>0x145d</load_address>
         <run_address>0x145d</run_address>
         <size>0x25a</size>
         <input_file_ref idref="fl-24"/>
      </object_component>
      <object_component id="oc-3a">
         <name>.text</name>
         <load_address>0x16b7</load_address>
         <run_address>0x16b7</run_address>
         <size>0x24c</size>
         <input_file_ref idref="fl-8"/>
      </object_component>
      <object_component id="oc-54">
         <name>.text</name>
         <load_address>0x1903</load_address>
         <run_address>0x1903</run_address>
         <size>0x1ea</size>
         <input_file_ref idref="fl-26"/>
      </object_component>
      <object_component id="oc-47">
         <name>.text</name>
         <load_address>0x1aed</load_address>
         <run_address>0x1aed</run_address>
         <size>0x2</size>
         <input_file_ref idref="fl-a"/>
      </object_component>
      <object_component id="oc-d6">
         <name>.text:DMA_reset</name>
         <load_address>0x1af0</load_address>
         <run_address>0x1af0</run_address>
         <size>0x1ca</size>
         <input_file_ref idref="fl-46"/>
      </object_component>
      <object_component id="oc-41">
         <name>.text</name>
         <load_address>0x1cba</load_address>
         <run_address>0x1cba</run_address>
         <size>0x1c8</size>
         <input_file_ref idref="fl-9"/>
      </object_component>
      <object_component id="oc-15">
         <name>.text</name>
         <load_address>0x1e82</load_address>
         <run_address>0x1e82</run_address>
         <size>0x1b8</size>
         <input_file_ref idref="fl-2"/>
      </object_component>
      <object_component id="oc-d9">
         <name>.text:I2C_write</name>
         <load_address>0x203c</load_address>
         <run_address>0x203c</run_address>
         <size>0x18e</size>
         <input_file_ref idref="fl-49"/>
      </object_component>
      <object_component id="oc-23">
         <name>.text:retain</name>
         <load_address>0x21ca</load_address>
         <run_address>0x21ca</run_address>
         <size>0x17a</size>
         <input_file_ref idref="fl-4"/>
      </object_component>
      <object_component id="oc-d8">
         <name>.text:I2C_read</name>
         <load_address>0x2344</load_address>
         <run_address>0x2344</run_address>
         <size>0x15d</size>
         <input_file_ref idref="fl-48"/>
      </object_component>
      <object_component id="oc-c4">
         <name>.text</name>
         <load_address>0x24a1</load_address>
         <run_address>0x24a1</run_address>
         <size>0x14e</size>
         <input_file_ref idref="fl-3f"/>
      </object_component>
      <object_component id="oc-98">
         <name>.text</name>
         <load_address>0x25ef</load_address>
         <run_address>0x25ef</run_address>
         <size>0x14c</size>
         <input_file_ref idref="fl-35"/>
      </object_component>
      <object_component id="oc-e2">
         <name>.text:MCBSP_config</name>
         <load_address>0x273c</load_address>
         <run_address>0x273c</run_address>
         <size>0x130</size>
         <input_file_ref idref="fl-52"/>
      </object_component>
      <object_component id="oc-d4">
         <name>.text:DMA_config</name>
         <load_address>0x286c</load_address>
         <run_address>0x286c</run_address>
         <size>0x10e</size>
         <input_file_ref idref="fl-44"/>
      </object_component>
      <object_component id="oc-e4">
         <name>.text:MCBSP_open</name>
         <load_address>0x297c</load_address>
         <run_address>0x297c</run_address>
         <size>0xee</size>
         <input_file_ref idref="fl-54"/>
      </object_component>
      <object_component id="oc-d5">
         <name>.text:DMA_open</name>
         <load_address>0x2a6c</load_address>
         <run_address>0x2a6c</run_address>
         <size>0xcb</size>
         <input_file_ref idref="fl-45"/>
      </object_component>
      <object_component id="oc-c9">
         <name>.text</name>
         <load_address>0x2b37</load_address>
         <run_address>0x2b37</run_address>
         <size>0xba</size>
         <input_file_ref idref="fl-40"/>
      </object_component>
      <object_component id="oc-e9">
         <name>.text:PLL_config</name>
         <load_address>0x2bf4</load_address>
         <run_address>0x2bf4</run_address>
         <size>0xae</size>
         <input_file_ref idref="fl-59"/>
      </object_component>
      <object_component id="oc-ea">
         <name>.text</name>
         <load_address>0x2ca4</load_address>
         <run_address>0x2ca4</run_address>
         <size>0xa8</size>
         <input_file_ref idref="fl-5a"/>
      </object_component>
      <object_component id="oc-60">
         <name>.text</name>
         <load_address>0x2d4c</load_address>
         <run_address>0x2d4c</run_address>
         <size>0xa1</size>
         <input_file_ref idref="fl-29"/>
      </object_component>
      <object_component id="oc-e0">
         <name>.text</name>
         <load_address>0x2ded</load_address>
         <run_address>0x2ded</run_address>
         <size>0x89</size>
         <input_file_ref idref="fl-50"/>
      </object_component>
      <object_component id="oc-e7">
         <name>.text:MCBSP_start</name>
         <load_address>0x2e78</load_address>
         <run_address>0x2e78</run_address>
         <size>0x82</size>
         <input_file_ref idref="fl-57"/>
      </object_component>
      <object_component id="oc-b6">
         <name>.text</name>
         <load_address>0x2efa</load_address>
         <run_address>0x2efa</run_address>
         <size>0x76</size>
         <input_file_ref idref="fl-3c"/>
      </object_component>
      <object_component id="oc-81">
         <name>.text</name>
         <load_address>0x2f70</load_address>
         <run_address>0x2f70</run_address>
         <size>0x73</size>
         <input_file_ref idref="fl-30"/>
      </object_component>
      <object_component id="oc-d7">
         <name>.text:I2C_config</name>
         <load_address>0x2fe4</load_address>
         <run_address>0x2fe4</run_address>
         <size>0x72</size>
         <input_file_ref idref="fl-47"/>
      </object_component>
      <object_component id="oc-db">
         <name>.text:IRQ_disable</name>
         <load_address>0x3058</load_address>
         <run_address>0x3058</run_address>
         <size>0x6f</size>
         <input_file_ref idref="fl-4b"/>
      </object_component>
      <object_component id="oc-ba">
         <name>.text</name>
         <load_address>0x30c7</load_address>
         <run_address>0x30c7</run_address>
         <size>0x6f</size>
         <input_file_ref idref="fl-3d"/>
      </object_component>
      <object_component id="oc-6f">
         <name>.text</name>
         <load_address>0x3136</load_address>
         <run_address>0x3136</run_address>
         <size>0x6f</size>
         <input_file_ref idref="fl-2c"/>
      </object_component>
      <object_component id="oc-bf">
         <name>.text</name>
         <load_address>0x31a5</load_address>
         <run_address>0x31a5</run_address>
         <size>0x6d</size>
         <input_file_ref idref="fl-3e"/>
      </object_component>
      <object_component id="oc-dc">
         <name>.text:IRQ_enable</name>
         <load_address>0x3214</load_address>
         <run_address>0x3214</run_address>
         <size>0x68</size>
         <input_file_ref idref="fl-4c"/>
      </object_component>
      <object_component id="oc-77">
         <name>.text</name>
         <load_address>0x327c</load_address>
         <run_address>0x327c</run_address>
         <size>0x67</size>
         <input_file_ref idref="fl-2e"/>
      </object_component>
      <object_component id="oc-7c">
         <name>.text</name>
         <load_address>0x32e3</load_address>
         <run_address>0x32e3</run_address>
         <size>0x5b</size>
         <input_file_ref idref="fl-2f"/>
      </object_component>
      <object_component id="oc-b2">
         <name>.text</name>
         <load_address>0x333e</load_address>
         <run_address>0x333e</run_address>
         <size>0x4d</size>
         <input_file_ref idref="fl-3b"/>
      </object_component>
      <object_component id="oc-ae">
         <name>.text</name>
         <load_address>0x338b</load_address>
         <run_address>0x338b</run_address>
         <size>0x4b</size>
         <input_file_ref idref="fl-3a"/>
      </object_component>
      <object_component id="oc-5c">
         <name>.text</name>
         <load_address>0x33d6</load_address>
         <run_address>0x33d6</run_address>
         <size>0x48</size>
         <input_file_ref idref="fl-28"/>
      </object_component>
      <object_component id="oc-89">
         <name>.text</name>
         <load_address>0x341e</load_address>
         <run_address>0x341e</run_address>
         <size>0x3f</size>
         <input_file_ref idref="fl-32"/>
      </object_component>
      <object_component id="oc-64">
         <name>.text</name>
         <load_address>0x345d</load_address>
         <run_address>0x345d</run_address>
         <size>0x3e</size>
         <input_file_ref idref="fl-2a"/>
      </object_component>
      <object_component id="oc-da">
         <name>.text:IRQ_clear</name>
         <load_address>0x349c</load_address>
         <run_address>0x349c</run_address>
         <size>0x37</size>
         <input_file_ref idref="fl-4a"/>
      </object_component>
      <object_component id="oc-e1">
         <name>.text:IRQ_setVecs</name>
         <load_address>0x34d4</load_address>
         <run_address>0x34d4</run_address>
         <size>0x37</size>
         <input_file_ref idref="fl-51"/>
      </object_component>
      <object_component id="oc-e3">
         <name>.text:MCBSP_close</name>
         <load_address>0x350c</load_address>
         <run_address>0x350c</run_address>
         <size>0x36</size>
         <input_file_ref idref="fl-53"/>
      </object_component>
      <object_component id="oc-13">
         <name>.text</name>
         <load_address>0x3542</load_address>
         <run_address>0x3542</run_address>
         <size>0x34</size>
         <input_file_ref idref="fl-25"/>
      </object_component>
      <object_component id="oc-6b">
         <name>.text</name>
         <load_address>0x3576</load_address>
         <run_address>0x3576</run_address>
         <size>0x2a</size>
         <input_file_ref idref="fl-2b"/>
      </object_component>
      <object_component id="oc-2d">
         <name>.text</name>
         <load_address>0x35a0</load_address>
         <run_address>0x35a0</run_address>
         <size>0x22</size>
         <input_file_ref idref="fl-6"/>
      </object_component>
      <object_component id="oc-28">
         <name>.text</name>
         <load_address>0x35c2</load_address>
         <run_address>0x35c2</run_address>
         <size>0x18</size>
         <input_file_ref idref="fl-5"/>
      </object_component>
      <object_component id="oc-a0">
         <name>.text</name>
         <load_address>0x35da</load_address>
         <run_address>0x35da</run_address>
         <size>0x14</size>
         <input_file_ref idref="fl-37"/>
      </object_component>
      <object_component id="oc-85">
         <name>.text</name>
         <load_address>0x35ee</load_address>
         <run_address>0x35ee</run_address>
         <size>0x13</size>
         <input_file_ref idref="fl-31"/>
      </object_component>
      <object_component id="oc-a8">
         <name>.text</name>
         <load_address>0x3601</load_address>
         <run_address>0x3601</run_address>
         <size>0x12</size>
         <input_file_ref idref="fl-39"/>
      </object_component>
      <object_component id="oc-94">
         <name>.text</name>
         <load_address>0x3613</load_address>
         <run_address>0x3613</run_address>
         <size>0x11</size>
         <input_file_ref idref="fl-34"/>
      </object_component>
      <object_component id="oc-9c">
         <name>.text</name>
         <load_address>0x3624</load_address>
         <run_address>0x3624</run_address>
         <size>0x10</size>
         <input_file_ref idref="fl-36"/>
      </object_component>
      <object_component id="oc-dd">
         <name>.text:IRQ_globalDisable</name>
         <load_address>0x3634</load_address>
         <run_address>0x3634</run_address>
         <size>0xf</size>
         <input_file_ref idref="fl-4d"/>
      </object_component>
      <object_component id="oc-de">
         <name>.text:IRQ_globalEnable</name>
         <load_address>0x3644</load_address>
         <run_address>0x3644</run_address>
         <size>0xf</size>
         <input_file_ref idref="fl-4e"/>
      </object_component>
      <object_component id="oc-cf">
         <name>.text:_CSL_init</name>
         <load_address>0x3654</load_address>
         <run_address>0x3654</run_address>
         <size>0xd</size>
         <input_file_ref idref="fl-41"/>
      </object_component>
      <object_component id="oc-d1">
         <name>.text:CSL_init</name>
         <load_address>0x3664</load_address>
         <run_address>0x3664</run_address>
         <size>0xc</size>
         <input_file_ref idref="fl-42"/>
      </object_component>
      <object_component id="oc-df">
         <name>.text:IRQ_globalRestore</name>
         <load_address>0x3670</load_address>
         <run_address>0x3670</run_address>
         <size>0xc</size>
         <input_file_ref idref="fl-4f"/>
      </object_component>
      <object_component id="oc-1a">
         <name>.text</name>
         <load_address>0x367c</load_address>
         <run_address>0x367c</run_address>
         <size>0xc</size>
         <input_file_ref idref="fl-3"/>
      </object_component>
      <object_component id="oc-73">
         <name>.text</name>
         <load_address>0x3688</load_address>
         <run_address>0x3688</run_address>
         <size>0xc</size>
         <input_file_ref idref="fl-2d"/>
      </object_component>
      <object_component id="oc-68">
         <name>.text:CIO_breakpoint</name>
         <load_address>0x3694</load_address>
         <run_address>0x3694</run_address>
         <size>0x7</size>
         <input_file_ref idref="fl-2a"/>
      </object_component>
      <object_component id="oc-e5">
         <name>.text:MCBSP_read16</name>
         <load_address>0x369c</load_address>
         <run_address>0x369c</run_address>
         <size>0x7</size>
         <input_file_ref idref="fl-55"/>
      </object_component>
      <object_component id="oc-e8">
         <name>.text:MCBSP_write16</name>
         <load_address>0x36a4</load_address>
         <run_address>0x36a4</run_address>
         <size>0x7</size>
         <input_file_ref idref="fl-58"/>
      </object_component>
      <object_component id="oc-d0">
         <name>.text</name>
         <load_address>0x36ac</load_address>
         <run_address>0x36ac</run_address>
         <size>0x2</size>
         <input_file_ref idref="fl-42"/>
      </object_component>
      <object_component id="oc-50">
         <name>.stack</name>
         <load_address>0x36c0</load_address>
         <run_address>0x36c0</run_address>
         <size>0x0</size>
         <input_file_ref idref="fl-25"/>
      </object_component>
      <object_component id="oc-112">
         <name>.stack</name>
         <load_address>0x36c0</load_address>
         <run_address>0x36c0</run_address>
         <size>0x0</size>
      </object_component>
      <object_component id="oc-ef">
         <name>.sysstack</name>
         <load_address>0x76c0</load_address>
         <run_address>0x76c0</run_address>
         <size>0x0</size>
         <input_file_ref idref="fl-25"/>
      </object_component>
      <object_component id="oc-114">
         <name>.sysstack</name>
         <load_address>0x76c0</load_address>
         <run_address>0x76c0</run_address>
         <size>0x0</size>
      </object_component>
      <object_component id="oc-ec">
         <name>.csldata:DMA_data</name>
         <load_address>0x8dc0</load_address>
         <run_address>0x8dc0</run_address>
         <size>0xfc</size>
         <input_file_ref idref="fl-5b"/>
      </object_component>
      <object_component id="oc-ee">
         <name>.csldata:MCBSP_data</name>
         <load_address>0x8ebc</load_address>
         <run_address>0x8ebc</run_address>
         <size>0xcc</size>
         <input_file_ref idref="fl-5c"/>
      </object_component>
      <object_component id="oc-d3">
         <name>.csldata:SYS_data</name>
         <load_address>0x8f88</load_address>
         <run_address>0x8f88</run_address>
         <size>0x44</size>
         <input_file_ref idref="fl-43"/>
      </object_component>
      <object_component id="oc-1f">
         <name>.bss</name>
         <load_address>0x90a0</load_address>
         <run_address>0x90a0</run_address>
         <size>0x5c</size>
         <input_file_ref idref="fl-4"/>
      </object_component>
      <object_component id="oc-3b">
         <name>.bss</name>
         <load_address>0x90fc</load_address>
         <run_address>0x90fc</run_address>
         <size>0x1a</size>
         <input_file_ref idref="fl-8"/>
      </object_component>
      <object_component id="oc-2e">
         <name>.bss</name>
         <load_address>0x9116</load_address>
         <run_address>0x9116</run_address>
         <size>0x14</size>
         <input_file_ref idref="fl-6"/>
      </object_component>
      <object_component id="oc-42">
         <name>.bss</name>
         <load_address>0x912c</load_address>
         <run_address>0x912c</run_address>
         <size>0x12</size>
         <input_file_ref idref="fl-9"/>
      </object_component>
      <object_component id="oc-8e">
         <name>.bss</name>
         <load_address>0x9140</load_address>
         <run_address>0x9140</run_address>
         <size>0xc</size>
         <input_file_ref idref="fl-33"/>
      </object_component>
      <object_component id="oc-a9">
         <name>.bss</name>
         <load_address>0x914c</load_address>
         <run_address>0x914c</run_address>
         <size>0x8</size>
         <input_file_ref idref="fl-39"/>
      </object_component>
      <object_component id="oc-65">
         <name>.bss</name>
         <load_address>0x9154</load_address>
         <run_address>0x9154</run_address>
         <size>0x8</size>
         <input_file_ref idref="fl-2a"/>
      </object_component>
      <object_component id="oc-ca">
         <name>.bss</name>
         <load_address>0x915c</load_address>
         <run_address>0x915c</run_address>
         <size>0x4</size>
         <input_file_ref idref="fl-40"/>
      </object_component>
      <object_component id="oc-f6">
         <name>.const:_$P$T0$1</name>
         <load_address>0x8fe0</load_address>
         <run_address>0x8fe0</run_address>
         <size>0x36</size>
         <input_file_ref idref="fl-40"/>
      </object_component>
      <object_component id="oc-3d">
         <name>.const</name>
         <load_address>0x9018</load_address>
         <run_address>0x9018</run_address>
         <size>0x18</size>
         <input_file_ref idref="fl-8"/>
      </object_component>
      <object_component id="oc-f5">
         <name>.const:_$P$T0$1</name>
         <load_address>0x9030</load_address>
         <run_address>0x9030</run_address>
         <size>0x14</size>
         <input_file_ref idref="fl-3e"/>
      </object_component>
      <object_component id="oc-f0">
         <name>.const:_$P$T0$1</name>
         <load_address>0x9044</load_address>
         <run_address>0x9044</run_address>
         <size>0x10</size>
         <input_file_ref idref="fl-7"/>
      </object_component>
      <object_component id="oc-f1">
         <name>.const:_$P$T1$2</name>
         <load_address>0x9054</load_address>
         <run_address>0x9054</run_address>
         <size>0x10</size>
         <input_file_ref idref="fl-7"/>
      </object_component>
      <object_component id="oc-f4">
         <name>.const:_initial_approx$1</name>
         <load_address>0x9064</load_address>
         <run_address>0x9064</run_address>
         <size>0x10</size>
         <input_file_ref idref="fl-27"/>
      </object_component>
      <object_component id="oc-24">
         <name>.const</name>
         <load_address>0x9074</load_address>
         <run_address>0x9074</run_address>
         <size>0xc</size>
         <input_file_ref idref="fl-4"/>
      </object_component>
      <object_component id="oc-f2">
         <name>.const:_$P$T2$3</name>
         <load_address>0x9080</load_address>
         <run_address>0x9080</run_address>
         <size>0x8</size>
         <input_file_ref idref="fl-7"/>
      </object_component>
      <object_component id="oc-f3">
         <name>.const:_$P$T3$4</name>
         <load_address>0x9088</load_address>
         <run_address>0x9088</run_address>
         <size>0x8</size>
         <input_file_ref idref="fl-7"/>
      </object_component>
      <object_component id="oc-36">
         <name>.const</name>
         <load_address>0x9090</load_address>
         <run_address>0x9090</run_address>
         <size>0x8</size>
         <input_file_ref idref="fl-7"/>
      </object_component>
      <object_component id="oc-79">
         <name>.const</name>
         <load_address>0x9098</load_address>
         <run_address>0x9098</run_address>
         <size>0x4</size>
         <input_file_ref idref="fl-2e"/>
      </object_component>
      <object_component id="oc-7e">
         <name>.const</name>
         <load_address>0x909c</load_address>
         <run_address>0x909c</run_address>
         <size>0x4</size>
         <input_file_ref idref="fl-2f"/>
      </object_component>
      <object_component id="oc-91">
         <name>.sysmem</name>
         <uninitialized>true</uninitialized>
         <run_address>0x56c0</run_address>
         <size>0x0</size>
         <input_file_ref idref="fl-33"/>
      </object_component>
      <object_component id="oc-113">
         <name>.sysmem</name>
         <uninitialized>true</uninitialized>
         <run_address>0x56c0</run_address>
         <size>0x0</size>
      </object_component>
      <object_component id="oc-eb">
         <name>.cinit</name>
         <load_address>0x8ac0</load_address>
         <run_address>0x8ac0</run_address>
         <size>0x102</size>
         <input_file_ref idref="fl-5b"/>
      </object_component>
      <object_component id="oc-ed">
         <name>.cinit</name>
         <load_address>0x8bc2</load_address>
         <run_address>0x8bc2</run_address>
         <size>0xd2</size>
         <input_file_ref idref="fl-5c"/>
      </object_component>
      <object_component id="oc-21">
         <name>.cinit</name>
         <load_address>0x8c94</load_address>
         <run_address>0x8c94</run_address>
         <size>0x68</size>
         <input_file_ref idref="fl-4"/>
      </object_component>
      <object_component id="oc-d2">
         <name>.cinit</name>
         <load_address>0x8cfc</load_address>
         <run_address>0x8cfc</run_address>
         <size>0x4a</size>
         <input_file_ref idref="fl-43"/>
      </object_component>
      <object_component id="oc-30">
         <name>.cinit</name>
         <load_address>0x8d46</load_address>
         <run_address>0x8d46</run_address>
         <size>0x1a</size>
         <input_file_ref idref="fl-6"/>
      </object_component>
      <object_component id="oc-ab">
         <name>.cinit</name>
         <load_address>0x8d60</load_address>
         <run_address>0x8d60</run_address>
         <size>0x14</size>
         <input_file_ref idref="fl-39"/>
      </object_component>
      <object_component id="oc-67">
         <name>.cinit</name>
         <load_address>0x8d74</load_address>
         <run_address>0x8d74</run_address>
         <size>0x14</size>
         <input_file_ref idref="fl-2a"/>
      </object_component>
      <object_component id="oc-90">
         <name>.cinit</name>
         <load_address>0x8d88</load_address>
         <run_address>0x8d88</run_address>
         <size>0x8</size>
         <input_file_ref idref="fl-33"/>
      </object_component>
      <object_component id="oc-48">
         <name>.vectors</name>
         <load_address>0xfe00</load_address>
         <run_address>0xfe00</run_address>
         <size>0x100</size>
         <input_file_ref idref="fl-a"/>
      </object_component>
      <object_component id="oc-22">
         <name>dmaTest</name>
         <load_address>0x86c0</load_address>
         <run_address>0x86c0</run_address>
         <size>0x400</size>
         <input_file_ref idref="fl-4"/>
      </object_component>
      <object_component id="oc-14">
         <name>vectors</name>
         <load_address>0xc0</load_address>
         <run_address>0xc0</run_address>
         <size>0x100</size>
         <input_file_ref idref="fl-38"/>
      </object_component>
      <object_component id="oc-16">
         <name>.debug_info</name>
         <load_address>0x0</load_address>
         <run_address>0x0</run_address>
         <size>0xa0e</size>
         <input_file_ref idref="fl-2"/>
      </object_component>
      <object_component id="oc-1b">
         <name>.debug_info</name>
         <load_address>0xa0e</load_address>
         <run_address>0xa0e</run_address>
         <size>0xd8</size>
         <input_file_ref idref="fl-3"/>
      </object_component>
      <object_component id="oc-20">
         <name>.debug_info</name>
         <load_address>0xae6</load_address>
         <run_address>0xae6</run_address>
         <size>0x1659</size>
         <input_file_ref idref="fl-4"/>
      </object_component>
      <object_component id="oc-29">
         <name>.debug_info</name>
         <load_address>0x213f</load_address>
         <run_address>0x213f</run_address>
         <size>0x61a</size>
         <input_file_ref idref="fl-5"/>
      </object_component>
      <object_component id="oc-2f">
         <name>.debug_info</name>
         <load_address>0x2759</load_address>
         <run_address>0x2759</run_address>
         <size>0x67b</size>
         <input_file_ref idref="fl-6"/>
      </object_component>
      <object_component id="oc-35">
         <name>.debug_info</name>
         <load_address>0x2dd4</load_address>
         <run_address>0x2dd4</run_address>
         <size>0x138d</size>
         <input_file_ref idref="fl-7"/>
      </object_component>
      <object_component id="oc-3c">
         <name>.debug_info</name>
         <load_address>0x4161</load_address>
         <run_address>0x4161</run_address>
         <size>0x9dc</size>
         <input_file_ref idref="fl-8"/>
      </object_component>
      <object_component id="oc-43">
         <name>.debug_info</name>
         <load_address>0x4b3d</load_address>
         <run_address>0x4b3d</run_address>
         <size>0x9af</size>
         <input_file_ref idref="fl-9"/>
      </object_component>
      <object_component id="oc-49">
         <name>.debug_info</name>
         <load_address>0x54ec</load_address>
         <run_address>0x54ec</run_address>
         <size>0xf3</size>
         <input_file_ref idref="fl-a"/>
      </object_component>
      <object_component id="oc-4d">
         <name>.debug_info</name>
         <load_address>0x55df</load_address>
         <run_address>0x55df</run_address>
         <size>0x5ab</size>
         <input_file_ref idref="fl-24"/>
      </object_component>
      <object_component id="oc-51">
         <name>.debug_info</name>
         <load_address>0x5b8a</load_address>
         <run_address>0x5b8a</run_address>
         <size>0xe8</size>
         <input_file_ref idref="fl-25"/>
      </object_component>
      <object_component id="oc-55">
         <name>.debug_info</name>
         <load_address>0x5c72</load_address>
         <run_address>0x5c72</run_address>
         <size>0x81f</size>
         <input_file_ref idref="fl-26"/>
      </object_component>
      <object_component id="oc-59">
         <name>.debug_info</name>
         <load_address>0x6491</load_address>
         <run_address>0x6491</run_address>
         <size>0x7e8</size>
         <input_file_ref idref="fl-27"/>
      </object_component>
      <object_component id="oc-5d">
         <name>.debug_info</name>
         <load_address>0x6c79</load_address>
         <run_address>0x6c79</run_address>
         <size>0x4f2</size>
         <input_file_ref idref="fl-28"/>
      </object_component>
      <object_component id="oc-61">
         <name>.debug_info</name>
         <load_address>0x716b</load_address>
         <run_address>0x716b</run_address>
         <size>0x534</size>
         <input_file_ref idref="fl-29"/>
      </object_component>
      <object_component id="oc-66">
         <name>.debug_info</name>
         <load_address>0x769f</load_address>
         <run_address>0x769f</run_address>
         <size>0x5fb</size>
         <input_file_ref idref="fl-2a"/>
      </object_component>
      <object_component id="oc-6c">
         <name>.debug_info</name>
         <load_address>0x7c9a</load_address>
         <run_address>0x7c9a</run_address>
         <size>0x4cf</size>
         <input_file_ref idref="fl-2b"/>
      </object_component>
      <object_component id="oc-70">
         <name>.debug_info</name>
         <load_address>0x8169</load_address>
         <run_address>0x8169</run_address>
         <size>0x534</size>
         <input_file_ref idref="fl-2c"/>
      </object_component>
      <object_component id="oc-74">
         <name>.debug_info</name>
         <load_address>0x869d</load_address>
         <run_address>0x869d</run_address>
         <size>0x4cf</size>
         <input_file_ref idref="fl-2d"/>
      </object_component>
      <object_component id="oc-78">
         <name>.debug_info</name>
         <load_address>0x8b6c</load_address>
         <run_address>0x8b6c</run_address>
         <size>0x549</size>
         <input_file_ref idref="fl-2e"/>
      </object_component>
      <object_component id="oc-7d">
         <name>.debug_info</name>
         <load_address>0x90b5</load_address>
         <run_address>0x90b5</run_address>
         <size>0x549</size>
         <input_file_ref idref="fl-2f"/>
      </object_component>
      <object_component id="oc-82">
         <name>.debug_info</name>
         <load_address>0x95fe</load_address>
         <run_address>0x95fe</run_address>
         <size>0x53e</size>
         <input_file_ref idref="fl-30"/>
      </object_component>
      <object_component id="oc-86">
         <name>.debug_info</name>
         <load_address>0x9b3c</load_address>
         <run_address>0x9b3c</run_address>
         <size>0xbd</size>
         <input_file_ref idref="fl-31"/>
      </object_component>
      <object_component id="oc-8a">
         <name>.debug_info</name>
         <load_address>0x9bf9</load_address>
         <run_address>0x9bf9</run_address>
         <size>0xd1</size>
         <input_file_ref idref="fl-32"/>
      </object_component>
      <object_component id="oc-8f">
         <name>.debug_info</name>
         <load_address>0x9cca</load_address>
         <run_address>0x9cca</run_address>
         <size>0xb97</size>
         <input_file_ref idref="fl-33"/>
      </object_component>
      <object_component id="oc-95">
         <name>.debug_info</name>
         <load_address>0xa861</load_address>
         <run_address>0xa861</run_address>
         <size>0x59d</size>
         <input_file_ref idref="fl-34"/>
      </object_component>
      <object_component id="oc-99">
         <name>.debug_info</name>
         <load_address>0xadfe</load_address>
         <run_address>0xadfe</run_address>
         <size>0x55b</size>
         <input_file_ref idref="fl-35"/>
      </object_component>
      <object_component id="oc-9d">
         <name>.debug_info</name>
         <load_address>0xb359</load_address>
         <run_address>0xb359</run_address>
         <size>0x4b7</size>
         <input_file_ref idref="fl-36"/>
      </object_component>
      <object_component id="oc-a1">
         <name>.debug_info</name>
         <load_address>0xb810</load_address>
         <run_address>0xb810</run_address>
         <size>0x4de</size>
         <input_file_ref idref="fl-37"/>
      </object_component>
      <object_component id="oc-a5">
         <name>.debug_info</name>
         <load_address>0xbcee</load_address>
         <run_address>0xbcee</run_address>
         <size>0xbc</size>
         <input_file_ref idref="fl-38"/>
      </object_component>
      <object_component id="oc-aa">
         <name>.debug_info</name>
         <load_address>0xbdaa</load_address>
         <run_address>0xbdaa</run_address>
         <size>0x5bc</size>
         <input_file_ref idref="fl-39"/>
      </object_component>
      <object_component id="oc-af">
         <name>.debug_info</name>
         <load_address>0xc366</load_address>
         <run_address>0xc366</run_address>
         <size>0x586</size>
         <input_file_ref idref="fl-3a"/>
      </object_component>
      <object_component id="oc-b3">
         <name>.debug_info</name>
         <load_address>0xc8ec</load_address>
         <run_address>0xc8ec</run_address>
         <size>0xcd</size>
         <input_file_ref idref="fl-3b"/>
      </object_component>
      <object_component id="oc-b7">
         <name>.debug_info</name>
         <load_address>0xc9b9</load_address>
         <run_address>0xc9b9</run_address>
         <size>0x4d2</size>
         <input_file_ref idref="fl-3c"/>
      </object_component>
      <object_component id="oc-bb">
         <name>.debug_info</name>
         <load_address>0xce8b</load_address>
         <run_address>0xce8b</run_address>
         <size>0x8bd</size>
         <input_file_ref idref="fl-3d"/>
      </object_component>
      <object_component id="oc-c0">
         <name>.debug_info</name>
         <load_address>0xd748</load_address>
         <run_address>0xd748</run_address>
         <size>0xa36</size>
         <input_file_ref idref="fl-3e"/>
      </object_component>
      <object_component id="oc-c5">
         <name>.debug_info</name>
         <load_address>0xe17e</load_address>
         <run_address>0xe17e</run_address>
         <size>0xba6</size>
         <input_file_ref idref="fl-3f"/>
      </object_component>
      <object_component id="oc-cb">
         <name>.debug_info</name>
         <load_address>0xed24</load_address>
         <run_address>0xed24</run_address>
         <size>0x1113</size>
         <input_file_ref idref="fl-40"/>
      </object_component>
      <object_component id="oc-116">
         <name>.debug_info</name>
         <load_address>0xfe37</load_address>
         <run_address>0xfe37</run_address>
         <size>0x6e</size>
      </object_component>
      <object_component id="oc-17">
         <name>.debug_frame</name>
         <load_address>0x0</load_address>
         <run_address>0x0</run_address>
         <size>0x101</size>
         <input_file_ref idref="fl-2"/>
      </object_component>
      <object_component id="oc-25">
         <name>.debug_frame</name>
         <load_address>0x101</load_address>
         <run_address>0x101</run_address>
         <size>0x360</size>
         <input_file_ref idref="fl-4"/>
      </object_component>
      <object_component id="oc-2a">
         <name>.debug_frame</name>
         <load_address>0x461</load_address>
         <run_address>0x461</run_address>
         <size>0xe1</size>
         <input_file_ref idref="fl-5"/>
      </object_component>
      <object_component id="oc-31">
         <name>.debug_frame</name>
         <load_address>0x542</load_address>
         <run_address>0x542</run_address>
         <size>0xe4</size>
         <input_file_ref idref="fl-6"/>
      </object_component>
      <object_component id="oc-37">
         <name>.debug_frame</name>
         <load_address>0x626</load_address>
         <run_address>0x626</run_address>
         <size>0x159</size>
         <input_file_ref idref="fl-7"/>
      </object_component>
      <object_component id="oc-3e">
         <name>.debug_frame</name>
         <load_address>0x77f</load_address>
         <run_address>0x77f</run_address>
         <size>0x10b</size>
         <input_file_ref idref="fl-8"/>
      </object_component>
      <object_component id="oc-44">
         <name>.debug_frame</name>
         <load_address>0x88a</load_address>
         <run_address>0x88a</run_address>
         <size>0x102</size>
         <input_file_ref idref="fl-9"/>
      </object_component>
      <object_component id="oc-bc">
         <name>.debug_frame</name>
         <load_address>0x98c</load_address>
         <run_address>0x98c</run_address>
         <size>0x138</size>
         <input_file_ref idref="fl-3d"/>
      </object_component>
      <object_component id="oc-c1">
         <name>.debug_frame</name>
         <load_address>0xac4</load_address>
         <run_address>0xac4</run_address>
         <size>0x132</size>
         <input_file_ref idref="fl-3e"/>
      </object_component>
      <object_component id="oc-c6">
         <name>.debug_frame</name>
         <load_address>0xbf6</load_address>
         <run_address>0xbf6</run_address>
         <size>0x157</size>
         <input_file_ref idref="fl-3f"/>
      </object_component>
      <object_component id="oc-cc">
         <name>.debug_frame</name>
         <load_address>0xd4d</load_address>
         <run_address>0xd4d</run_address>
         <size>0x138</size>
         <input_file_ref idref="fl-40"/>
      </object_component>
      <object_component id="oc-18">
         <name>.debug_line</name>
         <load_address>0x0</load_address>
         <run_address>0x0</run_address>
         <size>0x88</size>
         <input_file_ref idref="fl-2"/>
      </object_component>
      <object_component id="oc-1c">
         <name>.debug_line</name>
         <load_address>0x88</load_address>
         <run_address>0x88</run_address>
         <size>0x3f</size>
         <input_file_ref idref="fl-3"/>
      </object_component>
      <object_component id="oc-26">
         <name>.debug_line</name>
         <load_address>0xc7</load_address>
         <run_address>0xc7</run_address>
         <size>0x21b</size>
         <input_file_ref idref="fl-4"/>
      </object_component>
      <object_component id="oc-2b">
         <name>.debug_line</name>
         <load_address>0x2e2</load_address>
         <run_address>0x2e2</run_address>
         <size>0x46</size>
         <input_file_ref idref="fl-5"/>
      </object_component>
      <object_component id="oc-32">
         <name>.debug_line</name>
         <load_address>0x328</load_address>
         <run_address>0x328</run_address>
         <size>0x40</size>
         <input_file_ref idref="fl-6"/>
      </object_component>
      <object_component id="oc-38">
         <name>.debug_line</name>
         <load_address>0x368</load_address>
         <run_address>0x368</run_address>
         <size>0x12f</size>
         <input_file_ref idref="fl-7"/>
      </object_component>
      <object_component id="oc-3f">
         <name>.debug_line</name>
         <load_address>0x497</load_address>
         <run_address>0x497</run_address>
         <size>0xe5</size>
         <input_file_ref idref="fl-8"/>
      </object_component>
      <object_component id="oc-45">
         <name>.debug_line</name>
         <load_address>0x57c</load_address>
         <run_address>0x57c</run_address>
         <size>0xef</size>
         <input_file_ref idref="fl-9"/>
      </object_component>
      <object_component id="oc-4a">
         <name>.debug_line</name>
         <load_address>0x66b</load_address>
         <run_address>0x66b</run_address>
         <size>0x68</size>
         <input_file_ref idref="fl-a"/>
      </object_component>
      <object_component id="oc-4e">
         <name>.debug_line</name>
         <load_address>0x6d3</load_address>
         <run_address>0x6d3</run_address>
         <size>0x5c</size>
         <input_file_ref idref="fl-24"/>
      </object_component>
      <object_component id="oc-52">
         <name>.debug_line</name>
         <load_address>0x72f</load_address>
         <run_address>0x72f</run_address>
         <size>0x54</size>
         <input_file_ref idref="fl-25"/>
      </object_component>
      <object_component id="oc-56">
         <name>.debug_line</name>
         <load_address>0x783</load_address>
         <run_address>0x783</run_address>
         <size>0xad</size>
         <input_file_ref idref="fl-26"/>
      </object_component>
      <object_component id="oc-5a">
         <name>.debug_line</name>
         <load_address>0x830</load_address>
         <run_address>0x830</run_address>
         <size>0x5b</size>
         <input_file_ref idref="fl-27"/>
      </object_component>
      <object_component id="oc-5e">
         <name>.debug_line</name>
         <load_address>0x88b</load_address>
         <run_address>0x88b</run_address>
         <size>0x3c</size>
         <input_file_ref idref="fl-28"/>
      </object_component>
      <object_component id="oc-62">
         <name>.debug_line</name>
         <load_address>0x8c7</load_address>
         <run_address>0x8c7</run_address>
         <size>0x44</size>
         <input_file_ref idref="fl-29"/>
      </object_component>
      <object_component id="oc-69">
         <name>.debug_line</name>
         <load_address>0x90b</load_address>
         <run_address>0x90b</run_address>
         <size>0x51</size>
         <input_file_ref idref="fl-2a"/>
      </object_component>
      <object_component id="oc-6d">
         <name>.debug_line</name>
         <load_address>0x95c</load_address>
         <run_address>0x95c</run_address>
         <size>0x3d</size>
         <input_file_ref idref="fl-2b"/>
      </object_component>
      <object_component id="oc-71">
         <name>.debug_line</name>
         <load_address>0x999</load_address>
         <run_address>0x999</run_address>
         <size>0x3d</size>
         <input_file_ref idref="fl-2c"/>
      </object_component>
      <object_component id="oc-75">
         <name>.debug_line</name>
         <load_address>0x9d6</load_address>
         <run_address>0x9d6</run_address>
         <size>0x3d</size>
         <input_file_ref idref="fl-2d"/>
      </object_component>
      <object_component id="oc-7a">
         <name>.debug_line</name>
         <load_address>0xa13</load_address>
         <run_address>0xa13</run_address>
         <size>0x44</size>
         <input_file_ref idref="fl-2e"/>
      </object_component>
      <object_component id="oc-7f">
         <name>.debug_line</name>
         <load_address>0xa57</load_address>
         <run_address>0xa57</run_address>
         <size>0x44</size>
         <input_file_ref idref="fl-2f"/>
      </object_component>
      <object_component id="oc-83">
         <name>.debug_line</name>
         <load_address>0xa9b</load_address>
         <run_address>0xa9b</run_address>
         <size>0x40</size>
         <input_file_ref idref="fl-30"/>
      </object_component>
      <object_component id="oc-87">
         <name>.debug_line</name>
         <load_address>0xadb</load_address>
         <run_address>0xadb</run_address>
         <size>0x3c</size>
         <input_file_ref idref="fl-31"/>
      </object_component>
      <object_component id="oc-8b">
         <name>.debug_line</name>
         <load_address>0xb17</load_address>
         <run_address>0xb17</run_address>
         <size>0x4d</size>
         <input_file_ref idref="fl-32"/>
      </object_component>
      <object_component id="oc-92">
         <name>.debug_line</name>
         <load_address>0xb64</load_address>
         <run_address>0xb64</run_address>
         <size>0x112</size>
         <input_file_ref idref="fl-33"/>
      </object_component>
      <object_component id="oc-96">
         <name>.debug_line</name>
         <load_address>0xc76</load_address>
         <run_address>0xc76</run_address>
         <size>0x52</size>
         <input_file_ref idref="fl-34"/>
      </object_component>
      <object_component id="oc-9a">
         <name>.debug_line</name>
         <load_address>0xcc8</load_address>
         <run_address>0xcc8</run_address>
         <size>0x3c</size>
         <input_file_ref idref="fl-35"/>
      </object_component>
      <object_component id="oc-9e">
         <name>.debug_line</name>
         <load_address>0xd04</load_address>
         <run_address>0xd04</run_address>
         <size>0x37</size>
         <input_file_ref idref="fl-36"/>
      </object_component>
      <object_component id="oc-a2">
         <name>.debug_line</name>
         <load_address>0xd3b</load_address>
         <run_address>0xd3b</run_address>
         <size>0x37</size>
         <input_file_ref idref="fl-37"/>
      </object_component>
      <object_component id="oc-a6">
         <name>.debug_line</name>
         <load_address>0xd72</load_address>
         <run_address>0xd72</run_address>
         <size>0x37</size>
         <input_file_ref idref="fl-38"/>
      </object_component>
      <object_component id="oc-ac">
         <name>.debug_line</name>
         <load_address>0xda9</load_address>
         <run_address>0xda9</run_address>
         <size>0x57</size>
         <input_file_ref idref="fl-39"/>
      </object_component>
      <object_component id="oc-b0">
         <name>.debug_line</name>
         <load_address>0xe00</load_address>
         <run_address>0xe00</run_address>
         <size>0x41</size>
         <input_file_ref idref="fl-3a"/>
      </object_component>
      <object_component id="oc-b4">
         <name>.debug_line</name>
         <load_address>0xe41</load_address>
         <run_address>0xe41</run_address>
         <size>0x55</size>
         <input_file_ref idref="fl-3b"/>
      </object_component>
      <object_component id="oc-b8">
         <name>.debug_line</name>
         <load_address>0xe96</load_address>
         <run_address>0xe96</run_address>
         <size>0x3a</size>
         <input_file_ref idref="fl-3c"/>
      </object_component>
      <object_component id="oc-bd">
         <name>.debug_line</name>
         <load_address>0xed0</load_address>
         <run_address>0xed0</run_address>
         <size>0x105</size>
         <input_file_ref idref="fl-3d"/>
      </object_component>
      <object_component id="oc-c2">
         <name>.debug_line</name>
         <load_address>0xfd5</load_address>
         <run_address>0xfd5</run_address>
         <size>0xa4</size>
         <input_file_ref idref="fl-3e"/>
      </object_component>
      <object_component id="oc-c7">
         <name>.debug_line</name>
         <load_address>0x1079</load_address>
         <run_address>0x1079</run_address>
         <size>0xeb</size>
         <input_file_ref idref="fl-3f"/>
      </object_component>
      <object_component id="oc-cd">
         <name>.debug_line</name>
         <load_address>0x1164</load_address>
         <run_address>0x1164</run_address>
         <size>0xc9</size>
         <input_file_ref idref="fl-40"/>
      </object_component>
      <object_component id="oc-19">
         <name>.debug_abbrev</name>
         <load_address>0x0</load_address>
         <run_address>0x0</run_address>
         <size>0x105</size>
         <input_file_ref idref="fl-2"/>
      </object_component>
      <object_component id="oc-1d">
         <name>.debug_abbrev</name>
         <load_address>0x105</load_address>
         <run_address>0x105</run_address>
         <size>0x2c</size>
         <input_file_ref idref="fl-3"/>
      </object_component>
      <object_component id="oc-27">
         <name>.debug_abbrev</name>
         <load_address>0x131</load_address>
         <run_address>0x131</run_address>
         <size>0x1fa</size>
         <input_file_ref idref="fl-4"/>
      </object_component>
      <object_component id="oc-2c">
         <name>.debug_abbrev</name>
         <load_address>0x32b</load_address>
         <run_address>0x32b</run_address>
         <size>0xb1</size>
         <input_file_ref idref="fl-5"/>
      </object_component>
      <object_component id="oc-33">
         <name>.debug_abbrev</name>
         <load_address>0x3dc</load_address>
         <run_address>0x3dc</run_address>
         <size>0xc7</size>
         <input_file_ref idref="fl-6"/>
      </object_component>
      <object_component id="oc-39">
         <name>.debug_abbrev</name>
         <load_address>0x4a3</load_address>
         <run_address>0x4a3</run_address>
         <size>0x122</size>
         <input_file_ref idref="fl-7"/>
      </object_component>
      <object_component id="oc-40">
         <name>.debug_abbrev</name>
         <load_address>0x5c5</load_address>
         <run_address>0x5c5</run_address>
         <size>0xf4</size>
         <input_file_ref idref="fl-8"/>
      </object_component>
      <object_component id="oc-46">
         <name>.debug_abbrev</name>
         <load_address>0x6b9</load_address>
         <run_address>0x6b9</run_address>
         <size>0x104</size>
         <input_file_ref idref="fl-9"/>
      </object_component>
      <object_component id="oc-4b">
         <name>.debug_abbrev</name>
         <load_address>0x7bd</load_address>
         <run_address>0x7bd</run_address>
         <size>0x20</size>
         <input_file_ref idref="fl-a"/>
      </object_component>
      <object_component id="oc-4f">
         <name>.debug_abbrev</name>
         <load_address>0x7dd</load_address>
         <run_address>0x7dd</run_address>
         <size>0xd4</size>
         <input_file_ref idref="fl-24"/>
      </object_component>
      <object_component id="oc-53">
         <name>.debug_abbrev</name>
         <load_address>0x8b1</load_address>
         <run_address>0x8b1</run_address>
         <size>0x3a</size>
         <input_file_ref idref="fl-25"/>
      </object_component>
      <object_component id="oc-57">
         <name>.debug_abbrev</name>
         <load_address>0x8eb</load_address>
         <run_address>0x8eb</run_address>
         <size>0xb7</size>
         <input_file_ref idref="fl-26"/>
      </object_component>
      <object_component id="oc-5b">
         <name>.debug_abbrev</name>
         <load_address>0x9a2</load_address>
         <run_address>0x9a2</run_address>
         <size>0x112</size>
         <input_file_ref idref="fl-27"/>
      </object_component>
      <object_component id="oc-5f">
         <name>.debug_abbrev</name>
         <load_address>0xab4</load_address>
         <run_address>0xab4</run_address>
         <size>0xa6</size>
         <input_file_ref idref="fl-28"/>
      </object_component>
      <object_component id="oc-63">
         <name>.debug_abbrev</name>
         <load_address>0xb5a</load_address>
         <run_address>0xb5a</run_address>
         <size>0xb5</size>
         <input_file_ref idref="fl-29"/>
      </object_component>
      <object_component id="oc-6a">
         <name>.debug_abbrev</name>
         <load_address>0xc0f</load_address>
         <run_address>0xc0f</run_address>
         <size>0xf7</size>
         <input_file_ref idref="fl-2a"/>
      </object_component>
      <object_component id="oc-6e">
         <name>.debug_abbrev</name>
         <load_address>0xd06</load_address>
         <run_address>0xd06</run_address>
         <size>0x8f</size>
         <input_file_ref idref="fl-2b"/>
      </object_component>
      <object_component id="oc-72">
         <name>.debug_abbrev</name>
         <load_address>0xd95</load_address>
         <run_address>0xd95</run_address>
         <size>0xb7</size>
         <input_file_ref idref="fl-2c"/>
      </object_component>
      <object_component id="oc-76">
         <name>.debug_abbrev</name>
         <load_address>0xe4c</load_address>
         <run_address>0xe4c</run_address>
         <size>0x8f</size>
         <input_file_ref idref="fl-2d"/>
      </object_component>
      <object_component id="oc-7b">
         <name>.debug_abbrev</name>
         <load_address>0xedb</load_address>
         <run_address>0xedb</run_address>
         <size>0xc2</size>
         <input_file_ref idref="fl-2e"/>
      </object_component>
      <object_component id="oc-80">
         <name>.debug_abbrev</name>
         <load_address>0xf9d</load_address>
         <run_address>0xf9d</run_address>
         <size>0xc2</size>
         <input_file_ref idref="fl-2f"/>
      </object_component>
      <object_component id="oc-84">
         <name>.debug_abbrev</name>
         <load_address>0x105f</load_address>
         <run_address>0x105f</run_address>
         <size>0x9a</size>
         <input_file_ref idref="fl-30"/>
      </object_component>
      <object_component id="oc-88">
         <name>.debug_abbrev</name>
         <load_address>0x10f9</load_address>
         <run_address>0x10f9</run_address>
         <size>0x38</size>
         <input_file_ref idref="fl-31"/>
      </object_component>
      <object_component id="oc-8c">
         <name>.debug_abbrev</name>
         <load_address>0x1131</load_address>
         <run_address>0x1131</run_address>
         <size>0x38</size>
         <input_file_ref idref="fl-32"/>
      </object_component>
      <object_component id="oc-93">
         <name>.debug_abbrev</name>
         <load_address>0x1169</load_address>
         <run_address>0x1169</run_address>
         <size>0x1de</size>
         <input_file_ref idref="fl-33"/>
      </object_component>
      <object_component id="oc-97">
         <name>.debug_abbrev</name>
         <load_address>0x1347</load_address>
         <run_address>0x1347</run_address>
         <size>0xb0</size>
         <input_file_ref idref="fl-34"/>
      </object_component>
      <object_component id="oc-9b">
         <name>.debug_abbrev</name>
         <load_address>0x13f7</load_address>
         <run_address>0x13f7</run_address>
         <size>0xdc</size>
         <input_file_ref idref="fl-35"/>
      </object_component>
      <object_component id="oc-9f">
         <name>.debug_abbrev</name>
         <load_address>0x14d3</load_address>
         <run_address>0x14d3</run_address>
         <size>0x81</size>
         <input_file_ref idref="fl-36"/>
      </object_component>
      <object_component id="oc-a3">
         <name>.debug_abbrev</name>
         <load_address>0x1554</load_address>
         <run_address>0x1554</run_address>
         <size>0x8f</size>
         <input_file_ref idref="fl-37"/>
      </object_component>
      <object_component id="oc-a7">
         <name>.debug_abbrev</name>
         <load_address>0x15e3</load_address>
         <run_address>0x15e3</run_address>
         <size>0x26</size>
         <input_file_ref idref="fl-38"/>
      </object_component>
      <object_component id="oc-ad">
         <name>.debug_abbrev</name>
         <load_address>0x1609</load_address>
         <run_address>0x1609</run_address>
         <size>0x9f</size>
         <input_file_ref idref="fl-39"/>
      </object_component>
      <object_component id="oc-b1">
         <name>.debug_abbrev</name>
         <load_address>0x16a8</load_address>
         <run_address>0x16a8</run_address>
         <size>0xec</size>
         <input_file_ref idref="fl-3a"/>
      </object_component>
      <object_component id="oc-b5">
         <name>.debug_abbrev</name>
         <load_address>0x1794</load_address>
         <run_address>0x1794</run_address>
         <size>0x44</size>
         <input_file_ref idref="fl-3b"/>
      </object_component>
      <object_component id="oc-b9">
         <name>.debug_abbrev</name>
         <load_address>0x17d8</load_address>
         <run_address>0x17d8</run_address>
         <size>0x81</size>
         <input_file_ref idref="fl-3c"/>
      </object_component>
      <object_component id="oc-be">
         <name>.debug_abbrev</name>
         <load_address>0x1859</load_address>
         <run_address>0x1859</run_address>
         <size>0x158</size>
         <input_file_ref idref="fl-3d"/>
      </object_component>
      <object_component id="oc-c3">
         <name>.debug_abbrev</name>
         <load_address>0x19b1</load_address>
         <run_address>0x19b1</run_address>
         <size>0x112</size>
         <input_file_ref idref="fl-3e"/>
      </object_component>
      <object_component id="oc-c8">
         <name>.debug_abbrev</name>
         <load_address>0x1ac3</load_address>
         <run_address>0x1ac3</run_address>
         <size>0xe0</size>
         <input_file_ref idref="fl-3f"/>
      </object_component>
      <object_component id="oc-ce">
         <name>.debug_abbrev</name>
         <load_address>0x1ba3</load_address>
         <run_address>0x1ba3</run_address>
         <size>0x147</size>
         <input_file_ref idref="fl-40"/>
      </object_component>
      <object_component id="oc-117">
         <name>.debug_abbrev</name>
         <load_address>0x1cea</load_address>
         <run_address>0x1cea</run_address>
         <size>0xd</size>
      </object_component>
   </object_component_list>
   <logical_group_list>
      <logical_group id="lg-2">
         <name>.text</name>
         <load_address>0x300</load_address>
         <run_address>0x300</run_address>
         <size>0x33b0</size>
         <contents>
            <object_component_ref idref="oc-8d"/>
            <object_component_ref idref="oc-58"/>
            <object_component_ref idref="oc-34"/>
            <object_component_ref idref="oc-1e"/>
            <object_component_ref idref="oc-a4"/>
            <object_component_ref idref="oc-e6"/>
            <object_component_ref idref="oc-4c"/>
            <object_component_ref idref="oc-3a"/>
            <object_component_ref idref="oc-54"/>
            <object_component_ref idref="oc-47"/>
            <object_component_ref idref="oc-d6"/>
            <object_component_ref idref="oc-41"/>
            <object_component_ref idref="oc-15"/>
            <object_component_ref idref="oc-d9"/>
            <object_component_ref idref="oc-23"/>
            <object_component_ref idref="oc-d8"/>
            <object_component_ref idref="oc-c4"/>
            <object_component_ref idref="oc-98"/>
            <object_component_ref idref="oc-e2"/>
            <object_component_ref idref="oc-d4"/>
            <object_component_ref idref="oc-e4"/>
            <object_component_ref idref="oc-d5"/>
            <object_component_ref idref="oc-c9"/>
            <object_component_ref idref="oc-e9"/>
            <object_component_ref idref="oc-ea"/>
            <object_component_ref idref="oc-60"/>
            <object_component_ref idref="oc-e0"/>
            <object_component_ref idref="oc-e7"/>
            <object_component_ref idref="oc-b6"/>
            <object_component_ref idref="oc-81"/>
            <object_component_ref idref="oc-d7"/>
            <object_component_ref idref="oc-db"/>
            <object_component_ref idref="oc-ba"/>
            <object_component_ref idref="oc-6f"/>
            <object_component_ref idref="oc-bf"/>
            <object_component_ref idref="oc-dc"/>
            <object_component_ref idref="oc-77"/>
            <object_component_ref idref="oc-7c"/>
            <object_component_ref idref="oc-b2"/>
            <object_component_ref idref="oc-ae"/>
            <object_component_ref idref="oc-5c"/>
            <object_component_ref idref="oc-89"/>
            <object_component_ref idref="oc-64"/>
            <object_component_ref idref="oc-da"/>
            <object_component_ref idref="oc-e1"/>
            <object_component_ref idref="oc-e3"/>
            <object_component_ref idref="oc-13"/>
            <object_component_ref idref="oc-6b"/>
            <object_component_ref idref="oc-2d"/>
            <object_component_ref idref="oc-28"/>
            <object_component_ref idref="oc-a0"/>
            <object_component_ref idref="oc-85"/>
            <object_component_ref idref="oc-a8"/>
            <object_component_ref idref="oc-94"/>
            <object_component_ref idref="oc-9c"/>
            <object_component_ref idref="oc-dd"/>
            <object_component_ref idref="oc-de"/>
            <object_component_ref idref="oc-cf"/>
            <object_component_ref idref="oc-d1"/>
            <object_component_ref idref="oc-df"/>
            <object_component_ref idref="oc-1a"/>
            <object_component_ref idref="oc-73"/>
            <object_component_ref idref="oc-68"/>
            <object_component_ref idref="oc-e5"/>
            <object_component_ref idref="oc-e8"/>
            <object_component_ref idref="oc-d0"/>
         </contents>
      </logical_group>
      <logical_group id="lg-4">
         <name>.stack</name>
         <load_address>0x36c0</load_address>
         <run_address>0x36c0</run_address>
         <size>0x2000</size>
         <contents>
            <object_component_ref idref="oc-50"/>
            <object_component_ref idref="oc-112"/>
         </contents>
      </logical_group>
      <logical_group id="lg-5">
         <name>.sysstack</name>
         <load_address>0x76c0</load_address>
         <run_address>0x76c0</run_address>
         <size>0x1000</size>
         <contents>
            <object_component_ref idref="oc-ef"/>
            <object_component_ref idref="oc-114"/>
         </contents>
      </logical_group>
      <logical_group id="lg-6">
         <name>.csldata</name>
         <load_address>0x8dc0</load_address>
         <run_address>0x8dc0</run_address>
         <size>0x20c</size>
         <contents>
            <object_component_ref idref="oc-ec"/>
            <object_component_ref idref="oc-ee"/>
            <object_component_ref idref="oc-d3"/>
         </contents>
      </logical_group>
      <logical_group id="lg-7">
         <name>.data</name>
         <load_address>0x300</load_address>
         <run_address>0x300</run_address>
         <size>0x0</size>
         <contents>
         </contents>
      </logical_group>
      <logical_group id="lg-8">
         <name>.bss</name>
         <load_address>0x90a0</load_address>
         <run_address>0x90a0</run_address>
         <size>0xc0</size>
         <contents>
            <object_component_ref idref="oc-1f"/>
            <object_component_ref idref="oc-3b"/>
            <object_component_ref idref="oc-2e"/>
            <object_component_ref idref="oc-42"/>
            <object_component_ref idref="oc-8e"/>
            <object_component_ref idref="oc-a9"/>
            <object_component_ref idref="oc-65"/>
            <object_component_ref idref="oc-ca"/>
         </contents>
      </logical_group>
      <logical_group id="lg-9">
         <name>.const</name>
         <load_address>0x8fe0</load_address>
         <run_address>0x8fe0</run_address>
         <size>0xc0</size>
         <contents>
            <object_component_ref idref="oc-f6"/>
            <object_component_ref idref="oc-3d"/>
            <object_component_ref idref="oc-f5"/>
            <object_component_ref idref="oc-f0"/>
            <object_component_ref idref="oc-f1"/>
            <object_component_ref idref="oc-f4"/>
            <object_component_ref idref="oc-24"/>
            <object_component_ref idref="oc-f2"/>
            <object_component_ref idref="oc-f3"/>
            <object_component_ref idref="oc-36"/>
            <object_component_ref idref="oc-79"/>
            <object_component_ref idref="oc-7e"/>
         </contents>
      </logical_group>
      <logical_group id="lg-a">
         <name>.sysmem</name>
         <run_address>0x56c0</run_address>
         <size>0x2000</size>
         <contents>
            <object_component_ref idref="oc-91"/>
            <object_component_ref idref="oc-113"/>
         </contents>
      </logical_group>
      <logical_group id="lg-b">
         <name>.switch</name>
         <run_address>0x0</run_address>
         <size>0x0</size>
         <contents>
         </contents>
      </logical_group>
      <logical_group id="lg-c">
         <name>.cinit</name>
         <load_address>0x8ac0</load_address>
         <run_address>0x8ac0</run_address>
         <size>0x2d2</size>
         <contents>
            <object_component_ref idref="oc-eb"/>
            <object_component_ref idref="oc-ed"/>
            <object_component_ref idref="oc-21"/>
            <object_component_ref idref="oc-d2"/>
            <object_component_ref idref="oc-30"/>
            <object_component_ref idref="oc-ab"/>
            <object_component_ref idref="oc-67"/>
            <object_component_ref idref="oc-90"/>
         </contents>
      </logical_group>
      <logical_group id="lg-d">
         <name>.pinit</name>
         <load_address>0x300</load_address>
         <run_address>0x300</run_address>
         <size>0x0</size>
         <contents>
         </contents>
      </logical_group>
      <logical_group id="lg-e">
         <name>.cio</name>
         <load_address>0x300</load_address>
         <run_address>0x300</run_address>
         <size>0x0</size>
         <contents>
         </contents>
[...]
      </symbol>
      <symbol id="sm-18f">
         <name>no_isr</name>
         <value>0x1aed</value>
         <object_component_ref idref="oc-47"/>
      </symbol>
      <symbol id="sm-190">
         <name>_VECSTART</name>
         <value>0xfe00</value>
         <object_component_ref idref="oc-48"/>
      </symbol>
      <symbol id="sm-191">
         <name>nmi</name>
         <value>0xfe08</value>
         <object_component_ref idref="oc-48"/>
      </symbol>
      <symbol id="sm-192">
         <name>int9</name>
         <value>0xfe58</value>
         <object_component_ref idref="oc-48"/>
      </symbol>
      <symbol id="sm-193">
         <name>int8</name>
         <value>0xfe50</value>
         <object_component_ref idref="oc-48"/>
      </symbol>
      <symbol id="sm-194">
         <name>int7</name>
         <value>0xfe48</value>
         <object_component_ref idref="oc-48"/>
      </symbol>
      <symbol id="sm-195">
         <name>int6</name>
         <value>0xfe40</value>
         <object_component_ref idref="oc-48"/>
      </symbol>
      <symbol id="sm-196">
         <name>int5</name>
         <value>0xfe38</value>
         <object_component_ref idref="oc-48"/>
      </symbol>
      <symbol id="sm-197">
         <name>int4</name>
         <value>0xfe30</value>
         <object_component_ref idref="oc-48"/>
      </symbol>
      <symbol id="sm-198">
         <name>int3</name>
         <value>0xfe28</value>
         <object_component_ref idref="oc-48"/>
      </symbol>
      <symbol id="sm-199">
         <name>int2</name>
         <value>0xfe20</value>
         <object_component_ref idref="oc-48"/>
      </symbol>
      <symbol id="sm-19a">
         <name>int1</name>
         <value>0xfe18</value>
         <object_component_ref idref="oc-48"/>
      </symbol>
      <symbol id="sm-19b">
         <name>int0</name>
         <value>0xfe10</value>
         <object_component_ref idref="oc-48"/>
      </symbol>
      <symbol id="sm-19c">
         <name>int29</name>
         <value>0xfef8</value>
         <object_component_ref idref="oc-48"/>
      </symbol>
      <symbol id="sm-19d">
         <name>int28</name>
         <value>0xfef0</value>
         <object_component_ref idref="oc-48"/>
      </symbol>
      <symbol id="sm-19e">
         <name>int21</name>
         <value>0xfeb8</value>
         <object_component_ref idref="oc-48"/>
      </symbol>
      <symbol id="sm-19f">
         <name>int20</name>
         <value>0xfeb0</value>
         <object_component_ref idref="oc-48"/>
      </symbol>
      <symbol id="sm-1a0">
         <name>int23</name>
         <value>0xfec8</value>
         <object_component_ref idref="oc-48"/>
      </symbol>
      <symbol id="sm-1a1">
         <name>int22</name>
         <value>0xfec0</value>
         <object_component_ref idref="oc-48"/>
      </symbol>
      <symbol id="sm-1a2">
         <name>int25</name>
         <value>0xfed8</value>
         <object_component_ref idref="oc-48"/>
      </symbol>
      <symbol id="sm-1a3">
         <name>int24</name>
         <value>0xfed0</value>
         <object_component_ref idref="oc-48"/>
      </symbol>
      <symbol id="sm-1a4">
         <name>int27</name>
         <value>0xfee8</value>
         <object_component_ref idref="oc-48"/>
      </symbol>
      <symbol id="sm-1a5">
         <name>int26</name>
         <value>0xfee0</value>
         <object_component_ref idref="oc-48"/>
      </symbol>
      <symbol id="sm-1a6">
         <name>int19</name>
         <value>0xfea8</value>
         <object_component_ref idref="oc-48"/>
      </symbol>
      <symbol id="sm-1a7">
         <name>int18</name>
         <value>0xfea0</value>
         <object_component_ref idref="oc-48"/>
      </symbol>
      <symbol id="sm-1a8">
         <name>int11</name>
         <value>0xfe68</value>
         <object_component_ref idref="oc-48"/>
      </symbol>
      <symbol id="sm-1a9">
         <name>int10</name>
         <value>0xfe60</value>
         <object_component_ref idref="oc-48"/>
      </symbol>
      <symbol id="sm-1aa">
         <name>int13</name>
         <value>0xfe78</value>
         <object_component_ref idref="oc-48"/>
      </symbol>
      <symbol id="sm-1ab">
         <name>int12</name>
         <value>0xfe70</value>
         <object_component_ref idref="oc-48"/>
      </symbol>
      <symbol id="sm-1ac">
         <name>int15</name>
         <value>0xfe88</value>
         <object_component_ref idref="oc-48"/>
      </symbol>
      <symbol id="sm-1ad">
         <name>int14</name>
         <value>0xfe80</value>
         <object_component_ref idref="oc-48"/>
      </symbol>
      <symbol id="sm-1ae">
         <name>int17</name>
         <value>0xfe98</value>
         <object_component_ref idref="oc-48"/>
      </symbol>
      <symbol id="sm-1af">
         <name>int16</name>
         <value>0xfe90</value>
         <object_component_ref idref="oc-48"/>
      </symbol>
      <symbol id="sm-1b9">
         <name>__addd</name>
         <value>0x145d</value>
         <object_component_ref idref="oc-4c"/>
      </symbol>
      <symbol id="sm-1c5">
         <name>__sysstack</name>
         <value>0x76c0</value>
         <object_component_ref idref="oc-ef"/>
      </symbol>
      <symbol id="sm-1c6">
         <name>_c_int00</name>
         <value>0x3542</value>
         <object_component_ref idref="oc-13"/>
      </symbol>
      <symbol id="sm-1c7">
         <name>__stack</name>
         <value>0x36c0</value>
         <object_component_ref idref="oc-50"/>
      </symbol>
      <symbol id="sm-1d1">
         <name>__eqld</name>
         <value>0x1a61</value>
         <object_component_ref idref="oc-54"/>
      </symbol>
      <symbol id="sm-1d2">
         <name>__cmpd</name>
         <value>0x1a95</value>
         <object_component_ref idref="oc-54"/>
      </symbol>
      <symbol id="sm-1d3">
         <name>__neqd</name>
         <value>0x1903</value>
         <object_component_ref idref="oc-54"/>
      </symbol>
      <symbol id="sm-1d4">
         <name>__gtrd</name>
         <value>0x19cc</value>
         <object_component_ref idref="oc-54"/>
      </symbol>
      <symbol id="sm-1d5">
         <name>__geqd</name>
         <value>0x1a17</value>
         <object_component_ref idref="oc-54"/>
      </symbol>
      <symbol id="sm-1d6">
         <name>__leqd</name>
         <value>0x197f</value>
         <object_component_ref idref="oc-54"/>
      </symbol>
      <symbol id="sm-1d7">
         <name>__lssd</name>
         <value>0x1937</value>
         <object_component_ref idref="oc-54"/>
      </symbol>
      <symbol id="sm-1e3">
         <name>__divd</name>
         <value>0x7b5</value>
         <object_component_ref idref="oc-58"/>
      </symbol>
      <symbol id="sm-1ed">
         <name>__divli</name>
         <value>0x33d6</value>
         <object_component_ref idref="oc-5c"/>
      </symbol>
      <symbol id="sm-1f8">
         <name>__divul</name>
         <value>0x2d4c</value>
         <object_component_ref idref="oc-60"/>
      </symbol>
      <symbol id="sm-208">
         <name>C$$EXIT</name>
         <value>0x3695</value>
         <object_component_ref idref="oc-68"/>
      </symbol>
      <symbol id="sm-209">
         <name>_exit</name>
         <value>0x345d</value>
         <object_component_ref idref="oc-64"/>
      </symbol>
      <symbol id="sm-20a">
         <name>_abort</name>
         <value>0x3694</value>
         <object_component_ref idref="oc-68"/>
      </symbol>
      <symbol id="sm-20b">
         <name>__cleanup_ptr</name>
         <value>0x9154</value>
         <object_component_ref idref="oc-65"/>
      </symbol>
      <symbol id="sm-20c">
         <name>__dtors_ptr</name>
         <value>0x9158</value>
         <object_component_ref idref="oc-65"/>
      </symbol>
      <symbol id="sm-216">
         <name>__fixdi</name>
         <value>0x3576</value>
         <object_component_ref idref="oc-6b"/>
      </symbol>
      <symbol id="sm-220">
         <name>__fixdli</name>
         <value>0x3136</value>
         <object_component_ref idref="oc-6f"/>
      </symbol>
      <symbol id="sm-22a">
         <name>__fltid</name>
         <value>0x3688</value>
         <object_component_ref idref="oc-73"/>
      </symbol>
      <symbol id="sm-236">
         <name>__fltlid</name>
         <value>0x327c</value>
         <object_component_ref idref="oc-77"/>
      </symbol>
      <symbol id="sm-242">
         <name>__fltuld</name>
         <value>0x32e3</value>
         <object_component_ref idref="oc-7c"/>
      </symbol>
      <symbol id="sm-24c">
         <name>__frcmpyd_div</name>
         <value>0x2f70</value>
         <object_component_ref idref="oc-81"/>
      </symbol>
      <symbol id="sm-254">
         <name>__mpyli</name>
         <value>0x35ee</value>
         <object_component_ref idref="oc-85"/>
      </symbol>
      <symbol id="sm-255">
         <name>I$$LMPY</name>
         <value>0x35ee</value>
         <object_component_ref idref="oc-85"/>
      </symbol>
      <symbol id="sm-25d">
         <name>_memcpy</name>
         <value>0x341e</value>
         <object_component_ref idref="oc-89"/>
      </symbol>
      <symbol id="sm-26d">
         <name>__sys_memory</name>
         <value>0x56c0</value>
         <object_component_ref idref="oc-91"/>
      </symbol>
      <symbol id="sm-26e">
         <name>_chkheap</name>
         <value>0x787</value>
         <object_component_ref idref="oc-8d"/>
      </symbol>
      <symbol id="sm-26f">
         <name>_realloc</name>
         <value>0x526</value>
         <object_component_ref idref="oc-8d"/>
      </symbol>
      <symbol id="sm-270">
         <name>_free_memory</name>
         <value>0x731</value>
         <object_component_ref idref="oc-8d"/>
      </symbol>
      <symbol id="sm-271">
         <name>_max_free</name>
         <value>0x6d7</value>
         <object_component_ref idref="oc-8d"/>
      </symbol>
      <symbol id="sm-272">
         <name>_free</name>
         <value>0x300</value>
         <object_component_ref idref="oc-8d"/>
      </symbol>
      <symbol id="sm-273">
         <name>_calloc</name>
         <value>0x78f</value>
         <object_component_ref idref="oc-8d"/>
      </symbol>
      <symbol id="sm-274">
         <name>_malloc</name>
         <value>0x431</value>
         <object_component_ref idref="oc-8d"/>
      </symbol>
      <symbol id="sm-275">
         <name>_minit</name>
         <value>0x3cc</value>
         <object_component_ref idref="oc-8d"/>
      </symbol>
      <symbol id="sm-27f">
         <name>_memset</name>
         <value>0x3613</value>
         <object_component_ref idref="oc-94"/>
      </symbol>
      <symbol id="sm-289">
         <name>__mpyd</name>
         <value>0x25ef</value>
         <object_component_ref idref="oc-98"/>
      </symbol>
      <symbol id="sm-293">
         <name>__negd</name>
         <value>0x3624</value>
         <object_component_ref idref="oc-9c"/>
      </symbol>
      <symbol id="sm-29d">
         <name>__subd</name>
         <value>0x35da</value>
         <object_component_ref idref="oc-a0"/>
      </symbol>
      <symbol id="sm-2a7">
         <name>_Reset</name>
         <value>0xc0</value>
         <object_component_ref idref="oc-14"/>
      </symbol>
      <symbol id="sm-2b5">
         <name>__unlock</name>
         <value>0x9150</value>
         <object_component_ref idref="oc-a9"/>
      </symbol>
      <symbol id="sm-2b6">
         <name>__lock</name>
         <value>0x914c</value>
         <object_component_ref idref="oc-a9"/>
      </symbol>
      <symbol id="sm-2b7">
         <name>__register_lock</name>
         <value>0x3609</value>
         <object_component_ref idref="oc-a8"/>
      </symbol>
      <symbol id="sm-2b8">
         <name>__nop</name>
         <value>0x3611</value>
         <object_component_ref idref="oc-a8"/>
      </symbol>
      <symbol id="sm-2b9">
         <name>__register_unlock</name>
         <value>0x3601</value>
         <object_component_ref idref="oc-a8"/>
      </symbol>
      <symbol id="sm-2c3">
         <name>__args_main</name>
         <value>0x338b</value>
         <object_component_ref idref="oc-ae"/>
      </symbol>
      <symbol id="sm-2c4">
         <name>__TI_args_main</name>
         <value>0x1</value>
      </symbol>
      <symbol id="sm-2cc">
         <name>_auto_init</name>
         <value>0x333e</value>
         <object_component_ref idref="oc-b2"/>
      </symbol>
      <symbol id="sm-2d6">
         <name>__frcmpyd</name>
         <value>0x2efa</value>
         <object_component_ref idref="oc-b6"/>
      </symbol>
      <symbol id="sm-2e5">
         <name>_EZDSP5502_init</name>
         <value>0x311d</value>
         <object_component_ref idref="oc-ba"/>
      </symbol>
      <symbol id="sm-2e6">
         <name>_EZDSP5502_wait</name>
         <value>0x30d7</value>
         <object_component_ref idref="oc-ba"/>
      </symbol>
      <symbol id="sm-2e7">
         <name>_EZDSP5502_waitusec</name>
         <value>0x310b</value>
         <object_component_ref idref="oc-ba"/>
      </symbol>
      <symbol id="sm-2f8">
         <name>_EZDSP5502_I2C_write</name>
         <value>0x31cc</value>
         <object_component_ref idref="oc-bf"/>
      </symbol>
      <symbol id="sm-2f9">
         <name>_EZDSP5502_I2C_read</name>
         <value>0x31ee</value>
         <object_component_ref idref="oc-bf"/>
      </symbol>
      <symbol id="sm-2fa">
         <name>_EZDSP5502_I2C_reset</name>
         <value>0x31c2</value>
         <object_component_ref idref="oc-bf"/>
      </symbol>
      <symbol id="sm-2fb">
         <name>_EZDSP5502_I2C_init</name>
         <value>0x31a5</value>
         <object_component_ref idref="oc-bf"/>
      </symbol>
      <symbol id="sm-30b">
         <name>_EZDSP5502_I2CGPIO_readLine</name>
         <value>0x24f4</value>
         <object_component_ref idref="oc-c4"/>
      </symbol>
      <symbol id="sm-30c">
         <name>_EZDSP5502_I2CGPIO_writeLine</name>
         <value>0x2525</value>
         <object_component_ref idref="oc-c4"/>
      </symbol>
      <symbol id="sm-30d">
         <name>_EZDSP5502_I2CGPIO_read</name>
         <value>0x2578</value>
         <object_component_ref idref="oc-c4"/>
      </symbol>
      <symbol id="sm-30e">
         <name>_EZDSP5502_I2CGPIO_write</name>
         <value>0x25c5</value>
         <object_component_ref idref="oc-c4"/>
      </symbol>
      <symbol id="sm-30f">
         <name>_EZDSP5502_I2CGPIO_configLine</name>
         <value>0x24a1</value>
         <object_component_ref idref="oc-c4"/>
      </symbol>
      <symbol id="sm-328">
         <name>_EZDSP5502_MCBSP_write</name>
         <value>0x2b8d</value>
         <object_component_ref idref="oc-c9"/>
      </symbol>
      <symbol id="sm-329">
         <name>_EZDSP5502_MCBSP_init</name>
         <value>0x2b37</value>
         <object_component_ref idref="oc-c9"/>
      </symbol>
      <symbol id="sm-32a">
         <name>_EZDSP5502_MCBSP_read</name>
         <value>0x2bbd</value>
         <object_component_ref idref="oc-c9"/>
      </symbol>
      <symbol id="sm-32b">
         <name>_aicMcbsp</name>
         <value>0x915c</value>
         <object_component_ref idref="oc-ca"/>
      </symbol>
      <symbol id="sm-32c">
         <name>_EZDSP5502_MCBSP_close</name>
         <value>0x2b7b</value>
         <object_component_ref idref="oc-c9"/>
      </symbol>
      <symbol id="sm-330">
         <name>__CSL_init</name>
         <value>0x3654</value>
         <object_component_ref idref="oc-cf"/>
      </symbol>
      <symbol id="sm-336">
         <name>_CSL5502_LIB_</name>
         <value>0x36ac</value>
         <object_component_ref idref="oc-d0"/>
      </symbol>
      <symbol id="sm-337">
         <name>_CSL_init</name>
         <value>0x3664</value>
         <object_component_ref idref="oc-d1"/>
      </symbol>
      <symbol id="sm-33d">
         <name>_CSL_SysData</name>
         <value>0x8f88</value>
         <object_component_ref idref="oc-d3"/>
      </symbol>
      <symbol id="sm-341">
         <name>_DMA_config</name>
         <value>0x286c</value>
         <object_component_ref idref="oc-d4"/>
      </symbol>
      <symbol id="sm-346">
         <name>_DMA_open</name>
         <value>0x2a6c</value>
         <object_component_ref idref="oc-d5"/>
      </symbol>
      <symbol id="sm-34a">
         <name>_DMA_reset</name>
         <value>0x1af0</value>
         <object_component_ref idref="oc-d6"/>
      </symbol>
      <symbol id="sm-34e">
         <name>_I2C_config</name>
         <value>0x2fe4</value>
         <object_component_ref idref="oc-d7"/>
      </symbol>
      <symbol id="sm-356">
         <name>_I2C_read</name>
         <value>0x2344</value>
         <object_component_ref idref="oc-d8"/>
      </symbol>
      <symbol id="sm-360">
         <name>_I2C_write</name>
         <value>0x203c</value>
         <object_component_ref idref="oc-d9"/>
      </symbol>
      <symbol id="sm-364">
         <name>_IRQ_clear</name>
         <value>0x349c</value>
         <object_component_ref idref="oc-da"/>
      </symbol>
      <symbol id="sm-368">
         <name>_IRQ_disable</name>
         <value>0x3058</value>
         <object_component_ref idref="oc-db"/>
      </symbol>
      <symbol id="sm-36c">
         <name>_IRQ_enable</name>
         <value>0x3214</value>
         <object_component_ref idref="oc-dc"/>
      </symbol>
      <symbol id="sm-370">
         <name>_IRQ_globalDisable</name>
         <value>0x3634</value>
         <object_component_ref idref="oc-dd"/>
      </symbol>
      <symbol id="sm-374">
         <name>_IRQ_globalEnable</name>
         <value>0x3644</value>
         <object_component_ref idref="oc-de"/>
      </symbol>
      <symbol id="sm-378">
         <name>_IRQ_globalRestore</name>
         <value>0x3670</value>
         <object_component_ref idref="oc-df"/>
      </symbol>
      <symbol id="sm-37c">
         <name>_IRQ_plug</name>
         <value>0x2ded</value>
         <object_component_ref idref="oc-e0"/>
      </symbol>
      <symbol id="sm-380">
         <name>_IRQ_setVecs</name>
         <value>0x34d4</value>
         <object_component_ref idref="oc-e1"/>
      </symbol>
      <symbol id="sm-384">
         <name>_MCBSP_config</name>
         <value>0x273c</value>
         <object_component_ref idref="oc-e2"/>
      </symbol>
      <symbol id="sm-388">
         <name>_MCBSP_close</name>
         <value>0x350c</value>
         <object_component_ref idref="oc-e3"/>
      </symbol>
      <symbol id="sm-38d">
         <name>_MCBSP_open</name>
         <value>0x297c</value>
         <object_component_ref idref="oc-e4"/>
      </symbol>
      <symbol id="sm-391">
         <name>_MCBSP_read16</name>
         <value>0x369c</value>
         <object_component_ref idref="oc-e5"/>
      </symbol>
      <symbol id="sm-395">
         <name>_MCBSP_reset</name>
         <value>0x11fc</value>
         <object_component_ref idref="oc-e6"/>
      </symbol>
      <symbol id="sm-399">
         <name>_MCBSP_start</name>
         <value>0x2e78</value>
         <object_component_ref idref="oc-e7"/>
      </symbol>
      <symbol id="sm-39d">
         <name>_MCBSP_write16</name>
         <value>0x36a4</value>
         <object_component_ref idref="oc-e8"/>
      </symbol>
      <symbol id="sm-3a1">
         <name>_PLL_config</name>
         <value>0x2bf4</value>
         <object_component_ref idref="oc-e9"/>
      </symbol>
      <symbol id="sm-3a5">
         <name>_PLL_setFreq</name>
         <value>0x2ca4</value>
         <object_component_ref idref="oc-ea"/>
      </symbol>
      <symbol id="sm-3ab">
         <name>_CSL_DmaData</name>
         <value>0x8dc0</value>
         <object_component_ref idref="oc-ec"/>
      </symbol>
      <symbol id="sm-3b1">
         <name>_CSL_McbspData</name>
         <value>0x8ebc</value>
         <object_component_ref idref="oc-ee"/>
      </symbol>
   </symbol_table>
</link_info>
