******************************************************************************
              TMS320C55x Linker PC v4.4.1                      
******************************************************************************
>> Linked Sat Feb 01 19:50:27 2025

OUTPUT FILE NAME:   <FINAL - Teste02.out>
ENTRY POINT SYMBOL: "_c_int00"  address: 00006d98


MEMORY CONFIGURATION

         name            origin    length      used     unused   attr    fill
                        (bytes)   (bytes)    (bytes)   (bytes)
----------------------  --------  ---------  --------  --------  ----  --------
  MMR                   00000000   000000c0  00000000  000000c0  RW  
  DARAM                 000000c0   0000ff40  0000d23b  00002d05  RW  
  SARAM                 00030000   0001e000  00000000  0001e000  RW  
  SAROM_0               00fe0000   00008000  00000000  00008000  R  X
  SAROM_1               00fe8000   00008000  00000000  00008000  R  X
  SAROM_2               00ff0000   00008000  00000000  00008000  R  X
  SAROM_3               00ff8000   00008000  00000000  00008000  R  X


SECTION ALLOCATION MAP
(Addresses surrounded by []'s are displayed for convenience only!)

output                                                          attributes/
section   page  orgn(bytes) orgn(words) len(bytes) len(words)   input sections
--------  ----  ----------- ----------- ---------- ----------   --------------
.text        0     000000c0  [ 00000060 ] 00006e25          *   
                   000000c0  [ 00000060 ] 000015a4          *   rts55x.lib : _printfi.obj (.text)
                   00001664  [ 00000b32 ] 00000edb          *              : _scanfi.obj (.text)
                   0000253f  [ 0000129f+] 00000543          *              : lowlev.obj (.text)
                   00002a82  [ 00001541 ] 00000528          *              : trgdrv.obj (.text)
                   00002faa  [ 000017d5 ] 000004b5          *              : memory.obj (.text)
                   0000345f  [ 00001a2f+] 000003cc          *              : divd.obj (.text)
                   0000382b  [ 00001c15+] 000003b9          *   main.obj (.text)
                   00003be4  [ 00001df2 ] 00000301          *   rts55x.lib : strtoll.obj (.text)
                   00003ee5  [ 00001f72+] 000002bd          *              : strtod.obj (.text)
                   000041a2  [ 000020d1 ] 0000029f          *              : strtold.obj (.text)
                   00004441  [ 00002220+] 0000027f          *              : fopen.obj (.text)
                   000046c0  [ 00002360 ] 0000025e          *              : llmpy.obj (.text)
                   0000491e  [ 0000248f ] 0000025a          *              : addd.obj (.text)
                   00004b78  [ 000025bc ] 0000024b          *              : strtoull.obj (.text)
                   00004dc3  [ 000026e1+] 00000218          *   flanger.obj (.text)
                   00004fdb  [ 000027ed+] 00000208          *   rts55x.lib : strtol.obj (.text)
                   000051e3  [ 000028f1+] 000001f2          *              : sin.obj (.text)
                   000053d5  [ 000029ea+] 000001ee          *              : fwrite.obj (.text)
                   000055c3  [ 00002ae1+] 000001ea          *              : cmpd.obj (.text)
                   000057ad  [ 00002bd6+] 000001d1          *              : strtoul.obj (.text)
                   0000597e  [ 00002cbf ] 00000163          *              : fputs.obj (.text)
                   00005ae1  [ 00002d70+] 00000161          *              : fscanf.obj (.text)
                   00005c42  [ 00002e21 ] 0000014c          *              : mpyd.obj (.text)
                   00005d8e  [ 00002ec7 ] 0000010f          *              : fread.obj (.text)
                   00005e9d  [ 00002f4e+] 000000e6          *              : setvbuf.obj (.text)
                   00005f83  [ 00002fc1+] 000000dd          *              : _io_perm.obj (.text)
                   00006060  [ 00003030 ] 000000c2          *              : fflush.obj (.text)
                   00006122  [ 00003091 ] 000000bf          *              : modf.obj (.text)
                   000061e1  [ 000030f0+] 000000ba          *              : trgmsg.obj (.text:CIO_breakpoint)
                   0000629b  [ 0000314d+] 000000ae          *              : _bufread.obj (.text)
                   00006349  [ 000031a4+] 000000a6          *              : fputc.obj (.text)
                   000063ef  [ 000031f7+] 000000a2          *              : floor.obj (.text)
                   00006491  [ 00003248+] 000000a1          *              : divul.obj (.text)
                   00006532  [ 00003299 ] 0000009b          *              : fgetc.obj (.text)
                   000065cd  [ 000032e6+] 0000009a          *              : ungetc.obj (.text)
                   00006667  [ 00003333+] 0000007d          *              : ltoa.obj (.text)
                   000066e4  [ 00003372 ] 0000007b          *              : fclose.obj (.text)
                   0000675f  [ 000033af+] 00000076          *              : frcmpyd.obj (.text)
                   000067d5  [ 000033ea+] 00000073          *              : frcmpyd_div.obj (.text)
                   00006848  [ 00003424 ] 00000072          *              : remul.obj (.text)
                   000068ba  [ 0000345d ] 0000006f          *              : fixdli.obj (.text)
                   00006929  [ 00003494+] 0000006d          *              : trgmsg.obj (.text)
                   00006996  [ 000034cb ] 0000006b          *              : fseek.obj (.text)
                   00006a01  [ 00003500+] 00000067          *              : fltlid.obj (.text)
                   00006a68  [ 00003534 ] 0000005f          *              : round.obj (.text)
                   00006ac7  [ 00003563+] 0000005c          *              : atoi.obj (.text)
                   00006b23  [ 00003591+] 00000050          *              : printf.obj (.text)
                   00006b73  [ 000035b9+] 0000004d          *              : autoinit.obj (.text)
                   00006bc0  [ 000035e0 ] 0000004b          *              : args_main.obj (.text)
                   00006c0b  [ 00003605+] 0000004b          *              : remli.obj (.text)
                   00006c56  [ 0000362b ] 00000048          *              : divli.obj (.text)
                   00006c9e  [ 0000364f ] 00000041          *              : trunc.obj (.text)
                   00006cdf  [ 0000366f+] 0000003f          *              : memcpy.obj (.text)
                   00006d1e  [ 0000368f ] 0000003e          *              : exit.obj (.text)
                   00006d5c  [ 000036ae ] 0000003c          *              : idiv.obj (.text)
                   00006d98  [ 000036cc ] 00000034          *              : boot.obj (.text)
                   00006dcc  [ 000036e6 ] 0000002a          *              : fixdi.obj (.text)
                   00006df6  [ 000036fb ] 0000002a          *              : udiv.obj (.text)
                   00006e20  [ 00003710 ] 00000023          *              : memccpy.obj (.text)
                   00006e43  [ 00003721+] 0000001a          *              : isinf.obj (.text)
                   00006e5d  [ 0000372e+] 00000014          *              : subd.obj (.text)
                   00006e71  [ 00003738+] 00000013          *              : lmpy.obj (.text)
                   00006e84  [ 00003742 ] 00000012          *              : _lock.obj (.text)
                   00006e96  [ 0000374b ] 00000011          *              : memset.obj (.text)
                   00006ea7  [ 00003753+] 00000010          *              : negd.obj (.text)
                   00006eb7  [ 0000375b+] 0000000e          *              : rewind.obj (.text)
                   00006ec5  [ 00003762+] 0000000c          *              : fltid.obj (.text)
                   00006ed1  [ 00003768+] 0000000a          *              : remove.obj (.text)
                   00006edb  [ 0000376d+] 00000007          *              : exit.obj (.text:CIO_breakpoint)
                   00006ee2  [ 00003771 ] 00000002          *              : vectors.obj (.text)
                   00006ee4  [ 00003772 ] 00000001          *   --HOLE-- [fill = 20]

.data        0   [ 000000c0 ]  00000060          *   00000000   UNINITIALIZED

.stack       0   [ 00006ee8 ]  00003774          *   00001000   UNINITIALIZED
                 [ 00006ee8 ]  00003774          *   00001000   --HOLE--

.sysmem      0   [ 00008ee8 ]  00004774          *   00001000   UNINITIALIZED
                 [ 00008ee8 ]  00004774          *   00001000   --HOLE--

.sysstack 
*            0   [ 0000aee8 ]  00005774          *   00000800   UNINITIALIZED
                 [ 0000aee8 ]  00005774          *   00000800   --HOLE--

.bss         0   [ 0000bee8 ]  00005f74          *   0000049e   UNINITIALIZED
                 [ 0000bee8 ]  00005f74          *   0000022c   main.obj (.bss)
                 [ 0000c340 ]  000061a0          *   00000119   rts55x.lib : defs.obj (.bss)
                 [ 0000c572 ]  000062b9          *   000000d0              : trgdrv.obj (.bss)
                 [ 0000c712 ]  00006389          *   00000001              : errno.obj (.bss)
                 [ 0000c714 ]  0000638a          *   00000071              : lowlev.obj (.bss)
                 [ 0000c7f6 ]  000063fb          *   00000001              : fopen.obj (.bss)
                 [ 0000c7f8 ]  000063fc          *   00000008              : sin.obj (.bss)
                 [ 0000c808 ]  00006404          *   00000006              : memory.obj (.bss)
                 [ 0000c814 ]  0000640a          *   00000004              : _lock.obj (.bss)
                 [ 0000c81c ]  0000640e          *   00000004              : exit.obj (.bss)

.const       0   [ 0000c824 ]  00006412          *   0000034a   
                 [ 0000c824 ]  00006412          *   00000142   main.obj (.const:.string)
                 [ 0000caa8 ]  00006554          *   00000101   rts55x.lib : ctype.obj (.const:__ctypes_)
                 [ 0000ccaa ]  00006655          *   00000001   --HOLE-- [fill = 0]
                 [ 0000ccac ]  00006656          *   0000002c   flanger.obj (.const:.string)
                 [ 0000cd04 ]  00006682          *   00000024   rts55x.lib : _printfi.obj (.const:.string)
                 [ 0000cd4c ]  000066a6          *   00000014              : strtod.obj (.const:_digits)
                 [ 0000cd74 ]  000066ba          *   00000014              : strtold.obj (.const:_digits)
                 [ 0000cd9c ]  000066ce          *   00000014              : sin.obj (.const)
                 [ 0000cdc4 ]  000066e2          *   0000000c              : strtod.obj (.const:_powerof10)
                 [ 0000cddc ]  000066ee          *   0000000c              : strtold.obj (.const:_powerof10)
                 [ 0000cdf4 ]  000066fa          *   0000000c              : _printfi.obj (.const)
                 [ 0000ce0c ]  00006706          *   0000000a   flanger.obj (.const)
                 [ 0000ce20 ]  00006710          *   00000008   rts55x.lib : divd.obj (.const:_initial_approx$1)
                 [ 0000ce30 ]  00006718          *   00000008   main.obj (.const)
                 [ 0000ce40 ]  00006720          *   00000008   rts55x.lib : floor.obj (.const)
                 [ 0000ce50 ]  00006728          *   00000008              : round.obj (.const)
                 [ 0000ce60 ]  00006730          *   00000008              : strtod.obj (.const)
                 [ 0000ce70 ]  00006738          *   00000008              : strtold.obj (.const)
                 [ 0000ce80 ]  00006740          *   00000007              : _scanfi.obj (.const:_flit$1)
                 [ 0000ce8e ]  00006747          *   00000006              : _scanfi.obj (.const:_barr$2)
                 [ 0000ce9a ]  0000674d          *   00000001   --HOLE-- [fill = 0]
                 [ 0000ce9c ]  0000674e          *   00000006              : modf.obj (.const)
                 [ 0000cea8 ]  00006754          *   00000004              : trunc.obj (.const)
                 [ 0000ceb0 ]  00006758          *   00000002              : fputs.obj (.const:.string)
                 [ 0000ceb4 ]  0000675a          *   00000002              : fltlid.obj (.const)

.cio         0   [ 0000ceb8 ]  0000675c          *   00000120   UNINITIALIZED
                 [ 0000ceb8 ]  0000675c          *   00000120   rts55x.lib : trgmsg.obj (.cio)

.cinit       0   [ 0000d0f8 ]  0000687c          *   00000083   
                 [ 0000d0f8 ]  0000687c          *   0000002d   rts55x.lib : lowlev.obj (.cinit)
                 [ 0000d152 ]  000068a9          *   0000002a              : defs.obj (.cinit)
                 [ 0000d1a6 ]  000068d3          *   0000000b              : sin.obj (.cinit)
                 [ 0000d1bc ]  000068de          *   0000000a              : _lock.obj (.cinit)
                 [ 0000d1d0 ]  000068e8          *   0000000a              : exit.obj (.cinit)
                 [ 0000d1e4 ]  000068f2          *   00000004              : errno.obj (.cinit)
                 [ 0000d1ec ]  000068f6          *   00000004              : fopen.obj (.cinit)
                 [ 0000d1f4 ]  000068fa          *   00000004              : memory.obj (.cinit)
                 [ 0000d1fc ]  000068fe          *   00000001   --HOLE-- [fill = 0]

vectors      0     0000d200  [ 00006900 ] 00000100          *   NOLOAD SECTION
                   0000d200  [ 00006900 ] 00000100          *   rts55x.lib : vectors.obj (vectors)


GLOBAL SYMBOLS: SORTED ALPHABETICALLY BY Name 

abs. value/
byte addr   word addr   name
---------   ---------   ----
00000002                $TI_capability$C5500$CallingConvention
00000002                $TI_capability$C5500$MemoryModel
00000001                $TI_capability_requires_rev2
            00005f74    .bss
            00000060    .data
000000c0                .text
00006edc                C$$EXIT
00006296                C$$IO$$
00006d5c                I$$DIV
00006e71                I$$LMPY
00006d7b                I$$MOD
00006df6                I$$UDIV
00006e0b                I$$UMOD
00002f4c                _HOSTclock
00002ee1                _HOSTclose
00002e2c                _HOSTlseek
00002d8d                _HOSTopen
00002d00                _HOSTread
00002c52                _HOSTrename
00002bf4                _HOSTtime
00002b8a                _HOSTunlink
00002afd                _HOSTwrite
0000d200                _Reset
            0000675c    __CIOBUF_
            00004774    __STACK_END
00002000                __STACK_SIZE
00002000                __SYSMEM_SIZE
00001000                __SYSSTACK_SIZE
00000001                __TI_args_main
ffffffff                ___binit__
            00005f74    ___bss__
ffffffff                ___c_args__
            0000687c    ___cinit__
            00000060    ___data__
            00000060    ___edata__
            00006412    ___end__
00006ee5                ___etext__
00006e43                ___isinf
ffffffff                ___pinit__
000000c0                ___text__
0000491e                __addd
00006bc0                __args_main
0000629b                __buff_read
00004562                __cleanup
            0000640e    __cleanup_ptr
00005755                __cmpd
            00006554    __ctypes_
0000345f                __divd
00006d5c                __divi
00006c56                __divli
000048e9                __divlli
00006df6                __divu
00006491                __divul
000047f5                __divull
00006060                __doflush
            00006410    __dtors_ptr
00005721                __eqld
00006dcc                __fixdi
000068ba                __fixdli
00006ec5                __fltid
00006a01                __fltlid
0000675f                __frcmpyd
000067d5                __frcmpyd_div
            000062b8    __ft_end
            000061a0    __ftable
000056d7                __geqd
0000568c                __gtrd
0000563f                __leqd
            0000640a    __lock
000055f7                __lssd
00005c42                __mpyd
00006e71                __mpyli
0000473d                __mpylli
00006ea7                __negd
000055c3                __neqd
00006e94                __nop
00006a68                __nround
00001422                __printfi
00006003                __rd_ok
00006e8c                __register_lock
00006e84                __register_unlock
00006d7b                __remi
00006c0b                __remli
0000470e                __remlli
00006e0b                __remu
00006848                __remul
000046c0                __remull
00002037                __scanfi
            00003774    __stack
00006e5d                __subd
            00004774    __sys_memory
            00005774    __sysstack
            00006218    __tmpnams
00006c9e                __trunc
            0000640c    __unlock
00005f83                __wrt_ok
00006edb                _abort
00002992                _add_device
00004dc3                _apply_flanger
00006ac7                _atoi
00006b73                _auto_init
00006d98                _c_int00
00003439                _calloc
00003431                _chkheap
0000291f                _close
            00006389    _errno
00006d1e                _exit
000066e4                _fclose
000060c9                _fflush
00006532                _fgetc
00002916                _find_registered_device
000063ef                _floor
00004685                _fopen
00006349                _fputc
0000597e                _fputs
00005d8e                _fread
00002faa                _free
000033db                _free_memory
000045bc                _freopen
00005b1d                _fscanf
00006996                _fseek
000053d5                _fwrite
00006532                _getc
000065be                _getchar
00002a82                _getenv
000028b0                _lseek
00006667                _ltoa
0000382b                _main
000030db                _malloc
00003381                _max_free
00006e20                _memccpy
00006cdf                _memcpy
00006e96                _memset
00003076                _minit
00006122                _modf
000027f1                _open
00006b23                _printf
00006349                _putc
000063e0                _putchar
00005ab3                _puts
00002743                _read
00006929                _readmsg
000031d0                _realloc
00006ed1                _remove
0000270d                _remove_device
000026b4                _rename
00006eb7                _rewind
00005ae1                _scanf
00005e9d                _setvbuf
000051e3                _sin
00003ee5                _strtod
00004fdb                _strtol
000041a2                _strtold
00003be4                _strtoll
000057ad                _strtoul
00004b78                _strtoull
            00005f74    _temp
000065cd                _ungetc
00002681                _unlink
00003a54                _wHeader
            00006174    _waveHeader
0000253f                _write
000061e1                _writemsg
ffffffff                binit
            0000687c    cinit
            00000060    edata
            00006412    end
00006ee5                etext
ffffffff                pinit


GLOBAL SYMBOLS: SORTED BY Symbol Address 

abs. value/
byte addr   word addr   name
---------   ---------   ----
00000001                $TI_capability_requires_rev2
00000001                __TI_args_main
00000002                $TI_capability$C5500$CallingConvention
00000002                $TI_capability$C5500$MemoryModel
            00000060    .data
000000c0                .text
            00000060    ___data__
            00000060    ___edata__
000000c0                ___text__
            00000060    edata
00001000                __SYSSTACK_SIZE
00001422                __printfi
00002000                __STACK_SIZE
00002000                __SYSMEM_SIZE
00002037                __scanfi
0000253f                _write
00002681                _unlink
000026b4                _rename
0000270d                _remove_device
00002743                _read
000027f1                _open
000028b0                _lseek
00002916                _find_registered_device
0000291f                _close
00002992                _add_device
00002a82                _getenv
00002afd                _HOSTwrite
00002b8a                _HOSTunlink
00002bf4                _HOSTtime
00002c52                _HOSTrename
00002d00                _HOSTread
00002d8d                _HOSTopen
00002e2c                _HOSTlseek
00002ee1                _HOSTclose
00002f4c                _HOSTclock
00002faa                _free
00003076                _minit
000030db                _malloc
000031d0                _realloc
00003381                _max_free
000033db                _free_memory
00003431                _chkheap
00003439                _calloc
0000345f                __divd
0000382b                _main
00003a54                _wHeader
00003be4                _strtoll
00003ee5                _strtod
000041a2                _strtold
00004562                __cleanup
000045bc                _freopen
00004685                _fopen
000046c0                __remull
0000470e                __remlli
0000473d                __mpylli
000047f5                __divull
000048e9                __divlli
0000491e                __addd
00004b78                _strtoull
00004dc3                _apply_flanger
00004fdb                _strtol
000051e3                _sin
000053d5                _fwrite
000055c3                __neqd
000055f7                __lssd
0000563f                __leqd
0000568c                __gtrd
000056d7                __geqd
00005721                __eqld
00005755                __cmpd
000057ad                _strtoul
0000597e                _fputs
00005ab3                _puts
00005ae1                _scanf
00005b1d                _fscanf
00005c42                __mpyd
00005d8e                _fread
00005e9d                _setvbuf
00005f83                __wrt_ok
00006003                __rd_ok
00006060                __doflush
000060c9                _fflush
00006122                _modf
000061e1                _writemsg
00006296                C$$IO$$
0000629b                __buff_read
00006349                _fputc
00006349                _putc
000063e0                _putchar
000063ef                _floor
00006491                __divul
00006532                _fgetc
00006532                _getc
000065be                _getchar
000065cd                _ungetc
00006667                _ltoa
000066e4                _fclose
0000675f                __frcmpyd
000067d5                __frcmpyd_div
00006848                __remul
000068ba                __fixdli
00006929                _readmsg
00006996                _fseek
00006a01                __fltlid
00006a68                __nround
00006ac7                _atoi
00006b23                _printf
00006b73                _auto_init
00006bc0                __args_main
00006c0b                __remli
00006c56                __divli
00006c9e                __trunc
00006cdf                _memcpy
00006d1e                _exit
00006d5c                I$$DIV
00006d5c                __divi
00006d7b                I$$MOD
00006d7b                __remi
00006d98                _c_int00
00006dcc                __fixdi
00006df6                I$$UDIV
00006df6                __divu
00006e0b                I$$UMOD
00006e0b                __remu
00006e20                _memccpy
00006e43                ___isinf
00006e5d                __subd
00006e71                I$$LMPY
00006e71                __mpyli
00006e84                __register_unlock
00006e8c                __register_lock
00006e94                __nop
00006e96                _memset
00006ea7                __negd
00006eb7                _rewind
00006ec5                __fltid
00006ed1                _remove
00006edb                _abort
00006edc                C$$EXIT
00006ee5                ___etext__
00006ee5                etext
            00003774    __stack
            00004774    __STACK_END
            00004774    __sys_memory
            00005774    __sysstack
            00005f74    .bss
            00005f74    ___bss__
            00005f74    _temp
            00006174    _waveHeader
            000061a0    __ftable
            00006218    __tmpnams
            000062b8    __ft_end
            00006389    _errno
            0000640a    __lock
            0000640c    __unlock
            0000640e    __cleanup_ptr
            00006410    __dtors_ptr
            00006412    ___end__
            00006412    end
            00006554    __ctypes_
            0000675c    __CIOBUF_
            0000687c    ___cinit__
            0000687c    cinit
0000d200                _Reset
ffffffff                ___binit__
ffffffff                ___c_args__
ffffffff                ___pinit__
ffffffff                binit
ffffffff                pinit

[169 symbols]
